Component: ARM Compiler 5.06 update 6 (build 750) Tool: armlink [4d35ed]

==============================================================================

Section Cross References

    main.o(i.board_init) refers to misc.o(i.NVIC_PriorityGroupConfig) for NVIC_PriorityGroupConfig
    main.o(i.board_init) refers to delay.o(i.delay_init) for delay_init
    main.o(i.board_init) refers to usart.o(i.uart_init) for uart_init
    main.o(i.board_init) refers to led.o(i.led_init) for led_init
    main.o(i.fatal_blink_forever) refers to led.o(i.led_toggle) for led_toggle
    main.o(i.fatal_blink_forever) refers to delay.o(i.delay_ms) for delay_ms
    main.o(i.main) refers to main.o(i.board_init) for board_init
    main.o(i.main) refers to noretval__2printf.o(.text) for __2printf
    main.o(i.main) refers to app_env_monitor.o(i.app_env_monitor_start) for app_env_monitor_start
    main.o(i.main) refers to main.o(i.fatal_blink_forever) for fatal_blink_forever
    main.o(i.main) refers to tasks.o(i.vTaskStartScheduler) for vTaskStartScheduler
    app_env_monitor.o(i.app_env_monitor_start) refers to tasks.o(i.xTaskCreate) for xTaskCreate
    app_env_monitor.o(i.app_env_monitor_start) refers to app_env_monitor.o(i.env_monitor_task) for env_monitor_task
    app_env_monitor.o(i.env_monitor_calc_altitude_m) refers to fleqf.o(x$fpl$fleqf) for __aeabi_cfcmple
    app_env_monitor.o(i.env_monitor_calc_altitude_m) refers to fdiv.o(x$fpl$fdiv) for __aeabi_fdiv
    app_env_monitor.o(i.env_monitor_calc_altitude_m) refers to powf.o(i.powf) for powf
    app_env_monitor.o(i.env_monitor_calc_altitude_m) refers to faddsub_clz.o(x$fpl$frsb) for __aeabi_frsub
    app_env_monitor.o(i.env_monitor_calc_altitude_m) refers to fmul.o(x$fpl$fmul) for __aeabi_fmul
    app_env_monitor.o(i.env_monitor_calc_weekday) refers to app_env_monitor.o(.constdata) for offsets
    app_env_monitor.o(i.env_monitor_classify_page_from_accel) refers to frleqf.o(x$fpl$frleqf) for __aeabi_cfrcmple
    app_env_monitor.o(i.env_monitor_classify_page_from_accel) refers to fleqf.o(x$fpl$fleqf) for __aeabi_cfcmple
    app_env_monitor.o(i.env_monitor_days_in_month) refers to app_env_monitor.o(i.env_monitor_is_leap_year) for env_monitor_is_leap_year
    app_env_monitor.o(i.env_monitor_days_in_month) refers to app_env_monitor.o(.constdata) for days
    app_env_monitor.o(i.env_monitor_fetch_uart_line) refers to rt_memcpy_v6.o(.text) for __aeabi_memcpy
    app_env_monitor.o(i.env_monitor_fetch_uart_line) refers to usart.o(.data) for USART_RX_STA
    app_env_monitor.o(i.env_monitor_fetch_uart_line) refers to usart.o(.bss) for USART_RX_BUF
    app_env_monitor.o(i.env_monitor_handle_uart_command) refers to _printf_pad.o(.text) for _printf_pre_padding
    app_env_monitor.o(i.env_monitor_handle_uart_command) refers to _printf_percent.o(.ARM.Collect$$_printf_percent$$00000000) for _printf_percent
    app_env_monitor.o(i.env_monitor_handle_uart_command) refers to _printf_u.o(.ARM.Collect$$_printf_percent$$0000000A) for _printf_u
    app_env_monitor.o(i.env_monitor_handle_uart_command) refers to _printf_dec.o(.text) for _printf_int_dec
    app_env_monitor.o(i.env_monitor_handle_uart_command) refers to app_env_monitor.o(i.env_monitor_fetch_uart_line) for env_monitor_fetch_uart_line
    app_env_monitor.o(i.env_monitor_handle_uart_command) refers to app_env_monitor.o(i.env_monitor_parse_time_command) for env_monitor_parse_time_command
    app_env_monitor.o(i.env_monitor_handle_uart_command) refers to noretval__2printf.o(.text) for __2printf
    app_env_monitor.o(i.env_monitor_handle_uart_command) refers to ds3231.o(i.DS3231_Init) for DS3231_Init
    app_env_monitor.o(i.env_monitor_handle_uart_command) refers to ds3231.o(i.DS3231_SetTime) for DS3231_SetTime
    app_env_monitor.o(i.env_monitor_handle_uart_command) refers to ds3231.o(i.DS3231_GetTime) for DS3231_GetTime
    app_env_monitor.o(i.env_monitor_log_uart) refers to _printf_percent.o(.ARM.Collect$$_printf_percent$$00000000) for _printf_percent
    app_env_monitor.o(i.env_monitor_log_uart) refers to _printf_s.o(.ARM.Collect$$_printf_percent$$00000014) for _printf_s
    app_env_monitor.o(i.env_monitor_log_uart) refers to _printf_str.o(.text) for _printf_str
    app_env_monitor.o(i.env_monitor_log_uart) refers to app_env_monitor.o(i.env_monitor_page_text) for env_monitor_page_text
    app_env_monitor.o(i.env_monitor_log_uart) refers to noretval__2printf.o(.text) for __2printf
    app_env_monitor.o(i.env_monitor_log_uart) refers to app_env_monitor.o(i.format_time_hms) for format_time_hms
    app_env_monitor.o(i.env_monitor_log_uart) refers to app_env_monitor.o(i.format_tagged_signed_1) for format_tagged_signed_1
    app_env_monitor.o(i.env_monitor_log_uart) refers to app_env_monitor.o(i.format_tagged_unsigned_1) for format_tagged_unsigned_1
    app_env_monitor.o(i.env_monitor_log_uart) refers to fdiv.o(x$fpl$fdiv) for __aeabi_fdiv
    app_env_monitor.o(i.env_monitor_parse_time_command) refers to strlen.o(.text) for strlen
[...]
    x$fpl$fmul                               0x08005ce0   Section      258  fmul.o(x$fpl$fmul)
    x$fpl$fnaninf                            0x08005de2   Section      140  fnaninf.o(x$fpl$fnaninf)
    x$fpl$fretinf                            0x08005e6e   Section       10  fretinf.o(x$fpl$fretinf)
    x$fpl$frleqf                             0x08005e78   Section       98  frleqf.o(x$fpl$frleqf)
    x$fpl$frsb                               0x08005eda   Section       20  faddsub_clz.o(x$fpl$frsb)
    x$fpl$fsub                               0x08005ef0   Section      234  faddsub_clz.o(x$fpl$fsub)
    _fsub1                                   0x08005eff   Thumb Code     0  faddsub_clz.o(x$fpl$fsub)
    x$fpl$retnan                             0x08005fda   Section      100  retnan.o(x$fpl$retnan)
    x$fpl$scalbnf                            0x0800603e   Section       76  scalbnf.o(x$fpl$scalbnf)
    x$fpl$trapveneer                         0x0800608a   Section       48  trapv.o(x$fpl$trapveneer)
    .constdata                               0x080060ba   Section       24  app_env_monitor.o(.constdata)
    x$fpl$usenofp                            0x080060ba   Section        0  usenofp.o(x$fpl$usenofp)
    days                                     0x080060ba   Data          12  app_env_monitor.o(.constdata)
    offsets                                  0x080060c6   Data          12  app_env_monitor.o(.constdata)
    .constdata                               0x080060d2   Section     7832  oled.o(.constdata)
    .constdata                               0x08007f6a   Section       17  __printf_flags_ss_wp.o(.constdata)
    maptable                                 0x08007f6a   Data          17  __printf_flags_ss_wp.o(.constdata)
    .constdata                               0x08007f7c   Section      320  powf.o(.constdata)
    table                                    0x08007f7c   Data         128  powf.o(.constdata)
    powersof2to1over16top                    0x08007ffc   Data          64  powf.o(.constdata)
    powersof2to1over16bot                    0x0800803c   Data          64  powf.o(.constdata)
    powersof2to1over16all                    0x0800807c   Data          64  powf.o(.constdata)
    .conststring                             0x080080bc   Section       32  app_env_monitor.o(.conststring)
    .data                                    0x20000000   Section       32  app_env_monitor.o(.data)
    weekday                                  0x20000000   Data          32  app_env_monitor.o(.data)
    .data                                    0x20000020   Section       20  system_stm32f10x.o(.data)
    .data                                    0x20000034   Section       20  stm32f10x_rcc.o(.data)
    APBAHBPrescTable                         0x20000034   Data          16  stm32f10x_rcc.o(.data)
    ADCPrescTable                            0x20000044   Data           4  stm32f10x_rcc.o(.data)
    .data                                    0x20000048   Section        4  delay.o(.data)
    fac_us                                   0x20000048   Data           1  delay.o(.data)
    fac_ms                                   0x2000004a   Data           2  delay.o(.data)
    .data                                    0x2000004c   Section        6  usart.o(.data)
    .data                                    0x20000054   Section       64  tasks.o(.data)
    pxDelayedTaskList                        0x20000058   Data           4  tasks.o(.data)
    pxOverflowDelayedTaskList                0x2000005c   Data           4  tasks.o(.data)
    uxDeletedTasksWaitingCleanUp             0x20000060   Data           4  tasks.o(.data)
    uxCurrentNumberOfTasks                   0x20000064   Data           4  tasks.o(.data)
    xTickCount                               0x20000068   Data           4  tasks.o(.data)
    uxTopReadyPriority                       0x2000006c   Data           4  tasks.o(.data)
    xSchedulerRunning                        0x20000070   Data           4  tasks.o(.data)
    xPendedTicks                             0x20000074   Data           4  tasks.o(.data)
    xYieldPendings                           0x20000078   Data           4  tasks.o(.data)
    xNumOfOverflows                          0x2000007c   Data           4  tasks.o(.data)
    uxTaskNumber                             0x20000080   Data           4  tasks.o(.data)
    xNextTaskUnblockTime                     0x20000084   Data           4  tasks.o(.data)
    xIdleTaskHandles                         0x20000088   Data           4  tasks.o(.data)
    uxTopUsedPriority                        0x2000008c   Data           4  tasks.o(.data)
    uxSchedulerSuspended                     0x20000090   Data           4  tasks.o(.data)
    .data                                    0x20000094   Section       12  port.o(.data)
    uxCriticalNesting                        0x20000094   Data           4  port.o(.data)
    ucMaxSysCallPriority                     0x20000098   Data           1  port.o(.data)
    ulMaxPRIGROUPValue                       0x2000009c   Data           4  port.o(.data)
    .data                                    0x200000a0   Section       28  heap_4.o(.data)
    xStart                                   0x200000a0   Data           8  heap_4.o(.data)
    pxEnd                                    0x200000a8   Data           4  heap_4.o(.data)
    xFreeBytesRemaining                      0x200000ac   Data           4  heap_4.o(.data)
    xMinimumEverFreeBytesRemaining           0x200000b0   Data           4  heap_4.o(.data)
    xNumberOfSuccessfulAllocations           0x200000b4   Data           4  heap_4.o(.data)
    xNumberOfSuccessfulFrees                 0x200000b8   Data           4  heap_4.o(.data)
    .data                                    0x200000bc   Section       32  bmp280.o(.data)
    bmp280_addr                              0x200000bc   Data           1  bmp280.o(.data)
    dig_T1                                   0x200000be   Data           2  bmp280.o(.data)
    dig_T2                                   0x200000c0   Data           2  bmp280.o(.data)
    dig_T3                                   0x200000c2   Data           2  bmp280.o(.data)
    dig_P1                                   0x200000c4   Data           2  bmp280.o(.data)
    dig_P2                                   0x200000c6   Data           2  bmp280.o(.data)
    dig_P3                                   0x200000c8   Data           2  bmp280.o(.data)
    dig_P4                                   0x200000ca   Data           2  bmp280.o(.data)
    dig_P5                                   0x200000cc   Data           2  bmp280.o(.data)
    dig_P6                                   0x200000ce   Data           2  bmp280.o(.data)
    dig_P7                                   0x200000d0   Data           2  bmp280.o(.data)
    dig_P8                                   0x200000d2   Data           2  bmp280.o(.data)
    dig_P9                                   0x200000d4   Data           2  bmp280.o(.data)
    t_fine                                   0x200000d8   Data           4  bmp280.o(.data)
    .data                                    0x200000dc   Section        5  atk_ms6050.o(.data)
    g_atk_ms6050_last_device_id              0x200000dc   Data           1  atk_ms6050.o(.data)
    g_atk_ms6050_last_i2c_error_phase        0x200000dd   Data           1  atk_ms6050.o(.data)
    g_atk_ms6050_last_i2c_error_dir          0x200000de   Data           1  atk_ms6050.o(.data)
    g_atk_ms6050_last_i2c_error_reg          0x200000df   Data           1  atk_ms6050.o(.data)
    g_atk_ms6050_last_i2c_error_index        0x200000e0   Data           1  atk_ms6050.o(.data)
    .bss                                     0x200000e4   Section      200  usart.o(.bss)
    .bss                                     0x200001ac   Section      260  tasks.o(.bss)
    pxReadyTasksLists                        0x200001ac   Data         160  tasks.o(.bss)
    xDelayedTaskList1                        0x2000024c   Data          20  tasks.o(.bss)
    xDelayedTaskList2                        0x20000260   Data          20  tasks.o(.bss)
    xPendingReadyList                        0x20000274   Data          20  tasks.o(.bss)
    xTasksWaitingTermination                 0x20000288   Data          20  tasks.o(.bss)
    xSuspendedTaskList                       0x2000029c   Data          20  tasks.o(.bss)
    .bss                                     0x200002b0   Section     8192  heap_4.o(.bss)
    ucHeap                                   0x200002b0   Data        8192  heap_4.o(.bss)
    .bss                                     0x200022b0   Section     1280  oled.o(.bss)
    oled_page_buffer                         0x20002730   Data         128  oled.o(.bss)
    .bss                                     0x200027b0   Section       96  libspace.o(.bss)
    HEAP                                     0x20002810   Section      512  startup_stm32f10x_md.o(HEAP)
    Heap_Mem                                 0x20002810   Data         512  startup_stm32f10x_md.o(HEAP)
    STACK                                    0x20002a10   Section     1024  startup_stm32f10x_md.o(STACK)
    Stack_Mem                                0x20002a10   Data        1024  startup_stm32f10x_md.o(STACK)
    __initial_sp                             0x20002e10   Data           0  startup_stm32f10x_md.o(STACK)

    Global Symbols

    Symbol Name                              Value     Ov Type        Size  Object(Section)

    BuildAttributes$$THM_ISAv4$P$D$K$B$S$PE$A:L22UL41UL21$X:L11$S22US41US21$IEEE1$IW$USESV6$~STKCKD$USESV7$~SHL$OTIME$ROPI$IEEEX$EBA8$UX$STANDARDLIB$REQ8$PRES8$EABIv2 0x00000000   Number         0  anon$$obj.o ABSOLUTE
    __ARM_use_no_argv                        0x00000000   Number         0  main.o ABSOLUTE
    _printf_flags                            0x00000000   Number         0  printf_stubs.o ABSOLUTE
    _printf_return_value                     0x00000000   Number         0  printf_stubs.o ABSOLUTE
    _printf_sizespec                         0x00000000   Number         0  printf_stubs.o ABSOLUTE
    _printf_widthprec                        0x00000000   Number         0  printf_stubs.o ABSOLUTE
    __ARM_exceptions_init                     - Undefined Weak Reference
    __alloca_initialize                       - Undefined Weak Reference
    __arm_preinit_                            - Undefined Weak Reference
    __cpp_initialize__aeabi_                  - Undefined Weak Reference
    __cxa_finalize                            - Undefined Weak Reference
    __rt_locale                               - Undefined Weak Reference
    __sigvec_lookup                           - Undefined Weak Reference
    _atexit_init                              - Undefined Weak Reference
    _call_atexit_fns                          - Undefined Weak Reference
    _clock_init                               - Undefined Weak Reference
    _fp_trap_init                             - Undefined Weak Reference
    _fp_trap_shutdown                         - Undefined Weak Reference
    _get_lc_collate                           - Undefined Weak Reference
    _get_lc_ctype                             - Undefined Weak Reference
    _get_lc_monetary                          - Undefined Weak Reference
    _get_lc_numeric                           - Undefined Weak Reference
    _get_lc_time                              - Undefined Weak Reference
    _getenv_init                              - Undefined Weak Reference
    _handle_redirection                       - Undefined Weak Reference
    _init_alloc                               - Undefined Weak Reference
    _init_user_alloc                          - Undefined Weak Reference
    _initio                                   - Undefined Weak Reference
    _mutex_acquire                            - Undefined Weak Reference
    _mutex_release                            - Undefined Weak Reference
    _printf_mbtowc                            - Undefined Weak Reference
    _printf_truncate_signed                   - Undefined Weak Reference
    _printf_truncate_unsigned                 - Undefined Weak Reference
    _rand_init                                - Undefined Weak Reference
    _signal_finish                            - Undefined Weak Reference
    _signal_init                              - Undefined Weak Reference
    _terminate_alloc                          - Undefined Weak Reference
    _terminate_user_alloc                     - Undefined Weak Reference
    _terminateio                              - Undefined Weak Reference
    __Vectors_Size                           0x000000ec   Number         0  startup_stm32f10x_md.o ABSOLUTE
    __Vectors                                0x08000000   Data           4  startup_stm32f10x_md.o(RESET)
    __Vectors_End                            0x080000ec   Data           0  startup_stm32f10x_md.o(RESET)
    __main                                   0x080000ed   Thumb Code     8  __main.o(!!!main)
    __scatterload                            0x080000f5   Thumb Code     0  __scatter.o(!!!scatter)
    __scatterload_rt2                        0x080000f5   Thumb Code    44  __scatter.o(!!!scatter)
    __scatterload_rt2_thumb_only             0x080000f5   Thumb Code     0  __scatter.o(!!!scatter)
    __scatterload_null                       0x08000103   Thumb Code     0  __scatter.o(!!!scatter)
    __scatterload_copy                       0x08000129   Thumb Code    26  __scatter_copy.o(!!handler_copy)
    __scatterload_zeroinit                   0x08000145   Thumb Code    28  __scatter_zi.o(!!handler_zi)
    _printf_percent                          0x08000161   Thumb Code     0  _printf_percent.o(.ARM.Collect$$_printf_percent$$00000000)
    _printf_u                                0x08000161   Thumb Code     0  _printf_u.o(.ARM.Collect$$_printf_percent$$0000000A)
    _printf_s                                0x08000167   Thumb Code     0  _printf_s.o(.ARM.Collect$$_printf_percent$$00000014)
    _printf_percent_end                      0x0800016d   Thumb Code     0  _printf_percent_end.o(.ARM.Collect$$_printf_percent$$00000017)
    __rt_lib_init                            0x08000171   Thumb Code     0  libinit.o(.ARM.Collect$$libinit$$00000000)
    __rt_lib_init_alloca_1                   0x08000173   Thumb Code     0  libinit2.o(.ARM.Collect$$libinit$$0000002E)
    __rt_lib_init_argv_1                     0x08000173   Thumb Code     0  libinit2.o(.ARM.Collect$$libinit$$0000002C)
    __rt_lib_init_atexit_1                   0x08000173   Thumb Code     0  libinit2.o(.ARM.Collect$$libinit$$0000001B)
    __rt_lib_init_clock_1                    0x08000173   Thumb Code     0  libinit2.o(.ARM.Collect$$libinit$$00000021)
    __rt_lib_init_cpp_1                      0x08000173   Thumb Code     0  libinit2.o(.ARM.Collect$$libinit$$00000032)
    __rt_lib_init_exceptions_1               0x08000173   Thumb Code     0  libinit2.o(.ARM.Collect$$libinit$$00000030)
    __rt_lib_init_fp_1                       0x08000173   Thumb Code     0  libinit2.o(.ARM.Collect$$libinit$$00000002)
    __rt_lib_init_fp_trap_1                  0x08000173   Thumb Code     0  libinit2.o(.ARM.Collect$$libinit$$0000001F)
    __rt_lib_init_getenv_1                   0x08000173   Thumb Code     0  libinit2.o(.ARM.Collect$$libinit$$00000023)
    __rt_lib_init_heap_1                     0x08000173   Thumb Code     0  libinit2.o(.ARM.Collect$$libinit$$0000000A)
    __rt_lib_init_lc_collate_1               0x08000173   Thumb Code     0  libinit2.o(.ARM.Collect$$libinit$$00000011)
    __rt_lib_init_lc_ctype_1                 0x08000173   Thumb Code     0  libinit2.o(.ARM.Collect$$libinit$$00000013)
    __rt_lib_init_lc_monetary_1              0x08000173   Thumb Code     0  libinit2.o(.ARM.Collect$$libinit$$00000015)
    __rt_lib_init_lc_numeric_1               0x08000173   Thumb Code     0  libinit2.o(.ARM.Collect$$libinit$$00000017)
    __rt_lib_init_lc_time_1                  0x08000173   Thumb Code     0  libinit2.o(.ARM.Collect$$libinit$$00000019)
    __rt_lib_init_preinit_1                  0x08000173   Thumb Code     0  libinit2.o(.ARM.Collect$$libinit$$00000004)
    __rt_lib_init_rand_1                     0x08000173   Thumb Code     0  libinit2.o(.ARM.Collect$$libinit$$0000000E)
    __rt_lib_init_return                     0x08000173   Thumb Code     0  libinit2.o(.ARM.Collect$$libinit$$00000033)
    __rt_lib_init_signal_1                   0x08000173   Thumb Code     0  libinit2.o(.ARM.Collect$$libinit$$0000001D)
    __rt_lib_init_stdio_1                    0x08000173   Thumb Code     0  libinit2.o(.ARM.Collect$$libinit$$00000025)
    __rt_lib_init_user_alloc_1               0x08000173   Thumb Code     0  libinit2.o(.ARM.Collect$$libinit$$0000000C)
    __rt_lib_shutdown                        0x08000175   Thumb Code     0  libshutdown.o(.ARM.Collect$$libshutdown$$00000000)
    __rt_lib_shutdown_cpp_1                  0x08000177   Thumb Code     0  libshutdown2.o(.ARM.Collect$$libshutdown$$00000002)
    __rt_lib_shutdown_fp_trap_1              0x08000177   Thumb Code     0  libshutdown2.o(.ARM.Collect$$libshutdown$$00000007)
    __rt_lib_shutdown_heap_1                 0x08000177   Thumb Code     0  libshutdown2.o(.ARM.Collect$$libshutdown$$0000000F)
    __rt_lib_shutdown_return                 0x08000177   Thumb Code     0  libshutdown2.o(.ARM.Collect$$libshutdown$$00000010)
    __rt_lib_shutdown_signal_1               0x08000177   Thumb Code     0  libshutdown2.o(.ARM.Collect$$libshutdown$$0000000A)
    __rt_lib_shutdown_stdio_1                0x08000177   Thumb Code     0  libshutdown2.o(.ARM.Collect$$libshutdown$$00000004)
    __rt_lib_shutdown_user_alloc_1           0x08000177   Thumb Code     0  libshutdown2.o(.ARM.Collect$$libshutdown$$0000000C)
    __rt_entry                               0x08000179   Thumb Code     0  __rtentry.o(.ARM.Collect$$rtentry$$00000000)
    __rt_entry_presh_1                       0x08000179   Thumb Code     0  __rtentry2.o(.ARM.Collect$$rtentry$$00000002)
    __rt_entry_sh                            0x08000179   Thumb Code     0  __rtentry4.o(.ARM.Collect$$rtentry$$00000004)
    __rt_entry_li                            0x0800017f   Thumb Code     0  __rtentry2.o(.ARM.Collect$$rtentry$$0000000A)
    __rt_entry_postsh_1                      0x0800017f   Thumb Code     0  __rtentry2.o(.ARM.Collect$$rtentry$$00000009)
    __rt_entry_main                          0x08000183   Thumb Code     0  __rtentry2.o(.ARM.Collect$$rtentry$$0000000D)
    __rt_entry_postli_1                      0x08000183   Thumb Code     0  __rtentry2.o(.ARM.Collect$$rtentry$$0000000C)
    __rt_exit                                0x0800018b   Thumb Code     0  rtexit.o(.ARM.Collect$$rtexit$$00000000)
    __rt_exit_ls                             0x0800018d   Thumb Code     0  rtexit2.o(.ARM.Collect$$rtexit$$00000003)
    __rt_exit_prels_1                        0x0800018d   Thumb Code     0  rtexit2.o(.ARM.Collect$$rtexit$$00000002)
    __rt_exit_exit                           0x08000191   Thumb Code     0  rtexit2.o(.ARM.Collect$$rtexit$$00000004)
    SVC_Handler                              0x08000199   Thumb Code    32  port.o(.emb_text)
    __asm___6_port_c_39a90d8d__prvStartFirstTask 0x080001bd   Thumb Code    28  port.o(.emb_text)
    PendSV_Handler                           0x080001dd   Thumb Code    72  port.o(.emb_text)
    vPortGetIPSR                             0x08000229   Thumb Code     6  port.o(.emb_text)
    Reset_Handler                            0x08000231   Thumb Code     8  startup_stm32f10x_md.o(.text)
    DebugMon_Handler                         0x08000245   Thumb Code     2  startup_stm32f10x_md.o(.text)
    ADC1_2_IRQHandler                        0x0800024b   Thumb Code     0  startup_stm32f10x_md.o(.text)
    CAN1_RX1_IRQHandler                      0x0800024b   Thumb Code     0  startup_stm32f10x_md.o(.text)
    CAN1_SCE_IRQHandler                      0x0800024b   Thumb Code     0  startup_stm32f10x_md.o(.text)
    DMA1_Channel1_IRQHandler                 0x0800024b   Thumb Code     0  startup_stm32f10x_md.o(.text)
    DMA1_Channel2_IRQHandler                 0x0800024b   Thumb Code     0  startup_stm32f10x_md.o(.text)
    DMA1_Channel3_IRQHandler                 0x0800024b   Thumb Code     0  startup_stm32f10x_md.o(.text)
    DMA1_Channel4_IRQHandler                 0x0800024b   Thumb Code     0  startup_stm32f10x_md.o(.text)
    DMA1_Channel5_IRQHandler                 0x0800024b   Thumb Code     0  startup_stm32f10x_md.o(.text)
    DMA1_Channel6_IRQHandler                 0x0800024b   Thumb Code     0  startup_stm32f10x_md.o(.text)
    DMA1_Channel7_IRQHandler                 0x0800024b   Thumb Code     0  startup_stm32f10x_md.o(.text)
    EXTI0_IRQHandler                         0x0800024b   Thumb Code     0  startup_stm32f10x_md.o(.text)
    EXTI1_IRQHandler                         0x0800024b   Thumb Code     0  startup_stm32f10x_md.o(.text)
    EXTI2_IRQHandler                         0x0800024b   Thumb Code     0  startup_stm32f10x_md.o(.text)
    EXTI3_IRQHandler                         0x0800024b   Thumb Code     0  startup_stm32f10x_md.o(.text)
    EXTI4_IRQHandler                         0x0800024b   Thumb Code     0  startup_stm32f10x_md.o(.text)
    EXTI9_5_IRQHandler                       0x0800024b   Thumb Code     0  startup_stm32f10x_md.o(.text)
    FLASH_IRQHandler                         0x0800024b   Thumb Code     0  startup_stm32f10x_md.o(.text)
    I2C1_ER_IRQHandler                       0x0800024b   Thumb Code     0  startup_stm32f10x_md.o(.text)
    I2C1_EV_IRQHandler                       0x0800024b   Thumb Code     0  startup_stm32f10x_md.o(.text)
    I2C2_ER_IRQHandler                       0x0800024b   Thumb Code     0  startup_stm32f10x_md.o(.text)
    I2C2_EV_IRQHandler                       0x0800024b   Thumb Code     0  startup_stm32f10x_md.o(.text)
    PVD_IRQHandler                           0x0800024b   Thumb Code     0  startup_stm32f10x_md.o(.text)
    RCC_IRQHandler                           0x0800024b   Thumb Code     0  startup_stm32f10x_md.o(.text)
    RTCAlarm_IRQHandler                      0x0800024b   Thumb Code     0  startup_stm32f10x_md.o(.text)
    RTC_IRQHandler                           0x0800024b   Thumb Code     0  startup_stm32f10x_md.o(.text)
    SPI1_IRQHandler                          0x0800024b   Thumb Code     0  startup_stm32f10x_md.o(.text)
    SPI2_IRQHandler                          0x0800024b   Thumb Code     0  startup_stm32f10x_md.o(.text)
    TAMPER_IRQHandler                        0x0800024b   Thumb Code     0  startup_stm32f10x_md.o(.text)
    TIM1_BRK_IRQHandler                      0x0800024b   Thumb Code     0  startup_stm32f10x_md.o(.text)
    TIM1_CC_IRQHandler                       0x0800024b   Thumb Code     0  startup_stm32f10x_md.o(.text)
    TIM1_TRG_COM_IRQHandler                  0x0800024b   Thumb Code     0  startup_stm32f10x_md.o(.text)
    TIM1_UP_IRQHandler                       0x0800024b   Thumb Code     0  startup_stm32f10x_md.o(.text)
    TIM2_IRQHandler                          0x0800024b   Thumb Code     0  startup_stm32f10x_md.o(.text)
    TIM3_IRQHandler                          0x0800024b   Thumb Code     0  startup_stm32f10x_md.o(.text)
    TIM4_IRQHandler                          0x0800024b   Thumb Code     0  startup_stm32f10x_md.o(.text)
    USART2_IRQHandler                        0x0800024b   Thumb Code     0  startup_stm32f10x_md.o(.text)
    USART3_IRQHandler                        0x0800024b   Thumb Code     0  startup_stm32f10x_md.o(.text)
    USBWakeUp_IRQHandler                     0x0800024b   Thumb Code     0  startup_stm32f10x_md.o(.text)
    USB_HP_CAN1_TX_IRQHandler                0x0800024b   Thumb Code     0  startup_stm32f10x_md.o(.text)
    USB_LP_CAN1_RX0_IRQHandler               0x0800024b   Thumb Code     0  startup_stm32f10x_md.o(.text)
    WWDG_IRQHandler                          0x0800024b   Thumb Code     0  startup_stm32f10x_md.o(.text)
    __user_initial_stackheap                 0x0800024d   Thumb Code     0  startup_stm32f10x_md.o(.text)
    __use_no_semihosting                     0x08000271   Thumb Code     2  use_no_semi_2.o(.text)
    __aeabi_uldivmod                         0x08000273   Thumb Code     0  lludivv7m.o(.text)
    _ll_udiv                                 0x08000273   Thumb Code   238  lludivv7m.o(.text)
    __aeabi_ldivmod                          0x08000361   Thumb Code     0  llsdiv.o(.text)
    _ll_sdiv                                 0x08000361   Thumb Code    72  llsdiv.o(.text)
    __2printf                                0x080003a9   Thumb Code    20  noretval__2printf.o(.text)
    __2sprintf                               0x080003c1   Thumb Code    34  noretval__2sprintf.o(.text)
    _printf_pre_padding                      0x080003e9   Thumb Code    44  _printf_pad.o(.text)
    _printf_post_padding                     0x08000415   Thumb Code    34  _printf_pad.o(.text)
    _printf_str                              0x08000437   Thumb Code    82  _printf_str.o(.text)
    _printf_int_dec                          0x08000489   Thumb Code   104  _printf_dec.o(.text)
    __printf                                 0x08000501   Thumb Code   388  __printf_flags_ss_wp.o(.text)
    strlen                                   0x08000689   Thumb Code    62  strlen.o(.text)
    strncmp                                  0x080006c7   Thumb Code   150  strncmp.o(.text)
    __aeabi_memcpy                           0x0800075d   Thumb Code     0  rt_memcpy_v6.o(.text)
    __rt_memcpy                              0x0800075d   Thumb Code   138  rt_memcpy_v6.o(.text)
    _memcpy_lastbytes                        0x080007c3   Thumb Code     0  rt_memcpy_v6.o(.text)
    __aeabi_memclr4                          0x080007e7   Thumb Code     0  rt_memclr_w.o(.text)
    __aeabi_memclr8                          0x080007e7   Thumb Code     0  rt_memclr_w.o(.text)
    __rt_memclr_w                            0x080007e7   Thumb Code    78  rt_memclr_w.o(.text)
    _memset_w                                0x080007eb   Thumb Code     0  rt_memclr_w.o(.text)
    __use_two_region_memory                  0x08000835   Thumb Code     2  heapauxi.o(.text)
    __rt_heap_escrow$2region                 0x08000837   Thumb Code     2  heapauxi.o(.text)
    __rt_heap_expand$2region                 0x08000839   Thumb Code     2  heapauxi.o(.text)
    __I$use$semihosting                      0x0800083b   Thumb Code     0  use_no_semi.o(.text)
    __use_no_semihosting_swi                 0x0800083b   Thumb Code     2  use_no_semi.o(.text)
    __read_errno                             0x0800083d   Thumb Code    10  _rserrno.o(.text)
    __set_errno                              0x08000847   Thumb Code    12  _rserrno.o(.text)
    _printf_int_common                       0x08000853   Thumb Code   178  _printf_intcommon.o(.text)
    _printf_char_common                      0x0800090f   Thumb Code    32  _printf_char_common.o(.text)
    _sputc                                   0x08000935   Thumb Code    10  _sputc.o(.text)
    _printf_cs_common                        0x0800093f   Thumb Code    20  _printf_char.o(.text)
    _printf_char                             0x08000953   Thumb Code    16  _printf_char.o(.text)
    _printf_string                           0x08000963   Thumb Code     8  _printf_char.o(.text)
    _printf_char_file                        0x0800096d   Thumb Code    32  _printf_char_file.o(.text)
    __aeabi_memcpy4                          0x08000991   Thumb Code     0  rt_memcpy_w.o(.text)
    __aeabi_memcpy8                          0x08000991   Thumb Code     0  rt_memcpy_w.o(.text)
    __rt_memcpy_w                            0x08000991   Thumb Code   100  rt_memcpy_w.o(.text)
    _memcpy_lastbytes_aligned                0x080009d9   Thumb Code     0  rt_memcpy_w.o(.text)
    __aeabi_errno_addr                       0x080009f5   Thumb Code     8  rt_errno_addr_intlibspace.o(.text)
    __errno$intlibspace                      0x080009f5   Thumb Code     0  rt_errno_addr_intlibspace.o(.text)
    __rt_errno_addr$intlibspace              0x080009f5   Thumb Code     0  rt_errno_addr_intlibspace.o(.text)
    ferror                                   0x080009fd   Thumb Code     8  ferror.o(.text)
    __user_libspace                          0x08000a05   Thumb Code     8  libspace.o(.text)
    __user_perproc_libspace                  0x08000a05   Thumb Code     0  libspace.o(.text)
    __user_perthread_libspace                0x08000a05   Thumb Code     0  libspace.o(.text)
    __user_setup_stackheap                   0x08000a0d   Thumb Code    74  sys_stackheap_outer.o(.text)
    exit                                     0x08000a57   Thumb Code    18  exit.o(.text)
    AHT20_Init                               0x08000a69   Thumb Code    60  aht20.o(i.AHT20_Init)
    AHT20_ReadData                           0x08000aa5   Thumb Code   228  aht20.o(i.AHT20_ReadData)
    APP_I2C_Init                             0x08000bf9   Thumb Code   112  app_i2c.o(i.APP_I2C_Init)
    APP_I2C_Read                             0x08000c75   Thumb Code   170  app_i2c.o(i.APP_I2C_Read)
    APP_I2C_ReadByte                         0x08000d29   Thumb Code    22  app_i2c.o(i.APP_I2C_ReadByte)
    APP_I2C_ReadBytes                        0x08000d41   Thumb Code   100  app_i2c.o(i.APP_I2C_ReadBytes)
    APP_I2C_Write                            0x08000de5   Thumb Code   110  app_i2c.o(i.APP_I2C_Write)
    APP_I2C_WriteByte                        0x08000e61   Thumb Code    20  app_i2c.o(i.APP_I2C_WriteByte)
    APP_I2C_WriteBytes                       0x08000e75   Thumb Code   134  app_i2c.o(i.APP_I2C_WriteBytes)
    BMP280_Init                              0x08001145   Thumb Code   370  bmp280.o(i.BMP280_Init)
    BMP280_ReadData                          0x080012ed   Thumb Code   126  bmp280.o(i.BMP280_ReadData)
    BusFault_Handler                         0x08001375   Thumb Code     4  stm32f10x_it.o(i.BusFault_Handler)
    DS3231_GetTime                           0x080013a7   Thumb Code   124  ds3231.o(i.DS3231_GetTime)
    DS3231_Init                              0x080015df   Thumb Code    30  ds3231.o(i.DS3231_Init)
    DS3231_SetTime                           0x08001673   Thumb Code   100  ds3231.o(i.DS3231_SetTime)
    EXTI15_10_IRQHandler                     0x0800172b   Thumb Code     2  stm32f10x_it.o(i.EXTI15_10_IRQHandler)
    EXTI_ClearITPendingBit                   0x0800172d   Thumb Code     6  stm32f10x_exti.o(i.EXTI_ClearITPendingBit)
    GPIO_Init                                0x08001739   Thumb Code   278  stm32f10x_gpio.o(i.GPIO_Init)
    GPIO_ReadInputDataBit                    0x0800184f   Thumb Code    18  stm32f10x_gpio.o(i.GPIO_ReadInputDataBit)
    GPIO_ReadOutputDataBit                   0x08001861   Thumb Code    18  stm32f10x_gpio.o(i.GPIO_ReadOutputDataBit)
    GPIO_ResetBits                           0x08001873   Thumb Code     4  stm32f10x_gpio.o(i.GPIO_ResetBits)
    GPIO_SetBits                             0x08001877   Thumb Code     4  stm32f10x_gpio.o(i.GPIO_SetBits)
    HardFault_Handler                        0x0800187b   Thumb Code     4  stm32f10x_it.o(i.HardFault_Handler)
    I2C_AcknowledgeConfig                    0x0800187f   Thumb Code    24  stm32f10x_i2c.o(i.I2C_AcknowledgeConfig)
    I2C_CheckEvent                           0x08001897   Thumb Code    42  stm32f10x_i2c.o(i.I2C_CheckEvent)
    I2C_Cmd                                  0x080018c1   Thumb Code    24  stm32f10x_i2c.o(i.I2C_Cmd)
    I2C_DeInit                               0x080018d9   Thumb Code    50  stm32f10x_i2c.o(i.I2C_DeInit)
    I2C_GenerateSTART                        0x08001911   Thumb Code    24  stm32f10x_i2c.o(i.I2C_GenerateSTART)
    I2C_GenerateSTOP                         0x08001929   Thumb Code    24  stm32f10x_i2c.o(i.I2C_GenerateSTOP)
    I2C_Init                                 0x08001941   Thumb Code   222  stm32f10x_i2c.o(i.I2C_Init)
    I2C_ReceiveData                          0x08001a2d   Thumb Code     8  stm32f10x_i2c.o(i.I2C_ReceiveData)
    I2C_Send7bitAddress                      0x08001a35   Thumb Code    18  stm32f10x_i2c.o(i.I2C_Send7bitAddress)
    I2C_SendData                             0x08001a47   Thumb Code     4  stm32f10x_i2c.o(i.I2C_SendData)
    MPU6050_Init                             0x08001a4b   Thumb Code    14  mpu6050.o(i.MPU6050_Init)
    MPU6050_ReadData                         0x08001a59   Thumb Code   296  mpu6050.o(i.MPU6050_ReadData)
    MemManage_Handler                        0x08001b8d   Thumb Code     4  stm32f10x_it.o(i.MemManage_Handler)
    NMI_Handler                              0x08001b91   Thumb Code     2  stm32f10x_it.o(i.NMI_Handler)
    NVIC_Init                                0x08001b95   Thumb Code   100  misc.o(i.NVIC_Init)
    NVIC_PriorityGroupConfig                 0x08001c05   Thumb Code    10  misc.o(i.NVIC_PriorityGroupConfig)
    OLED_Clear                               0x08001c19   Thumb Code    12  oled.o(i.OLED_Clear)
    OLED_ClearBuffer                         0x08001c25   Thumb Code    36  oled.o(i.OLED_ClearBuffer)
    OLED_DrawLine                            0x08001c4d   Thumb Code   174  oled.o(i.OLED_DrawLine)
    OLED_DrawPoint                           0x08001cfd   Thumb Code    94  oled.o(i.OLED_DrawPoint)
    OLED_Init                                0x08001e25   Thumb Code   384  oled.o(i.OLED_Init)
    OLED_Refresh                             0x08001fb5   Thumb Code    82  oled.o(i.OLED_Refresh)
    OLED_ShowChar                            0x08002011   Thumb Code   258  oled.o(i.OLED_ShowChar)
    OLED_ShowString                          0x08002125   Thumb Code    68  oled.o(i.OLED_ShowString)
    OLED_WR_Byte                             0x08002169   Thumb Code    28  oled.o(i.OLED_WR_Byte)
    RCC_APB1PeriphClockCmd                   0x08002185   Thumb Code    26  stm32f10x_rcc.o(i.RCC_APB1PeriphClockCmd)
    RCC_APB1PeriphResetCmd                   0x080021a5   Thumb Code    26  stm32f10x_rcc.o(i.RCC_APB1PeriphResetCmd)
    RCC_APB2PeriphClockCmd                   0x080021c5   Thumb Code    26  stm32f10x_rcc.o(i.RCC_APB2PeriphClockCmd)
    RCC_GetClocksFreq                        0x080021e5   Thumb Code   192  stm32f10x_rcc.o(i.RCC_GetClocksFreq)
    SysTick_CLKSourceConfig                  0x080023a1   Thumb Code    40  misc.o(i.SysTick_CLKSourceConfig)
    SysTick_Handler                          0x080023c9   Thumb Code    46  port.o(i.SysTick_Handler)
    SystemInit                               0x080023fd   Thumb Code    78  system_stm32f10x.o(i.SystemInit)
    USART1_IRQHandler                        0x0800245d   Thumb Code   122  usart.o(i.USART1_IRQHandler)
    USART_Cmd                                0x080024e5   Thumb Code    24  stm32f10x_usart.o(i.USART_Cmd)
    USART_GetITStatus                        0x080024fd   Thumb Code    84  stm32f10x_usart.o(i.USART_GetITStatus)
    USART_ITConfig                           0x08002551   Thumb Code    74  stm32f10x_usart.o(i.USART_ITConfig)
    USART_Init                               0x0800259d   Thumb Code   210  stm32f10x_usart.o(i.USART_Init)
    USART_ReceiveData                        0x08002675   Thumb Code    10  stm32f10x_usart.o(i.USART_ReceiveData)
    UsageFault_Handler                       0x0800267f   Thumb Code     4  stm32f10x_it.o(i.UsageFault_Handler)
    __ARM_fpclassifyf                        0x08002683   Thumb Code    38  fpclassifyf.o(i.__ARM_fpclassifyf)
    __mathlib_flt_divzero                    0x080026a9   Thumb Code    10  funder.o(i.__mathlib_flt_divzero)
    __mathlib_flt_infnan2                    0x080026b3   Thumb Code     4  funder.o(i.__mathlib_flt_infnan2)
    __mathlib_flt_invalid                    0x080026b7   Thumb Code     8  funder.o(i.__mathlib_flt_invalid)
    __mathlib_flt_overflow                   0x080026bf   Thumb Code    10  funder.o(i.__mathlib_flt_overflow)
    __mathlib_flt_underflow                  0x080026c9   Thumb Code    10  funder.o(i.__mathlib_flt_underflow)
    _is_digit                                0x080026d3   Thumb Code    14  __printf_wp.o(i._is_digit)
    _sys_exit                                0x080026e1   Thumb Code     6  usart.o(i._sys_exit)
    app_env_monitor_start                    0x080026e9   Thumb Code    26  app_env_monitor.o(i.app_env_monitor_start)
    atk_ms6050_board_init                    0x08002715   Thumb Code    76  atk_ms6050.o(i.atk_ms6050_board_init)
    atk_ms6050_device_check                  0x0800276d   Thumb Code    48  atk_ms6050.o(i.atk_ms6050_device_check)
    atk_ms6050_get_device_id                 0x080027a1   Thumb Code    22  atk_ms6050.o(i.atk_ms6050_get_device_id)
    atk_ms6050_iic_ack                       0x080027b9   Thumb Code    64  atk_ms6050_iic.o(i.atk_ms6050_iic_ack)
    atk_ms6050_iic_init                      0x0800285d   Thumb Code    62  atk_ms6050_iic.o(i.atk_ms6050_iic_init)
    atk_ms6050_iic_nack                      0x080028a5   Thumb Code    54  atk_ms6050_iic.o(i.atk_ms6050_iic_nack)
    atk_ms6050_iic_read_byte                 0x080028e1   Thumb Code    86  atk_ms6050_iic.o(i.atk_ms6050_iic_read_byte)
    atk_ms6050_iic_send_byte                 0x08002991   Thumb Code    80  atk_ms6050_iic.o(i.atk_ms6050_iic_send_byte)
    atk_ms6050_iic_start                     0x080029e5   Thumb Code    56  atk_ms6050_iic.o(i.atk_ms6050_iic_start)
    atk_ms6050_iic_stop                      0x08002a21   Thumb Code    60  atk_ms6050_iic.o(i.atk_ms6050_iic_stop)
    atk_ms6050_iic_wait_ack                  0x08002a61   Thumb Code   104  atk_ms6050_iic.o(i.atk_ms6050_iic_wait_ack)
    atk_ms6050_init                          0x08002acd   Thumb Code   190  atk_ms6050.o(i.atk_ms6050_init)
    atk_ms6050_int_exti_clear_flag           0x08002b8b   Thumb Code    12  atk_ms6050.o(i.atk_ms6050_int_exti_clear_flag)
    atk_ms6050_read                          0x08002b97   Thumb Code   168  atk_ms6050.o(i.atk_ms6050_read)
    atk_ms6050_read_byte                     0x08002c3f   Thumb Code    22  atk_ms6050.o(i.atk_ms6050_read_byte)
    atk_ms6050_set_accel_fsr                 0x08002c79   Thumb Code    18  atk_ms6050.o(i.atk_ms6050_set_accel_fsr)
    atk_ms6050_set_gyro_fsr                  0x08002c8b   Thumb Code    18  atk_ms6050.o(i.atk_ms6050_set_gyro_fsr)
    atk_ms6050_set_lpf                       0x08002c9d   Thumb Code    58  atk_ms6050.o(i.atk_ms6050_set_lpf)
    atk_ms6050_set_rate                      0x08002cd7   Thumb Code    58  atk_ms6050.o(i.atk_ms6050_set_rate)
    atk_ms6050_sw_reset                      0x08002d11   Thumb Code    36  atk_ms6050.o(i.atk_ms6050_sw_reset)
    atk_ms6050_write                         0x08002d35   Thumb Code   142  atk_ms6050.o(i.atk_ms6050_write)
    atk_ms6050_write_byte                    0x08002dc3   Thumb Code    20  atk_ms6050.o(i.atk_ms6050_write_byte)
    delay_init                               0x08002df5   Thumb Code    42  delay.o(i.delay_init)
    delay_ms                                 0x08002e31   Thumb Code    70  delay.o(i.delay_ms)
    delay_us                                 0x08002ea1   Thumb Code    30  delay.o(i.delay_us)
    fputc                                    0x08004061   Thumb Code    24  usart.o(i.fputc)
    led_init                                 0x0800407d   Thumb Code    44  led.o(i.led_init)
    led_is_on                                0x080040ad   Thumb Code    24  led.o(i.led_is_on)
    led_off                                  0x080040c9   Thumb Code    10  led.o(i.led_off)
    led_toggle                               0x080040d3   Thumb Code    22  led.o(i.led_toggle)
    main                                     0x0800410d   Thumb Code    44  main.o(i.main)
    __mathlib_powf                           0x08004195   Thumb Code     0  powf.o(i.powf)
    powf                                     0x08004195   Thumb Code  1548  powf.o(i.powf)
    pvPortMalloc                             0x08004d95   Thumb Code   480  heap_4.o(i.pvPortMalloc)
    pxPortInitialiseStack                    0x08004f91   Thumb Code    30  port.o(i.pxPortInitialiseStack)
    uart_init                                0x0800502d   Thumb Code   154  usart.o(i.uart_init)
    uxListRemove                             0x080050d1   Thumb Code    40  list.o(i.uxListRemove)
    vListInitialise                          0x080050f9   Thumb Code    26  list.o(i.vListInitialise)
    vListInitialiseItem                      0x08005113   Thumb Code     6  list.o(i.vListInitialiseItem)
    vListInsert                              0x08005119   Thumb Code    52  list.o(i.vListInsert)
    vPortEnterCritical                       0x0800514d   Thumb Code    76  port.o(i.vPortEnterCritical)
    vPortExitCritical                        0x080051a1   Thumb Code    56  port.o(i.vPortExitCritical)
    vPortFree                                0x080051dd   Thumb Code   174  heap_4.o(i.vPortFree)
    vPortSetupTimerInterrupt                 0x0800529d   Thumb Code    22  port.o(i.vPortSetupTimerInterrupt)
    vTaskDelay                               0x080052b5   Thumb Code    82  tasks.o(i.vTaskDelay)
    vTaskStartScheduler                      0x08005311   Thumb Code    96  tasks.o(i.vTaskStartScheduler)
    vTaskSuspendAll                          0x08005381   Thumb Code    12  tasks.o(i.vTaskSuspendAll)
    vTaskSwitchContext                       0x08005391   Thumb Code   126  tasks.o(i.vTaskSwitchContext)
    xPortStartScheduler                      0x08005425   Thumb Code   228  port.o(i.xPortStartScheduler)
    xTaskCreate                              0x0800551d   Thumb Code    56  tasks.o(i.xTaskCreate)
    xTaskGetSchedulerState                   0x08005555   Thumb Code    24  tasks.o(i.xTaskGetSchedulerState)
    xTaskGetTickCount                        0x08005575   Thumb Code     6  tasks.o(i.xTaskGetTickCount)
    xTaskIncrementTick                       0x08005581   Thumb Code   414  tasks.o(i.xTaskIncrementTick)
    xTaskResumeAll                           0x0800574d   Thumb Code   376  tasks.o(i.xTaskResumeAll)
    __aeabi_fadd                             0x080058e9   Thumb Code     0  faddsub_clz.o(x$fpl$fadd)
    _fadd                                    0x080058e9   Thumb Code   196  faddsub_clz.o(x$fpl$fadd)
    __fpl_fcheck_NaN1                        0x080059ad   Thumb Code     6  fcheck1.o(x$fpl$fcheck1)
    __fpl_fcmp_Inf                           0x080059b9   Thumb Code    24  fcmpi.o(x$fpl$fcmpinf)
    __aeabi_fdiv                             0x080059d1   Thumb Code     0  fdiv.o(x$fpl$fdiv)
    _fdiv                                    0x080059d1   Thumb Code   384  fdiv.o(x$fpl$fdiv)
    __aeabi_f2iz                             0x08005b55   Thumb Code     0  ffix.o(x$fpl$ffix)
    _ffix                                    0x08005b55   Thumb Code    54  ffix.o(x$fpl$ffix)
    _ffix_r                                  0x08005b8d   Thumb Code    82  ffix.o(x$fpl$ffixr)
    __aeabi_f2uiz                            0x08005be1   Thumb Code     0  ffixu.o(x$fpl$ffixu)
    _ffixu                                   0x08005be1   Thumb Code    62  ffixu.o(x$fpl$ffixu)
    __aeabi_i2f                              0x08005c21   Thumb Code     0  fflt_clz.o(x$fpl$fflt)
    _fflt                                    0x08005c21   Thumb Code    48  fflt_clz.o(x$fpl$fflt)
    __aeabi_ui2f                             0x08005c51   Thumb Code     0  fflt_clz.o(x$fpl$ffltu)
    _ffltu                                   0x08005c51   Thumb Code    38  fflt_clz.o(x$fpl$ffltu)
    __aeabi_cfcmple                          0x08005c79   Thumb Code     0  fleqf.o(x$fpl$fleqf)
    _fcmple                                  0x08005c79   Thumb Code   104  fleqf.o(x$fpl$fleqf)
    __fpl_fcmple_InfNaN                      0x08005ccb   Thumb Code     0  fleqf.o(x$fpl$fleqf)
    __aeabi_fmul                             0x08005ce1   Thumb Code     0  fmul.o(x$fpl$fmul)
    _fmul                                    0x08005ce1   Thumb Code   258  fmul.o(x$fpl$fmul)
    __fpl_fnaninf                            0x08005de3   Thumb Code   140  fnaninf.o(x$fpl$fnaninf)
    __fpl_fretinf                            0x08005e6f   Thumb Code    10  fretinf.o(x$fpl$fretinf)
    __aeabi_cfrcmple                         0x08005e79   Thumb Code     0  frleqf.o(x$fpl$frleqf)
    _frcmple                                 0x08005e79   Thumb Code    98  frleqf.o(x$fpl$frleqf)
    __aeabi_frsub                            0x08005edb   Thumb Code     0  faddsub_clz.o(x$fpl$frsb)
    _frsb                                    0x08005edb   Thumb Code    20  faddsub_clz.o(x$fpl$frsb)
    __aeabi_fsub                             0x08005ef1   Thumb Code     0  faddsub_clz.o(x$fpl$fsub)
    _fsub                                    0x08005ef1   Thumb Code   234  faddsub_clz.o(x$fpl$fsub)
    __fpl_return_NaN                         0x08005fdb   Thumb Code   100  retnan.o(x$fpl$retnan)
    __ARM_scalbnf                            0x0800603f   Thumb Code    76  scalbnf.o(x$fpl$scalbnf)
    __fpl_cmpreturn                          0x0800608b   Thumb Code    48  trapv.o(x$fpl$trapveneer)
    __I$use$fp                               0x080060ba   Number         0  usenofp.o(x$fpl$usenofp)
    asc2_0806                                0x080060d2   Data         552  oled.o(.constdata)
    asc2_1206                                0x080062fa   Data        1140  oled.o(.constdata)
    asc2_1608                                0x0800676e   Data        1520  oled.o(.constdata)
    asc2_2412                                0x08006d5e   Data        3420  oled.o(.constdata)
    Chinese8x8                               0x08007aba   Data         112  oled.o(.constdata)
    Chinese12x12                             0x08007b2a   Data          24  oled.o(.constdata)
    Chinese16x16                             0x08007b42   Data         352  oled.o(.constdata)
    Chinese24x24                             0x08007ca2   Data          72  oled.o(.constdata)
    Chinese32x32                             0x08007cea   Data         128  oled.o(.constdata)
    Chinese64x64                             0x08007d6a   Data         512  oled.o(.constdata)
    Region$$Table$$Base                      0x080080dc   Number         0  anon$$obj.o(Region$$Table)
    Region$$Table$$Limit                     0x080080fc   Number         0  anon$$obj.o(Region$$Table)
    SystemCoreClock                          0x20000020   Data           4  system_stm32f10x.o(.data)
    AHBPrescTable                            0x20000024   Data          16  system_stm32f10x.o(.data)
    __stdout                                 0x2000004c   Data           4  usart.o(.data)
    USART_RX_STA                             0x20000050   Data           2  usart.o(.data)
    pxCurrentTCB                             0x20000054   Data           4  tasks.o(.data)
    USART_RX_BUF                             0x200000e4   Data         200  usart.o(.bss)
    OLED_GRAM                                0x200022b0   Data        1152  oled.o(.bss)
    __libspace_start                         0x200027b0   Data          96  libspace.o(.bss)
    __temporary_stack_top$libspace           0x20002810   Data           0  libspace.o(.bss)



==============================================================================

Memory Map of the image

  Image Entry point : 0x080000ed

  Load Region LR_IROM1 (Base: 0x08000000, Size: 0x000081e0, Max: 0x00010000, ABSOLUTE)

    Execution Region ER_IROM1 (Exec base: 0x08000000, Load base: 0x08000000, Size: 0x000080fc, Max: 0x00010000, ABSOLUTE)

    Exec Addr    Load Addr    Size         Type   Attr      Idx    E Section Name        Object

    0x08000000   0x08000000   0x000000ec   Data   RO          494    RESET               startup_stm32f10x_md.o
    0x080000ec   0x080000ec   0x00000008   Code   RO         5341  * !!!main             c_w.l(__main.o)
    0x080000f4   0x080000f4   0x00000034   Code   RO         5605    !!!scatter          c_w.l(__scatter.o)
    0x08000128   0x08000128   0x0000001a   Code   RO         5607    !!handler_copy      c_w.l(__scatter_copy.o)
    0x08000142   0x08000142   0x00000002   PAD
    0x08000144   0x08000144   0x0000001c   Code   RO         5609    !!handler_zi        c_w.l(__scatter_zi.o)
    0x08000160   0x08000160   0x00000000   Code   RO         5326    .ARM.Collect$$_printf_percent$$00000000  c_w.l(_printf_percent.o)
    0x08000160   0x08000160   0x00000006   Code   RO         5325    .ARM.Collect$$_printf_percent$$0000000A  c_w.l(_printf_u.o)
    0x08000166   0x08000166   0x00000006   Code   RO         5324    .ARM.Collect$$_printf_percent$$00000014  c_w.l(_printf_s.o)
    0x0800016c   0x0800016c   0x00000004   Code   RO         5402    .ARM.Collect$$_printf_percent$$00000017  c_w.l(_printf_percent_end.o)
    0x08000170   0x08000170   0x00000002   Code   RO         5478    .ARM.Collect$$libinit$$00000000  c_w.l(libinit.o)
    0x08000172   0x08000172   0x00000000   Code   RO         5490    .ARM.Collect$$libinit$$00000002  c_w.l(libinit2.o)
    0x08000172   0x08000172   0x00000000   Code   RO         5492    .ARM.Collect$$libinit$$00000004  c_w.l(libinit2.o)
    0x08000172   0x08000172   0x00000000   Code   RO         5495    .ARM.Collect$$libinit$$0000000A  c_w.l(libinit2.o)
    0x08000172   0x08000172   0x00000000   Code   RO         5497    .ARM.Collect$$libinit$$0000000C  c_w.l(libinit2.o)
    0x08000172   0x08000172   0x00000000   Code   RO         5499    .ARM.Collect$$libinit$$0000000E  c_w.l(libinit2.o)
    0x08000172   0x08000172   0x00000000   Code   RO         5502    .ARM.Collect$$libinit$$00000011  c_w.l(libinit2.o)
    0x08000172   0x08000172   0x00000000   Code   RO         5504    .ARM.Collect$$libinit$$00000013  c_w.l(libinit2.o)
    0x08000172   0x08000172   0x00000000   Code   RO         5506    .ARM.Collect$$libinit$$00000015  c_w.l(libinit2.o)
    0x08000172   0x08000172   0x00000000   Code   RO         5508    .ARM.Collect$$libinit$$00000017  c_w.l(libinit2.o)
    0x08000172   0x08000172   0x00000000   Code   RO         5510    .ARM.Collect$$libinit$$00000019  c_w.l(libinit2.o)
    0x08000172   0x08000172   0x00000000   Code   RO         5512    .ARM.Collect$$libinit$$0000001B  c_w.l(libinit2.o)
    0x08000172   0x08000172   0x00000000   Code   RO         5514    .ARM.Collect$$libinit$$0000001D  c_w.l(libinit2.o)
    0x08000172   0x08000172   0x00000000   Code   RO         5516    .ARM.Collect$$libinit$$0000001F  c_w.l(libinit2.o)
    0x08000172   0x08000172   0x00000000   Code   RO         5518    .ARM.Collect$$libinit$$00000021  c_w.l(libinit2.o)
    0x08000172   0x08000172   0x00000000   Code   RO         5520    .ARM.Collect$$libinit$$00000023  c_w.l(libinit2.o)
    0x08000172   0x08000172   0x00000000   Code   RO         5522    .ARM.Collect$$libinit$$00000025  c_w.l(libinit2.o)
    0x08000172   0x08000172   0x00000000   Code   RO         5526    .ARM.Collect$$libinit$$0000002C  c_w.l(libinit2.o)
    0x08000172   0x08000172   0x00000000   Code   RO         5528    .ARM.Collect$$libinit$$0000002E  c_w.l(libinit2.o)
    0x08000172   0x08000172   0x00000000   Code   RO         5530    .ARM.Collect$$libinit$$00000030  c_w.l(libinit2.o)
    0x08000172   0x08000172   0x00000000   Code   RO         5532    .ARM.Collect$$libinit$$00000032  c_w.l(libinit2.o)
    0x08000172   0x08000172   0x00000002   Code   RO         5533    .ARM.Collect$$libinit$$00000033  c_w.l(libinit2.o)
    0x08000174   0x08000174   0x00000002   Code   RO         5561    .ARM.Collect$$libshutdown$$00000000  c_w.l(libshutdown.o)
    0x08000176   0x08000176   0x00000000   Code   RO         5588    .ARM.Collect$$libshutdown$$00000002  c_w.l(libshutdown2.o)
    0x08000176   0x08000176   0x00000000   Code   RO         5590    .ARM.Collect$$libshutdown$$00000004  c_w.l(libshutdown2.o)
    0x08000176   0x08000176   0x00000000   Code   RO         5593    .ARM.Collect$$libshutdown$$00000007  c_w.l(libshutdown2.o)
    0x08000176   0x08000176   0x00000000   Code   RO         5596    .ARM.Collect$$libshutdown$$0000000A  c_w.l(libshutdown2.o)
    0x08000176   0x08000176   0x00000000   Code   RO         5598    .ARM.Collect$$libshutdown$$0000000C  c_w.l(libshutdown2.o)
    0x08000176   0x08000176   0x00000000   Code   RO         5601    .ARM.Collect$$libshutdown$$0000000F  c_w.l(libshutdown2.o)
    0x08000176   0x08000176   0x00000002   Code   RO         5602    .ARM.Collect$$libshutdown$$00000010  c_w.l(libshutdown2.o)
    0x08000178   0x08000178   0x00000000   Code   RO         5385    .ARM.Collect$$rtentry$$00000000  c_w.l(__rtentry.o)
    0x08000178   0x08000178   0x00000000   Code   RO         5433    .ARM.Collect$$rtentry$$00000002  c_w.l(__rtentry2.o)
    0x08000178   0x08000178   0x00000006   Code   RO         5445    .ARM.Collect$$rtentry$$00000004  c_w.l(__rtentry4.o)
    0x0800017e   0x0800017e   0x00000000   Code   RO         5435    .ARM.Collect$$rtentry$$00000009  c_w.l(__rtentry2.o)
    0x0800017e   0x0800017e   0x00000004   Code   RO         5436    .ARM.Collect$$rtentry$$0000000A  c_w.l(__rtentry2.o)
    0x08000182   0x08000182   0x00000000   Code   RO         5438    .ARM.Collect$$rtentry$$0000000C  c_w.l(__rtentry2.o)
    0x08000182   0x08000182   0x00000008   Code   RO         5439    .ARM.Collect$$rtentry$$0000000D  c_w.l(__rtentry2.o)
    0x0800018a   0x0800018a   0x00000002   Code   RO         5481    .ARM.Collect$$rtexit$$00000000  c_w.l(rtexit.o)
    0x0800018c   0x0800018c   0x00000000   Code   RO         5537    .ARM.Collect$$rtexit$$00000002  c_w.l(rtexit2.o)
    0x0800018c   0x0800018c   0x00000004   Code   RO         5538    .ARM.Collect$$rtexit$$00000003  c_w.l(rtexit2.o)
    0x08000190   0x08000190   0x00000006   Code   RO         5539    .ARM.Collect$$rtexit$$00000004  c_w.l(rtexit2.o)
    0x08000196   0x08000196   0x00000002   PAD
    0x08000198   0x08000198   0x00000096   Code   RO         4414    .emb_text           port.o
    0x0800022e   0x0800022e   0x00000002   PAD
    0x08000230   0x08000230   0x00000040   Code   RO          495    .text               startup_stm32f10x_md.o
    0x08000270   0x08000270   0x00000002   Code   RO         5282    .text               c_w.l(use_no_semi_2.o)
    0x08000272   0x08000272   0x000000ee   Code   RO         5284    .text               c_w.l(lludivv7m.o)
    0x08000360   0x08000360   0x00000048   Code   RO         5286    .text               c_w.l(llsdiv.o)
    0x080003a8   0x080003a8   0x00000018   Code   RO         5292    .text               c_w.l(noretval__2printf.o)
    0x080003c0   0x080003c0   0x00000028   Code   RO         5294    .text               c_w.l(noretval__2sprintf.o)
    0x080003e8   0x080003e8   0x0000004e   Code   RO         5298    .text               c_w.l(_printf_pad.o)
    0x08000436   0x08000436   0x00000052   Code   RO         5300    .text               c_w.l(_printf_str.o)
    0x08000488   0x08000488   0x00000078   Code   RO         5302    .text               c_w.l(_printf_dec.o)
    0x08000500   0x08000500   0x00000188   Code   RO         5321    .text               c_w.l(__printf_flags_ss_wp.o)
    0x08000688   0x08000688   0x0000003e   Code   RO         5327    .text               c_w.l(strlen.o)
    0x080006c6   0x080006c6   0x00000096   Code   RO         5329    .text               c_w.l(strncmp.o)
    0x0800075c   0x0800075c   0x0000008a   Code   RO         5331    .text               c_w.l(rt_memcpy_v6.o)
    0x080007e6   0x080007e6   0x0000004e   Code   RO         5337    .text               c_w.l(rt_memclr_w.o)
    0x08000834   0x08000834   0x00000006   Code   RO         5339    .text               c_w.l(heapauxi.o)
    0x0800083a   0x0800083a   0x00000002   Code   RO         5383    .text               c_w.l(use_no_semi.o)
    0x0800083c   0x0800083c   0x00000016   Code   RO         5390    .text               c_w.l(_rserrno.o)
    0x08000852   0x08000852   0x000000b2   Code   RO         5392    .text               c_w.l(_printf_intcommon.o)
    0x08000904   0x08000904   0x00000030   Code   RO         5394    .text               c_w.l(_printf_char_common.o)
    0x08000934   0x08000934   0x0000000a   Code   RO         5396    .text               c_w.l(_sputc.o)
    0x0800093e   0x0800093e   0x0000002c   Code   RO         5398    .text               c_w.l(_printf_char.o)
    0x0800096a   0x0800096a   0x00000002   PAD
    0x0800096c   0x0800096c   0x00000024   Code   RO         5400    .text               c_w.l(_printf_char_file.o)
    0x08000990   0x08000990   0x00000064   Code   RO         5403    .text               c_w.l(rt_memcpy_w.o)
    0x080009f4   0x080009f4   0x00000008   Code   RO         5452    .text               c_w.l(rt_errno_addr_intlibspace.o)
    0x080009fc   0x080009fc   0x00000008   Code   RO         5456    .text               c_w.l(ferror.o)
    0x08000a04   0x08000a04   0x00000008   Code   RO         5462    .text               c_w.l(libspace.o)
    0x08000a0c   0x08000a0c   0x0000004a   Code   RO         5465    .text               c_w.l(sys_stackheap_outer.o)
    0x08000a56   0x08000a56   0x00000012   Code   RO         5467    .text               c_w.l(exit.o)
    0x08000a68   0x08000a68   0x0000003c   Code   RO         4827    i.AHT20_Init        aht20.o
    0x08000aa4   0x08000aa4   0x000000f0   Code   RO         4828    i.AHT20_ReadData    aht20.o
    0x08000b94   0x08000b94   0x00000032   Code   RO         4829    i.AHT20_ReadStatus  aht20.o
    0x08000bc6   0x08000bc6   0x00000020   Code   RO         4830    i.AHT20_WriteCmd3   aht20.o
    0x08000be6   0x08000be6   0x00000002   PAD
    0x08000be8   0x08000be8   0x00000010   Code   RO         4766    i.APP_I2C_ClearAddrFlag  app_i2c.o
    0x08000bf8   0x08000bf8   0x0000007c   Code   RO         4767    i.APP_I2C_Init      app_i2c.o
    0x08000c74   0x08000c74   0x000000b4   Code   RO         4768    i.APP_I2C_Read      app_i2c.o
    0x08000d28   0x08000d28   0x00000016   Code   RO         4769    i.APP_I2C_ReadByte  app_i2c.o
    0x08000d3e   0x08000d3e   0x00000002   PAD
    0x08000d40   0x08000d40   0x00000070   Code   RO         4770    i.APP_I2C_ReadBytes  app_i2c.o
    0x08000db0   0x08000db0   0x00000034   Code   RO         4771    i.APP_I2C_WaitEvent  app_i2c.o
    0x08000de4   0x08000de4   0x0000007c   Code   RO         4772    i.APP_I2C_Write     app_i2c.o
    0x08000e60   0x08000e60   0x00000014   Code   RO         4773    i.APP_I2C_WriteByte  app_i2c.o
    0x08000e74   0x08000e74   0x00000094   Code   RO         4774    i.APP_I2C_WriteBytes  app_i2c.o
    0x08000f08   0x08000f08   0x000001e8   Code   RO         4855    i.BMP280_CompensatePress  bmp280.o
    0x080010f0   0x080010f0   0x00000054   Code   RO         4856    i.BMP280_CompensateTemp  bmp280.o
    0x08001144   0x08001144   0x000001a8   Code   RO         4857    i.BMP280_Init       bmp280.o
    0x080012ec   0x080012ec   0x00000088   Code   RO         4858    i.BMP280_ReadData   bmp280.o
    0x08001374   0x08001374   0x00000004   Code   RO          413    i.BusFault_Handler  stm32f10x_it.o
    0x08001378   0x08001378   0x00000014   Code   RO         5168    i.DS3231_BcdToDec   ds3231.o
    0x0800138c   0x0800138c   0x0000001a   Code   RO         5169    i.DS3231_DecToBcd   ds3231.o
    0x080013a6   0x080013a6   0x0000007c   Code   RO         5170    i.DS3231_GetTime    ds3231.o
    0x08001422   0x08001422   0x0000000a   Code   RO         5171    i.DS3231_I2C_Delay  ds3231.o
    0x0800142c   0x0800142c   0x00000034   Code   RO         5172    i.DS3231_I2C_Init   ds3231.o
    0x08001460   0x08001460   0x00000042   Code   RO         5173    i.DS3231_I2C_ReadByte  ds3231.o
    0x080014a2   0x080014a2   0x00000002   PAD
    0x080014a4   0x080014a4   0x00000014   Code   RO         5174    i.DS3231_I2C_SCL_Clr  ds3231.o
    0x080014b8   0x080014b8   0x00000014   Code   RO         5175    i.DS3231_I2C_SCL_Set  ds3231.o
    0x080014cc   0x080014cc   0x00000014   Code   RO         5176    i.DS3231_I2C_SDA_Clr  ds3231.o
    0x080014e0   0x080014e0   0x00000014   Code   RO         5177    i.DS3231_I2C_SDA_Read  ds3231.o
    0x080014f4   0x080014f4   0x00000014   Code   RO         5178    i.DS3231_I2C_SDA_Set  ds3231.o
    0x08001508   0x08001508   0x0000002a   Code   RO         5179    i.DS3231_I2C_SendAck  ds3231.o
    0x08001532   0x08001532   0x0000001c   Code   RO         5180    i.DS3231_I2C_Start  ds3231.o
    0x0800154e   0x0800154e   0x0000001c   Code   RO         5181    i.DS3231_I2C_Stop   ds3231.o
    0x0800156a   0x0800156a   0x0000003a   Code   RO         5182    i.DS3231_I2C_WaitAck  ds3231.o
    0x080015a4   0x080015a4   0x0000003a   Code   RO         5183    i.DS3231_I2C_WriteByte  ds3231.o
    0x080015de   0x080015de   0x0000001e   Code   RO         5184    i.DS3231_Init       ds3231.o
    0x080015fc   0x080015fc   0x00000076   Code   RO         5185    i.DS3231_ReadBytes  ds3231.o
    0x08001672   0x08001672   0x00000064   Code   RO         5186    i.DS3231_SetTime    ds3231.o
    0x080016d6   0x080016d6   0x00000054   Code   RO         5187    i.DS3231_WriteBytes  ds3231.o
    0x0800172a   0x0800172a   0x00000002   Code   RO          414    i.EXTI15_10_IRQHandler  stm32f10x_it.o
    0x0800172c   0x0800172c   0x0000000c   Code   RO         1298    i.EXTI_ClearITPendingBit  stm32f10x_exti.o
    0x08001738   0x08001738   0x00000116   Code   RO         1651    i.GPIO_Init         stm32f10x_gpio.o
    0x0800184e   0x0800184e   0x00000012   Code   RO         1655    i.GPIO_ReadInputDataBit  stm32f10x_gpio.o
    0x08001860   0x08001860   0x00000012   Code   RO         1657    i.GPIO_ReadOutputDataBit  stm32f10x_gpio.o
    0x08001872   0x08001872   0x00000004   Code   RO         1658    i.GPIO_ResetBits    stm32f10x_gpio.o
    0x08001876   0x08001876   0x00000004   Code   RO         1659    i.GPIO_SetBits      stm32f10x_gpio.o
    0x0800187a   0x0800187a   0x00000004   Code   RO          415    i.HardFault_Handler  stm32f10x_it.o
    0x0800187e   0x0800187e   0x00000018   Code   RO         1760    i.I2C_AcknowledgeConfig  stm32f10x_i2c.o
    0x08001896   0x08001896   0x0000002a   Code   RO         1762    i.I2C_CheckEvent    stm32f10x_i2c.o
    0x080018c0   0x080018c0   0x00000018   Code   RO         1765    i.I2C_Cmd           stm32f10x_i2c.o
    0x080018d8   0x080018d8   0x00000038   Code   RO         1768    i.I2C_DeInit        stm32f10x_i2c.o
    0x08001910   0x08001910   0x00000018   Code   RO         1772    i.I2C_GenerateSTART  stm32f10x_i2c.o
    0x08001928   0x08001928   0x00000018   Code   RO         1773    i.I2C_GenerateSTOP  stm32f10x_i2c.o
    0x08001940   0x08001940   0x000000ec   Code   RO         1779    i.I2C_Init          stm32f10x_i2c.o
    0x08001a2c   0x08001a2c   0x00000008   Code   RO         1784    i.I2C_ReceiveData   stm32f10x_i2c.o
    0x08001a34   0x08001a34   0x00000012   Code   RO         1786    i.I2C_Send7bitAddress  stm32f10x_i2c.o
    0x08001a46   0x08001a46   0x00000004   Code   RO         1787    i.I2C_SendData      stm32f10x_i2c.o
    0x08001a4a   0x08001a4a   0x0000000e   Code   RO         4885    i.MPU6050_Init      mpu6050.o
    0x08001a58   0x08001a58   0x00000134   Code   RO         4886    i.MPU6050_ReadData  mpu6050.o
    0x08001b8c   0x08001b8c   0x00000004   Code   RO          416    i.MemManage_Handler  stm32f10x_it.o
    0x08001b90   0x08001b90   0x00000002   Code   RO          417    i.NMI_Handler       stm32f10x_it.o
    0x08001b92   0x08001b92   0x00000002   PAD
    0x08001b94   0x08001b94   0x00000070   Code   RO          500    i.NVIC_Init         misc.o
    0x08001c04   0x08001c04   0x00000014   Code   RO          501    i.NVIC_PriorityGroupConfig  misc.o
    0x08001c18   0x08001c18   0x0000000c   Code   RO         4617    i.OLED_Clear        oled.o
    0x08001c24   0x08001c24   0x00000028   Code   RO         4618    i.OLED_ClearBuffer  oled.o
    0x08001c4c   0x08001c4c   0x000000ae   Code   RO         4625    i.OLED_DrawLine     oled.o
    0x08001cfa   0x08001cfa   0x00000002   PAD
    0x08001cfc   0x08001cfc   0x00000064   Code   RO         4626    i.OLED_DrawPoint    oled.o
    0x08001d60   0x08001d60   0x00000034   Code   RO         4627    i.OLED_I2C_WaitEvent  oled.o
    0x08001d94   0x08001d94   0x00000090   Code   RO         4628    i.OLED_I2C_Write    oled.o
    0x08001e24   0x08001e24   0x00000190   Code   RO         4629    i.OLED_Init         oled.o
    0x08001fb4   0x08001fb4   0x0000005c   Code   RO         4631    i.OLED_Refresh      oled.o
    0x08002010   0x08002010   0x00000114   Code   RO         4633    i.OLED_ShowChar     oled.o
    0x08002124   0x08002124   0x00000044   Code   RO         4638    i.OLED_ShowString   oled.o
    0x08002168   0x08002168   0x0000001c   Code   RO         4639    i.OLED_WR_Byte      oled.o
    0x08002184   0x08002184   0x00000020   Code   RO         2067    i.RCC_APB1PeriphClockCmd  stm32f10x_rcc.o
    0x080021a4   0x080021a4   0x00000020   Code   RO         2068    i.RCC_APB1PeriphResetCmd  stm32f10x_rcc.o
    0x080021c4   0x080021c4   0x00000020   Code   RO         2069    i.RCC_APB2PeriphClockCmd  stm32f10x_rcc.o
    0x080021e4   0x080021e4   0x000000d4   Code   RO         2077    i.RCC_GetClocksFreq  stm32f10x_rcc.o
    0x080022b8   0x080022b8   0x00000008   Code   RO          458    i.SetSysClock       system_stm32f10x.o
    0x080022c0   0x080022c0   0x000000e0   Code   RO          459    i.SetSysClockTo72   system_stm32f10x.o
    0x080023a0   0x080023a0   0x00000028   Code   RO          504    i.SysTick_CLKSourceConfig  misc.o
    0x080023c8   0x080023c8   0x00000034   Code   RO         4415    i.SysTick_Handler   port.o
    0x080023fc   0x080023fc   0x00000060   Code   RO          461    i.SystemInit        system_stm32f10x.o
    0x0800245c   0x0800245c   0x00000088   Code   RO         3534    i.USART1_IRQHandler  usart.o
    0x080024e4   0x080024e4   0x00000018   Code   RO         3237    i.USART_Cmd         stm32f10x_usart.o
    0x080024fc   0x080024fc   0x00000054   Code   RO         3241    i.USART_GetITStatus  stm32f10x_usart.o
    0x08002550   0x08002550   0x0000004a   Code   RO         3243    i.USART_ITConfig    stm32f10x_usart.o
    0x0800259a   0x0800259a   0x00000002   PAD
    0x0800259c   0x0800259c   0x000000d8   Code   RO         3244    i.USART_Init        stm32f10x_usart.o
    0x08002674   0x08002674   0x0000000a   Code   RO         3251    i.USART_ReceiveData  stm32f10x_usart.o
    0x0800267e   0x0800267e   0x00000004   Code   RO          418    i.UsageFault_Handler  stm32f10x_it.o
    0x08002682   0x08002682   0x00000026   Code   RO         5416    i.__ARM_fpclassifyf  m_ws.l(fpclassifyf.o)
    0x080026a8   0x080026a8   0x0000000a   Code   RO         5418    i.__mathlib_flt_divzero  m_ws.l(funder.o)
    0x080026b2   0x080026b2   0x00000004   Code   RO         5420    i.__mathlib_flt_infnan2  m_ws.l(funder.o)
    0x080026b6   0x080026b6   0x00000008   Code   RO         5421    i.__mathlib_flt_invalid  m_ws.l(funder.o)
    0x080026be   0x080026be   0x0000000a   Code   RO         5422    i.__mathlib_flt_overflow  m_ws.l(funder.o)
    0x080026c8   0x080026c8   0x0000000a   Code   RO         5424    i.__mathlib_flt_underflow  m_ws.l(funder.o)
    0x080026d2   0x080026d2   0x0000000e   Code   RO         5314    i._is_digit         c_w.l(__printf_wp.o)
    0x080026e0   0x080026e0   0x00000006   Code   RO         3535    i._sys_exit         usart.o
    0x080026e6   0x080026e6   0x00000002   PAD
    0x080026e8   0x080026e8   0x0000002c   Code   RO          170    i.app_env_monitor_start  app_env_monitor.o
    0x08002714   0x08002714   0x00000058   Code   RO         4925    i.atk_ms6050_board_init  atk_ms6050.o
    0x0800276c   0x0800276c   0x00000034   Code   RO         4927    i.atk_ms6050_device_check  atk_ms6050.o
    0x080027a0   0x080027a0   0x00000016   Code   RO         4929    i.atk_ms6050_get_device_id  atk_ms6050.o
    0x080027b6   0x080027b6   0x00000002   PAD
    0x080027b8   0x080027b8   0x00000044   Code   RO         5094    i.atk_ms6050_iic_ack  atk_ms6050_iic.o
    0x080027fc   0x080027fc   0x00000054   Code   RO         5095    i.atk_ms6050_iic_bus_recover  atk_ms6050_iic.o
    0x08002850   0x08002850   0x0000000a   Code   RO         5096    i.atk_ms6050_iic_delay  atk_ms6050_iic.o
    0x0800285a   0x0800285a   0x00000002   PAD
    0x0800285c   0x0800285c   0x00000048   Code   RO         5097    i.atk_ms6050_iic_init  atk_ms6050_iic.o
    0x080028a4   0x080028a4   0x0000003c   Code   RO         5098    i.atk_ms6050_iic_nack  atk_ms6050_iic.o
    0x080028e0   0x080028e0   0x0000005c   Code   RO         5099    i.atk_ms6050_iic_read_byte  atk_ms6050_iic.o
    0x0800293c   0x0800293c   0x00000030   Code   RO         5100    i.atk_ms6050_iic_sda_in  atk_ms6050_iic.o
    0x0800296c   0x0800296c   0x00000024   Code   RO         5101    i.atk_ms6050_iic_sda_out  atk_ms6050_iic.o
    0x08002990   0x08002990   0x00000054   Code   RO         5102    i.atk_ms6050_iic_send_byte  atk_ms6050_iic.o
    0x080029e4   0x080029e4   0x0000003c   Code   RO         5103    i.atk_ms6050_iic_start  atk_ms6050_iic.o
    0x08002a20   0x08002a20   0x00000040   Code   RO         5104    i.atk_ms6050_iic_stop  atk_ms6050_iic.o
    0x08002a60   0x08002a60   0x0000006c   Code   RO         5105    i.atk_ms6050_iic_wait_ack  atk_ms6050_iic.o
    0x08002acc   0x08002acc   0x000000be   Code   RO         4937    i.atk_ms6050_init   atk_ms6050.o
    0x08002b8a   0x08002b8a   0x0000000c   Code   RO         4938    i.atk_ms6050_int_exti_clear_flag  atk_ms6050.o
    0x08002b96   0x08002b96   0x000000a8   Code   RO         4942    i.atk_ms6050_read   atk_ms6050.o
    0x08002c3e   0x08002c3e   0x00000016   Code   RO         4943    i.atk_ms6050_read_byte  atk_ms6050.o
    0x08002c54   0x08002c54   0x00000024   Code   RO         4944    i.atk_ms6050_record_i2c_error  atk_ms6050.o
    0x08002c78   0x08002c78   0x00000012   Code   RO         4945    i.atk_ms6050_set_accel_fsr  atk_ms6050.o
    0x08002c8a   0x08002c8a   0x00000012   Code   RO         4946    i.atk_ms6050_set_gyro_fsr  atk_ms6050.o
    0x08002c9c   0x08002c9c   0x0000003a   Code   RO         4947    i.atk_ms6050_set_lpf  atk_ms6050.o
    0x08002cd6   0x08002cd6   0x0000003a   Code   RO         4948    i.atk_ms6050_set_rate  atk_ms6050.o
    0x08002d10   0x08002d10   0x00000024   Code   RO         4949    i.atk_ms6050_sw_reset  atk_ms6050.o
    0x08002d34   0x08002d34   0x0000008e   Code   RO         4950    i.atk_ms6050_write  atk_ms6050.o
    0x08002dc2   0x08002dc2   0x00000014   Code   RO         4951    i.atk_ms6050_write_byte  atk_ms6050.o
    0x08002dd6   0x08002dd6   0x0000001c   Code   RO            1    i.board_init        main.o
    0x08002df2   0x08002df2   0x00000002   PAD
    0x08002df4   0x08002df4   0x0000003c   Code   RO         3467    i.delay_init        delay.o
    0x08002e30   0x08002e30   0x0000004c   Code   RO         3468    i.delay_ms          delay.o
    0x08002e7c   0x08002e7c   0x00000012   Code   RO         3469    i.delay_os_is_in_irq  delay.o
    0x08002e8e   0x08002e8e   0x00000012   Code   RO         3470    i.delay_os_is_running  delay.o
    0x08002ea0   0x08002ea0   0x0000001e   Code   RO         3471    i.delay_us          delay.o
    0x08002ebe   0x08002ebe   0x00000002   PAD
    0x08002ec0   0x08002ec0   0x0000004c   Code   RO         3472    i.delay_us_bare     delay.o
    0x08002f0c   0x08002f0c   0x00000074   Code   RO         3473    i.delay_us_rtos     delay.o
    0x08002f80   0x08002f80   0x00000048   Code   RO          171    i.env_monitor_calc_altitude_m  app_env_monitor.o
    0x08002fc8   0x08002fc8   0x00000048   Code   RO          172    i.env_monitor_calc_weekday  app_env_monitor.o
    0x08003010   0x08003010   0x00000094   Code   RO          173    i.env_monitor_classify_page_from_accel  app_env_monitor.o
    0x080030a4   0x080030a4   0x0000002c   Code   RO          174    i.env_monitor_days_in_month  app_env_monitor.o
    0x080030d0   0x080030d0   0x0000004c   Code   RO          175    i.env_monitor_fetch_uart_line  app_env_monitor.o
    0x0800311c   0x0800311c   0x00000138   Code   RO          176    i.env_monitor_handle_uart_command  app_env_monitor.o
    0x08003254   0x08003254   0x0000002a   Code   RO          177    i.env_monitor_is_leap_year  app_env_monitor.o
    0x0800327e   0x0800327e   0x00000002   PAD
    0x08003280   0x08003280   0x000001c8   Code   RO          178    i.env_monitor_log_uart  app_env_monitor.o
    0x08003448   0x08003448   0x00000048   Code   RO          179    i.env_monitor_page_text  app_env_monitor.o
    0x08003490   0x08003490   0x00000040   Code   RO          180    i.env_monitor_parse_fixed_uint  app_env_monitor.o
    0x080034d0   0x080034d0   0x00000158   Code   RO          181    i.env_monitor_parse_time_command  app_env_monitor.o
    0x08003628   0x08003628   0x00000036   Code   RO          182    i.env_monitor_read_mpu_sample  app_env_monitor.o
    0x0800365e   0x0800365e   0x00000002   PAD
    0x08003660   0x08003660   0x000000d0   Code   RO          183    i.env_monitor_render_calendar_page  app_env_monitor.o
    0x08003730   0x08003730   0x00000198   Code   RO          184    i.env_monitor_render_homepage  app_env_monitor.o
    0x080038c8   0x080038c8   0x0000003e   Code   RO          185    i.env_monitor_render_page  app_env_monitor.o
    0x08003906   0x08003906   0x00000002   PAD
    0x08003908   0x08003908   0x0000011c   Code   RO          186    i.env_monitor_render_test_page  app_env_monitor.o
    0x08003a24   0x08003a24   0x0000008c   Code   RO          187    i.env_monitor_render_timer_page  app_env_monitor.o
    0x08003ab0   0x08003ab0   0x00000024   Code   RO          188    i.env_monitor_switch_page  app_env_monitor.o
    0x08003ad4   0x08003ad4   0x000000ea   Code   RO          189    i.env_monitor_task  app_env_monitor.o
    0x08003bbe   0x08003bbe   0x00000064   Code   RO          190    i.env_monitor_update_aht20  app_env_monitor.o
    0x08003c22   0x08003c22   0x0000006e   Code   RO          191    i.env_monitor_update_bmp280  app_env_monitor.o
    0x08003c90   0x08003c90   0x000000c8   Code   RO          192    i.env_monitor_update_mpu  app_env_monitor.o
    0x08003d58   0x08003d58   0x00000064   Code   RO          193    i.env_monitor_update_page_state  app_env_monitor.o
    0x08003dbc   0x08003dbc   0x00000080   Code   RO          194    i.env_monitor_update_rtc  app_env_monitor.o
    0x08003e3c   0x08003e3c   0x00000064   Code   RO          195    i.env_monitor_update_timer  app_env_monitor.o
    0x08003ea0   0x08003ea0   0x00000018   Code   RO          196    i.env_monitor_weekday_text  app_env_monitor.o
    0x08003eb8   0x08003eb8   0x00000010   Code   RO            2    i.fatal_blink_forever  main.o
    0x08003ec8   0x08003ec8   0x0000002c   Code   RO          197    i.format_date_ymd   app_env_monitor.o
    0x08003ef4   0x08003ef4   0x00000034   Code   RO          198    i.format_mm_ss      app_env_monitor.o
    0x08003f28   0x08003f28   0x00000048   Code   RO          199    i.format_pressure_cell  app_env_monitor.o
    0x08003f70   0x08003f70   0x00000084   Code   RO          200    i.format_tagged_signed_1  app_env_monitor.o
    0x08003ff4   0x08003ff4   0x00000044   Code   RO          201    i.format_tagged_unsigned_1  app_env_monitor.o
    0x08004038   0x08004038   0x00000028   Code   RO          202    i.format_time_hms   app_env_monitor.o
    0x08004060   0x08004060   0x0000001c   Code   RO         3536    i.fputc             usart.o
    0x0800407c   0x0800407c   0x00000030   Code   RO         4576    i.led_init          led.o
    0x080040ac   0x080040ac   0x0000001c   Code   RO         4577    i.led_is_on         led.o
    0x080040c8   0x080040c8   0x0000000a   Code   RO         4578    i.led_off           led.o
    0x080040d2   0x080040d2   0x00000016   Code   RO         4580    i.led_toggle        led.o
    0x080040e8   0x080040e8   0x00000024   Code   RO         4581    i.led_write         led.o
    0x0800410c   0x0800410c   0x00000074   Code   RO            3    i.main              main.o
    0x08004180   0x08004180   0x00000014   Code   RO         4888    i.mpu6050_map_status  mpu6050.o
    0x08004194   0x08004194   0x00000620   Code   RO         5374    i.powf              m_ws.l(powf.o)
    0x080047b4   0x080047b4   0x000000cc   Code   RO         4056    i.prvAddCurrentTaskToDelayedList  tasks.o
    0x08004880   0x08004880   0x000000f0   Code   RO         4057    i.prvAddNewTaskToReadyList  tasks.o
    0x08004970   0x08004970   0x00000048   Code   RO         4058    i.prvCheckTasksWaitingTermination  tasks.o
    0x080049b8   0x080049b8   0x00000078   Code   RO         4059    i.prvCreateIdleTasks  tasks.o
    0x08004a30   0x08004a30   0x0000005a   Code   RO         4060    i.prvCreateTask     tasks.o
    0x08004a8a   0x08004a8a   0x00000012   Code   RO         4061    i.prvDeleteTCB      tasks.o
    0x08004a9c   0x08004a9c   0x0000006c   Code   RO         4491    i.prvHeapInit       heap_4.o
    0x08004b08   0x08004b08   0x00000028   Code   RO         4062    i.prvIdleTask       tasks.o
    0x08004b30   0x08004b30   0x000000ea   Code   RO         4063    i.prvInitialiseNewTask  tasks.o
    0x08004c1a   0x08004c1a   0x00000002   PAD
    0x08004c1c   0x08004c1c   0x00000068   Code   RO         4064    i.prvInitialiseTaskLists  tasks.o
    0x08004c84   0x08004c84   0x000000a0   Code   RO         4492    i.prvInsertBlockIntoFreeList  heap_4.o
    0x08004d24   0x08004d24   0x00000030   Code   RO         4065    i.prvResetNextTaskUnblockTime  tasks.o
    0x08004d54   0x08004d54   0x00000040   Code   RO         4416    i.prvTaskExitError  port.o
    0x08004d94   0x08004d94   0x000001fc   Code   RO         4494    i.pvPortMalloc      heap_4.o
    0x08004f90   0x08004f90   0x00000024   Code   RO         4417    i.pxPortInitialiseStack  port.o
    0x08004fb4   0x08004fb4   0x00000048   Code   RO          203    i.round_signed_1    app_env_monitor.o
    0x08004ffc   0x08004ffc   0x00000030   Code   RO          204    i.round_unsigned_1  app_env_monitor.o
    0x0800502c   0x0800502c   0x000000a4   Code   RO         3537    i.uart_init         usart.o
    0x080050d0   0x080050d0   0x00000028   Code   RO         3673    i.uxListRemove      list.o
    0x080050f8   0x080050f8   0x0000001a   Code   RO         3674    i.vListInitialise   list.o
    0x08005112   0x08005112   0x00000006   Code   RO         3675    i.vListInitialiseItem  list.o
    0x08005118   0x08005118   0x00000034   Code   RO         3676    i.vListInsert       list.o
    0x0800514c   0x0800514c   0x00000054   Code   RO         4419    i.vPortEnterCritical  port.o
    0x080051a0   0x080051a0   0x0000003c   Code   RO         4420    i.vPortExitCritical  port.o
    0x080051dc   0x080051dc   0x000000c0   Code   RO         4495    i.vPortFree         heap_4.o
    0x0800529c   0x0800529c   0x00000016   Code   RO         4421    i.vPortSetupTimerInterrupt  port.o
    0x080052b2   0x080052b2   0x00000002   PAD
    0x080052b4   0x080052b4   0x0000005c   Code   RO         4076    i.vTaskDelay        tasks.o
    0x08005310   0x08005310   0x00000070   Code   RO         4090    i.vTaskStartScheduler  tasks.o
    0x08005380   0x08005380   0x00000010   Code   RO         4092    i.vTaskSuspendAll   tasks.o
    0x08005390   0x08005390   0x00000094   Code   RO         4093    i.vTaskSwitchContext  tasks.o
    0x08005424   0x08005424   0x000000f8   Code   RO         4423    i.xPortStartScheduler  port.o
    0x0800551c   0x0800551c   0x00000038   Code   RO         4096    i.xTaskCreate       tasks.o
    0x08005554   0x08005554   0x00000020   Code   RO         4104    i.xTaskGetSchedulerState  tasks.o
    0x08005574   0x08005574   0x0000000c   Code   RO         4105    i.xTaskGetTickCount  tasks.o
    0x08005580   0x08005580   0x000001cc   Code   RO         4107    i.xTaskIncrementTick  tasks.o
    0x0800574c   0x0800574c   0x0000019c   Code   RO         4111    i.xTaskResumeAll    tasks.o
    0x080058e8   0x080058e8   0x000000c4   Code   RO         5343    x$fpl$fadd          fz_ws.l(faddsub_clz.o)
    0x080059ac   0x080059ac   0x0000000c   Code   RO         5460    x$fpl$fcheck1       fz_ws.l(fcheck1.o)
    0x080059b8   0x080059b8   0x00000018   Code   RO         5405    x$fpl$fcmpinf       fz_ws.l(fcmpi.o)
    0x080059d0   0x080059d0   0x00000184   Code   RO         5350    x$fpl$fdiv          fz_ws.l(fdiv.o)
    0x08005b54   0x08005b54   0x00000036   Code   RO         5353    x$fpl$ffix          fz_ws.l(ffix.o)
    0x08005b8a   0x08005b8a   0x00000002   PAD
    0x08005b8c   0x08005b8c   0x00000052   Code   RO         5354    x$fpl$ffixr         fz_ws.l(ffix.o)
    0x08005bde   0x08005bde   0x00000002   PAD
    0x08005be0   0x08005be0   0x0000003e   Code   RO         5357    x$fpl$ffixu         fz_ws.l(ffixu.o)
    0x08005c1e   0x08005c1e   0x00000002   PAD
    0x08005c20   0x08005c20   0x00000030   Code   RO         5362    x$fpl$fflt          fz_ws.l(fflt_clz.o)
    0x08005c50   0x08005c50   0x00000026   Code   RO         5361    x$fpl$ffltu         fz_ws.l(fflt_clz.o)
    0x08005c76   0x08005c76   0x00000002   PAD
    0x08005c78   0x08005c78   0x00000068   Code   RO         5367    x$fpl$fleqf         fz_ws.l(fleqf.o)
    0x08005ce0   0x08005ce0   0x00000102   Code   RO         5369    x$fpl$fmul          fz_ws.l(fmul.o)
    0x08005de2   0x08005de2   0x0000008c   Code   RO         5407    x$fpl$fnaninf       fz_ws.l(fnaninf.o)
    0x08005e6e   0x08005e6e   0x0000000a   Code   RO         5409    x$fpl$fretinf       fz_ws.l(fretinf.o)
    0x08005e78   0x08005e78   0x00000062   Code   RO         5371    x$fpl$frleqf        fz_ws.l(frleqf.o)
    0x08005eda   0x08005eda   0x00000014   Code   RO         5344    x$fpl$frsb          fz_ws.l(faddsub_clz.o)
    0x08005eee   0x08005eee   0x00000002   PAD
    0x08005ef0   0x08005ef0   0x000000ea   Code   RO         5345    x$fpl$fsub          fz_ws.l(faddsub_clz.o)
    0x08005fda   0x08005fda   0x00000064   Code   RO         5479    x$fpl$retnan        fz_ws.l(retnan.o)
    0x0800603e   0x0800603e   0x0000004c   Code   RO         5413    x$fpl$scalbnf       fz_ws.l(scalbnf.o)
    0x0800608a   0x0800608a   0x00000030   Code   RO         5534    x$fpl$trapveneer    fz_ws.l(trapv.o)
    0x080060ba   0x080060ba   0x00000000   Code   RO         5415    x$fpl$usenofp       fz_ws.l(usenofp.o)
    0x080060ba   0x080060ba   0x00000018   Data   RO          205    .constdata          app_env_monitor.o
    0x080060d2   0x080060d2   0x00001e98   Data   RO         4641    .constdata          oled.o
    0x08007f6a   0x08007f6a   0x00000011   Data   RO         5322    .constdata          c_w.l(__printf_flags_ss_wp.o)
    0x08007f7b   0x08007f7b   0x00000001   PAD
    0x08007f7c   0x08007f7c   0x00000140   Data   RO         5375    .constdata          m_ws.l(powf.o)
    0x080080bc   0x080080bc   0x00000020   Data   RO          206    .conststring        app_env_monitor.o
    0x080080dc   0x080080dc   0x00000020   Data   RO         5603    Region$$Table       anon$$obj.o


    Execution Region RW_IRAM1 (Exec base: 0x20000000, Load base: 0x080080fc, Size: 0x00002e10, Max: 0x00005000, ABSOLUTE)

    Exec Addr    Load Addr    Size         Type   Attr      Idx    E Section Name        Object

    0x20000000   0x080080fc   0x00000020   Data   RW          207    .data               app_env_monitor.o
    0x20000020   0x0800811c   0x00000014   Data   RW          462    .data               system_stm32f10x.o
    0x20000034   0x08008130   0x00000014   Data   RW         2097    .data               stm32f10x_rcc.o
    0x20000048   0x08008144   0x00000004   Data   RW         3474    .data               delay.o
    0x2000004c   0x08008148   0x00000006   Data   RW         3539    .data               usart.o
    0x20000052   0x0800814e   0x00000002   PAD
    0x20000054   0x08008150   0x00000040   Data   RW         4114    .data               tasks.o
    0x20000094   0x08008190   0x0000000c   Data   RW         4424    .data               port.o
    0x200000a0   0x0800819c   0x0000001c   Data   RW         4503    .data               heap_4.o
    0x200000bc   0x080081b8   0x00000020   Data   RW         4859    .data               bmp280.o
    0x200000dc   0x080081d8   0x00000005   Data   RW         4952    .data               atk_ms6050.o
    0x200000e1   0x080081dd   0x00000003   PAD
    0x200000e4        -       0x000000c8   Zero   RW         3538    .bss                usart.o
    0x200001ac        -       0x00000104   Zero   RW         4113    .bss                tasks.o
    0x200002b0        -       0x00002000   Zero   RW         4502    .bss                heap_4.o
    0x200022b0        -       0x00000500   Zero   RW         4640    .bss                oled.o
    0x200027b0        -       0x00000060   Zero   RW         5463    .bss                c_w.l(libspace.o)
    0x20002810        -       0x00000200   Zero   RW          493    HEAP                startup_stm32f10x_md.o
    0x20002a10        -       0x00000400   Zero   RW          492    STACK               startup_stm32f10x_md.o


==============================================================================

Image component sizes


      Code (inc. data)   RO Data    RW Data    ZI Data      Debug   Object Name

       382         12          0          0          0       2878   aht20.o
      4462        732         56         32          0     228892   app_env_monitor.o
       798         72          0          0          0       6178   app_i2c.o
       940         32          0          5          0       9626   atk_ms6050.o
       786         60          0          0          0       6134   atk_ms6050_iic.o
      1132        124          0         32          0       3596   bmp280.o
       394         34          0          4          0       6467   delay.o
       944         34          0          0          0      10988   ds3231.o
         0          0          0          0          0       8804   event_groups.o
       968         82          0         28       8192       8407   heap_4.o
       144         14          0          0          0       2254   led.o
       124          0          0          0          0       2541   list.o
       160         72          0          0          0     247043   main.o
       172         22          0          0          0       1953   misc.o
       342         12          0          0          0       2122   mpu6050.o
      1386         74       7832          0       1280       9393   oled.o
       716         60          0         12          0       9860   port.o
        64         26        236          0       1536        812   startup_stm32f10x_md.o
        12          6          0          0          0        497   stm32f10x_exti.o
       322          0          0          0          0       4137   stm32f10x_gpio.o
       460         20          0          0          0       7269   stm32f10x_i2c.o
        20          0          0          0          0       2353   stm32f10x_it.o
       308         38          0         20          0       4855   stm32f10x_rcc.o
       408          6          0          0          0       4854   stm32f10x_usart.o
       328         28          0         20          0       1957   system_stm32f10x.o
      2510        284          0         64        260      24738   tasks.o
       334         28          0          6        200       4020   usart.o

    ----------------------------------------------------------------------
     18650       1872       8156        228      11468     622628   Object Totals
         0          0         32          0          0          0   (incl. Generated)
        34          0          0          5          0          0   (incl. Padding)

    ----------------------------------------------------------------------

      Code (inc. data)   RO Data    RW Data    ZI Data      Debug   Library Member Name

         8          0          0          0          0         68   __main.o
       392          4         17          0          0         92   __printf_flags_ss_wp.o
        14          0          0          0          0         68   __printf_wp.o
         0          0          0          0          0          0   __rtentry.o
        12          0          0          0          0          0   __rtentry2.o
         6          0          0          0          0          0   __rtentry4.o
        52          8          0          0          0          0   __scatter.o
        26          0          0          0          0          0   __scatter_copy.o
        28          0          0          0          0          0   __scatter_zi.o
        44          0          0          0          0        108   _printf_char.o
        48          6          0          0          0         96   _printf_char_common.o
        36          4          0          0          0         80   _printf_char_file.o
       120         16          0          0          0         92   _printf_dec.o
       178          0          0          0          0         88   _printf_intcommon.o
        78          0          0          0          0        108   _printf_pad.o
         0          0          0          0          0          0   _printf_percent.o
         4          0          0          0          0          0   _printf_percent_end.o
         6          0          0          0          0          0   _printf_s.o
        82          0          0          0          0         80   _printf_str.o
         6          0          0          0          0          0   _printf_u.o
        22          0          0          0          0        100   _rserrno.o
        10          0          0          0          0         68   _sputc.o
        18          0          0          0          0         80   exit.o
         8          0          0          0          0         68   ferror.o
         6          0          0          0          0        152   heapauxi.o
         2          0          0          0          0          0   libinit.o
         2          0          0          0          0          0   libinit2.o
         2          0          0          0          0          0   libshutdown.o
         2          0          0          0          0          0   libshutdown2.o
         8          4          0          0         96         68   libspace.o
        72          0          0          0          0         76   llsdiv.o
       238          0          0          0          0        100   lludivv7m.o
        24          4          0          0          0         84   noretval__2printf.o
        40          6          0          0          0         84   noretval__2sprintf.o
         8          4          0          0          0         68   rt_errno_addr_intlibspace.o
        78          0          0          0          0         80   rt_memclr_w.o
       138          0          0          0          0         68   rt_memcpy_v6.o
       100          0          0          0          0         80   rt_memcpy_w.o
         2          0          0          0          0          0   rtexit.o
        10          0          0          0          0          0   rtexit2.o
        62          0          0          0          0         76   strlen.o
       150          0          0          0          0         80   strncmp.o
        74          0          0          0          0         80   sys_stackheap_outer.o
         2          0          0          0          0         68   use_no_semi.o
         2          0          0          0          0         68   use_no_semi_2.o
       450          8          0          0          0        236   faddsub_clz.o
        12          4          0          0          0         68   fcheck1.o
        24          0          0          0          0         68   fcmpi.o
       388         76          0          0          0         96   fdiv.o
       136          8          0          0          0        168   ffix.o
        62          4          0          0          0         84   ffixu.o
        86          0          0          0          0        136   fflt_clz.o
       104          4          0          0          0         84   fleqf.o
       258          4          0          0          0         84   fmul.o
       140          4          0          0          0         84   fnaninf.o
        10          0          0          0          0         68   fretinf.o
        98          0          0          0          0         68   frleqf.o
       100          0          0          0          0         68   retnan.o
        76          0          0          0          0         68   scalbnf.o
        48          0          0          0          0         68   trapv.o
         0          0          0          0          0          0   usenofp.o
        38          0          0          0          0         68   fpclassifyf.o
        42          0          0          0          0        340   funder.o
      1568         80        320          0          0        224   powf.o

    ----------------------------------------------------------------------
      5876        248        338          0         96       4508   Library Totals
        16          0          1          0          0          0   (incl. Padding)

    ----------------------------------------------------------------------

      Code (inc. data)   RO Data    RW Data    ZI Data      Debug   Library Name

      2220         56         17          0         96       2428   c_w.l
      1992        112          0          0          0       1448   fz_ws.l
      1648         80        320          0          0        632   m_ws.l

    ----------------------------------------------------------------------
      5876        248        338          0         96       4508   Library Totals

    ----------------------------------------------------------------------

==============================================================================


      Code (inc. data)   RO Data    RW Data    ZI Data      Debug   

     24526       2120       8494        228      11564     614080   Grand Totals
     24526       2120       8494        228      11564     614080   ELF Image Totals
     24526       2120       8494        228          0          0   ROM Totals

==============================================================================

    Total RO  Size (Code + RO Data)                33020 (  32.25kB)
    Total RW  Size (RW Data + ZI Data)             11792 (  11.52kB)
    Total ROM Size (Code + RO Data + RW Data)      33248 (  32.47kB)

==============================================================================

