Component: ARM Compiler 5.06 update 6 (build 750) Tool: armlink [4d35ed]

==============================================================================

Section Cross References

    main.o(i.board_init) refers to misc.o(i.NVIC_PriorityGroupConfig) for NVIC_PriorityGroupConfig
    main.o(i.board_init) refers to delay.o(i.delay_init) for delay_init
    main.o(i.board_init) refers to usart.o(i.uart_init) for uart_init
    main.o(i.board_init) refers to led.o(i.led_init) for led_init
    main.o(i.fatal_blink_forever) refers to led.o(i.led_toggle) for led_toggle
    main.o(i.fatal_blink_forever) refers to delay.o(i.delay_ms) for delay_ms
    main.o(i.main) refers to main.o(i.board_init) for board_init
    main.o(i.main) refers to noretval__2printf.o(.text) for __2printf
    main.o(i.main) refers to app_env_monitor.o(i.app_env_monitor_start) for app_env_monitor_start
    main.o(i.main) refers to main.o(i.fatal_blink_forever) for fatal_blink_forever
    main.o(i.main) refers to tasks.o(i.vTaskStartScheduler) for vTaskStartScheduler
    app_env_monitor.o(i.app_env_monitor_start) refers to tasks.o(i.xTaskCreate) for xTaskCreate
    app_env_monitor.o(i.app_env_monitor_start) refers to app_env_monitor.o(i.env_monitor_task) for env_monitor_task
    app_env_monitor.o(i.env_monitor_calc_altitude_m) refers to fleqf.o(x$fpl$fleqf) for __aeabi_cfcmple
    app_env_monitor.o(i.env_monitor_calc_altitude_m) refers to fdiv.o(x$fpl$fdiv) for __aeabi_fdiv
    app_env_monitor.o(i.env_monitor_calc_altitude_m) refers to powf.o(i.powf) for powf
    app_env_monitor.o(i.env_monitor_calc_altitude_m) refers to faddsub_clz.o(x$fpl$frsb) for __aeabi_frsub
    app_env_monitor.o(i.env_monitor_calc_altitude_m) refers to fmul.o(x$fpl$fmul) for __aeabi_fmul
    app_env_monitor.o(i.env_monitor_calc_weekday) refers to app_env_monitor.o(.constdata) for offsets
    app_env_monitor.o(i.env_monitor_days_in_month) refers to app_env_monitor.o(i.env_monitor_is_leap_year) for env_monitor_is_leap_year
    app_env_monitor.o(i.env_monitor_days_in_month) refers to app_env_monitor.o(.constdata) for days
    app_env_monitor.o(i.env_monitor_fetch_uart_line) refers to rt_memcpy_v6.o(.text) for __aeabi_memcpy
    app_env_monitor.o(i.env_monitor_fetch_uart_line) refers to usart.o(.data) for USART_RX_STA
    app_env_monitor.o(i.env_monitor_fetch_uart_line) refers to usart.o(.bss) for USART_RX_BUF
    app_env_monitor.o(i.env_monitor_handle_uart_command) refers to _printf_pad.o(.text) for _printf_pre_padding
    app_env_monitor.o(i.env_monitor_handle_uart_command) refers to _printf_percent.o(.ARM.Collect$$_printf_percent$$00000000) for _printf_percent
    app_env_monitor.o(i.env_monitor_handle_uart_command) refers to _printf_u.o(.ARM.Collect$$_printf_percent$$0000000A) for _printf_u
    app_env_monitor.o(i.env_monitor_handle_uart_command) refers to _printf_dec.o(.text) for _printf_int_dec
    app_env_monitor.o(i.env_monitor_handle_uart_command) refers to app_env_monitor.o(i.env_monitor_fetch_uart_line) for env_monitor_fetch_uart_line
    app_env_monitor.o(i.env_monitor_handle_uart_command) refers to app_env_monitor.o(i.env_monitor_parse_time_command) for env_monitor_parse_time_command
    app_env_monitor.o(i.env_monitor_handle_uart_command) refers to noretval__2printf.o(.text) for __2printf
    app_env_monitor.o(i.env_monitor_handle_uart_command) refers to ds3231.o(i.DS3231_Init) for DS3231_Init
    app_env_monitor.o(i.env_monitor_handle_uart_command) refers to ds3231.o(i.DS3231_SetTime) for DS3231_SetTime
    app_env_monitor.o(i.env_monitor_handle_uart_command) refers to ds3231.o(i.DS3231_GetTime) for DS3231_GetTime
    app_env_monitor.o(i.env_monitor_log_uart) refers to _printf_percent.o(.ARM.Collect$$_printf_percent$$00000000) for _printf_percent
    app_env_monitor.o(i.env_monitor_log_uart) refers to _printf_s.o(.ARM.Collect$$_printf_percent$$00000014) for _printf_s
    app_env_monitor.o(i.env_monitor_log_uart) refers to _printf_str.o(.text) for _printf_str
    app_env_monitor.o(i.env_monitor_log_uart) refers to app_env_monitor.o(i.format_time_hms) for format_time_hms
    app_env_monitor.o(i.env_monitor_log_uart) refers to noretval__2printf.o(.text) for __2printf
    app_env_monitor.o(i.env_monitor_log_uart) refers to app_env_monitor.o(i.format_tagged_signed_1) for format_tagged_signed_1
    app_env_monitor.o(i.env_monitor_log_uart) refers to app_env_monitor.o(i.format_tagged_unsigned_1) for format_tagged_unsigned_1
    app_env_monitor.o(i.env_monitor_log_uart) refers to fdiv.o(x$fpl$fdiv) for __aeabi_fdiv
    app_env_monitor.o(i.env_monitor_parse_time_command) refers to strlen.o(.text) for strlen
    app_env_monitor.o(i.env_monitor_parse_time_command) refers to strncmp.o(.text) for strncmp
    app_env_monitor.o(i.env_monitor_parse_time_command) refers to app_env_monitor.o(i.env_monitor_parse_fixed_uint) for env_monitor_parse_fixed_uint
[...]
    i.env_monitor_render_homepage            0x08002c84   Section        0  app_env_monitor.o(i.env_monitor_render_homepage)
    env_monitor_render_homepage              0x08002c85   Thumb Code   330  app_env_monitor.o(i.env_monitor_render_homepage)
    i.env_monitor_task                       0x08002e14   Section        0  app_env_monitor.o(i.env_monitor_task)
    env_monitor_task                         0x08002e15   Thumb Code   122  app_env_monitor.o(i.env_monitor_task)
    i.env_monitor_update_aht20               0x08002e8e   Section        0  app_env_monitor.o(i.env_monitor_update_aht20)
    env_monitor_update_aht20                 0x08002e8f   Thumb Code    78  app_env_monitor.o(i.env_monitor_update_aht20)
    i.env_monitor_update_bmp280              0x08002edc   Section        0  app_env_monitor.o(i.env_monitor_update_bmp280)
    env_monitor_update_bmp280                0x08002edd   Thumb Code   100  app_env_monitor.o(i.env_monitor_update_bmp280)
    i.env_monitor_update_rtc                 0x08002f40   Section        0  app_env_monitor.o(i.env_monitor_update_rtc)
    env_monitor_update_rtc                   0x08002f41   Thumb Code   116  app_env_monitor.o(i.env_monitor_update_rtc)
    i.fatal_blink_forever                    0x08002fb4   Section        0  main.o(i.fatal_blink_forever)
    fatal_blink_forever                      0x08002fb5   Thumb Code    16  main.o(i.fatal_blink_forever)
    i.format_pressure_cell                   0x08002fc4   Section        0  app_env_monitor.o(i.format_pressure_cell)
    format_pressure_cell                     0x08002fc5   Thumb Code    60  app_env_monitor.o(i.format_pressure_cell)
    i.format_tagged_signed_1                 0x0800300c   Section        0  app_env_monitor.o(i.format_tagged_signed_1)
    format_tagged_signed_1                   0x0800300d   Thumb Code   102  app_env_monitor.o(i.format_tagged_signed_1)
    i.format_tagged_unsigned_1               0x08003090   Section        0  app_env_monitor.o(i.format_tagged_unsigned_1)
    format_tagged_unsigned_1                 0x08003091   Thumb Code    54  app_env_monitor.o(i.format_tagged_unsigned_1)
    i.format_time_hms                        0x080030d4   Section        0  app_env_monitor.o(i.format_time_hms)
    format_time_hms                          0x080030d5   Thumb Code    24  app_env_monitor.o(i.format_time_hms)
    i.fputc                                  0x080030fc   Section        0  usart.o(i.fputc)
    i.led_init                               0x08003118   Section        0  led.o(i.led_init)
    i.led_is_on                              0x08003148   Section        0  led.o(i.led_is_on)
    i.led_off                                0x08003164   Section        0  led.o(i.led_off)
    i.led_toggle                             0x0800316e   Section        0  led.o(i.led_toggle)
    i.led_write                              0x08003184   Section        0  led.o(i.led_write)
    led_write                                0x08003185   Thumb Code    30  led.o(i.led_write)
    i.main                                   0x080031a8   Section        0  main.o(i.main)
    i.powf                                   0x0800321c   Section        0  powf.o(i.powf)
    i.prvAddCurrentTaskToDelayedList         0x0800383c   Section        0  tasks.o(i.prvAddCurrentTaskToDelayedList)
    prvAddCurrentTaskToDelayedList           0x0800383d   Thumb Code   174  tasks.o(i.prvAddCurrentTaskToDelayedList)
    i.prvAddNewTaskToReadyList               0x08003908   Section        0  tasks.o(i.prvAddNewTaskToReadyList)
    prvAddNewTaskToReadyList                 0x08003909   Thumb Code   212  tasks.o(i.prvAddNewTaskToReadyList)
    i.prvCheckTasksWaitingTermination        0x080039f8   Section        0  tasks.o(i.prvCheckTasksWaitingTermination)
    prvCheckTasksWaitingTermination          0x080039f9   Thumb Code    60  tasks.o(i.prvCheckTasksWaitingTermination)
    i.prvCreateIdleTasks                     0x08003a40   Section        0  tasks.o(i.prvCreateIdleTasks)
    prvCreateIdleTasks                       0x08003a41   Thumb Code   104  tasks.o(i.prvCreateIdleTasks)
    i.prvCreateTask                          0x08003ab8   Section        0  tasks.o(i.prvCreateTask)
    prvCreateTask                            0x08003ab9   Thumb Code    90  tasks.o(i.prvCreateTask)
    i.prvDeleteTCB                           0x08003b12   Section        0  tasks.o(i.prvDeleteTCB)
    prvDeleteTCB                             0x08003b13   Thumb Code    18  tasks.o(i.prvDeleteTCB)
    i.prvHeapInit                            0x08003b24   Section        0  heap_4.o(i.prvHeapInit)
    prvHeapInit                              0x08003b25   Thumb Code    88  heap_4.o(i.prvHeapInit)
    i.prvIdleTask                            0x08003b90   Section        0  tasks.o(i.prvIdleTask)
    prvIdleTask                              0x08003b91   Thumb Code    32  tasks.o(i.prvIdleTask)
    i.prvInitialiseNewTask                   0x08003bb8   Section        0  tasks.o(i.prvInitialiseNewTask)
    prvInitialiseNewTask                     0x08003bb9   Thumb Code   234  tasks.o(i.prvInitialiseNewTask)
    i.prvInitialiseTaskLists                 0x08003ca4   Section        0  tasks.o(i.prvInitialiseTaskLists)
    prvInitialiseTaskLists                   0x08003ca5   Thumb Code    70  tasks.o(i.prvInitialiseTaskLists)
    i.prvInsertBlockIntoFreeList             0x08003d0c   Section        0  heap_4.o(i.prvInsertBlockIntoFreeList)
    prvInsertBlockIntoFreeList               0x08003d0d   Thumb Code   144  heap_4.o(i.prvInsertBlockIntoFreeList)
    i.prvResetNextTaskUnblockTime            0x08003dac   Section        0  tasks.o(i.prvResetNextTaskUnblockTime)
    prvResetNextTaskUnblockTime              0x08003dad   Thumb Code    40  tasks.o(i.prvResetNextTaskUnblockTime)
    i.prvTaskExitError                       0x08003ddc   Section        0  port.o(i.prvTaskExitError)
    prvTaskExitError                         0x08003ddd   Thumb Code    60  port.o(i.prvTaskExitError)
    i.pvPortMalloc                           0x08003e1c   Section        0  heap_4.o(i.pvPortMalloc)
    i.pxPortInitialiseStack                  0x08004018   Section        0  port.o(i.pxPortInitialiseStack)
    i.round_signed_1                         0x0800403c   Section        0  app_env_monitor.o(i.round_signed_1)
    round_signed_1                           0x0800403d   Thumb Code    66  app_env_monitor.o(i.round_signed_1)
    i.round_unsigned_1                       0x08004084   Section        0  app_env_monitor.o(i.round_unsigned_1)
    round_unsigned_1                         0x08004085   Thumb Code    42  app_env_monitor.o(i.round_unsigned_1)
    i.uart_init                              0x080040b4   Section        0  usart.o(i.uart_init)
    i.uxListRemove                           0x08004158   Section        0  list.o(i.uxListRemove)
    i.vListInitialise                        0x08004180   Section        0  list.o(i.vListInitialise)
    i.vListInitialiseItem                    0x0800419a   Section        0  list.o(i.vListInitialiseItem)
    i.vListInsert                            0x080041a0   Section        0  list.o(i.vListInsert)
    i.vPortEnterCritical                     0x080041d4   Section        0  port.o(i.vPortEnterCritical)
    i.vPortExitCritical                      0x08004228   Section        0  port.o(i.vPortExitCritical)
    i.vPortFree                              0x08004264   Section        0  heap_4.o(i.vPortFree)
    i.vPortSetupTimerInterrupt               0x08004324   Section        0  port.o(i.vPortSetupTimerInterrupt)
    i.vTaskDelay                             0x0800433c   Section        0  tasks.o(i.vTaskDelay)
    i.vTaskStartScheduler                    0x08004398   Section        0  tasks.o(i.vTaskStartScheduler)
    i.vTaskSuspendAll                        0x08004408   Section        0  tasks.o(i.vTaskSuspendAll)
    i.vTaskSwitchContext                     0x08004418   Section        0  tasks.o(i.vTaskSwitchContext)
    i.xPortStartScheduler                    0x080044ac   Section        0  port.o(i.xPortStartScheduler)
    i.xTaskCreate                            0x080045a4   Section        0  tasks.o(i.xTaskCreate)
    i.xTaskGetSchedulerState                 0x080045dc   Section        0  tasks.o(i.xTaskGetSchedulerState)
    i.xTaskGetTickCount                      0x080045fc   Section        0  tasks.o(i.xTaskGetTickCount)
    i.xTaskIncrementTick                     0x08004608   Section        0  tasks.o(i.xTaskIncrementTick)
    i.xTaskResumeAll                         0x080047d4   Section        0  tasks.o(i.xTaskResumeAll)
    x$fpl$fadd                               0x08004970   Section      196  faddsub_clz.o(x$fpl$fadd)
    _fadd1                                   0x0800497f   Thumb Code     0  faddsub_clz.o(x$fpl$fadd)
    x$fpl$fcheck1                            0x08004a34   Section       12  fcheck1.o(x$fpl$fcheck1)
    x$fpl$fcmpinf                            0x08004a40   Section       24  fcmpi.o(x$fpl$fcmpinf)
    x$fpl$fdiv                               0x08004a58   Section      388  fdiv.o(x$fpl$fdiv)
    _fdiv1                                   0x08004a59   Thumb Code     0  fdiv.o(x$fpl$fdiv)
    x$fpl$ffix                               0x08004bdc   Section       54  ffix.o(x$fpl$ffix)
    x$fpl$ffixr                              0x08004c14   Section       82  ffix.o(x$fpl$ffixr)
    x$fpl$ffixu                              0x08004c68   Section       62  ffixu.o(x$fpl$ffixu)
    x$fpl$fflt                               0x08004ca8   Section       48  fflt_clz.o(x$fpl$fflt)
    x$fpl$ffltu                              0x08004cd8   Section       38  fflt_clz.o(x$fpl$ffltu)
    x$fpl$fleqf                              0x08004d00   Section      104  fleqf.o(x$fpl$fleqf)
    x$fpl$fmul                               0x08004d68   Section      258  fmul.o(x$fpl$fmul)
    x$fpl$fnaninf                            0x08004e6a   Section      140  fnaninf.o(x$fpl$fnaninf)
    x$fpl$fretinf                            0x08004ef6   Section       10  fretinf.o(x$fpl$fretinf)
    x$fpl$frleqf                             0x08004f00   Section       98  frleqf.o(x$fpl$frleqf)
    x$fpl$frsb                               0x08004f62   Section       20  faddsub_clz.o(x$fpl$frsb)
    x$fpl$fsub                               0x08004f78   Section      234  faddsub_clz.o(x$fpl$fsub)
    _fsub1                                   0x08004f87   Thumb Code     0  faddsub_clz.o(x$fpl$fsub)
    x$fpl$retnan                             0x08005062   Section      100  retnan.o(x$fpl$retnan)
    x$fpl$scalbnf                            0x080050c6   Section       76  scalbnf.o(x$fpl$scalbnf)
    x$fpl$trapveneer                         0x08005112   Section       48  trapv.o(x$fpl$trapveneer)
    .constdata                               0x08005142   Section       24  app_env_monitor.o(.constdata)
    x$fpl$usenofp                            0x08005142   Section        0  usenofp.o(x$fpl$usenofp)
    days                                     0x08005142   Data          12  app_env_monitor.o(.constdata)
    offsets                                  0x0800514e   Data          12  app_env_monitor.o(.constdata)
    .constdata                               0x0800515a   Section     7696  oled.o(.constdata)
    .constdata                               0x08006f6a   Section       17  __printf_flags_ss_wp.o(.constdata)
    maptable                                 0x08006f6a   Data          17  __printf_flags_ss_wp.o(.constdata)
    .constdata                               0x08006f7c   Section      320  powf.o(.constdata)
    table                                    0x08006f7c   Data         128  powf.o(.constdata)
    powersof2to1over16top                    0x08006ffc   Data          64  powf.o(.constdata)
    powersof2to1over16bot                    0x0800703c   Data          64  powf.o(.constdata)
    powersof2to1over16all                    0x0800707c   Data          64  powf.o(.constdata)
    .data                                    0x20000000   Section       20  system_stm32f10x.o(.data)
    .data                                    0x20000014   Section       20  stm32f10x_rcc.o(.data)
    APBAHBPrescTable                         0x20000014   Data          16  stm32f10x_rcc.o(.data)
    ADCPrescTable                            0x20000024   Data           4  stm32f10x_rcc.o(.data)
    .data                                    0x20000028   Section        4  delay.o(.data)
    fac_us                                   0x20000028   Data           1  delay.o(.data)
    fac_ms                                   0x2000002a   Data           2  delay.o(.data)
    .data                                    0x2000002c   Section        6  usart.o(.data)
    .data                                    0x20000034   Section       64  tasks.o(.data)
    pxDelayedTaskList                        0x20000038   Data           4  tasks.o(.data)
    pxOverflowDelayedTaskList                0x2000003c   Data           4  tasks.o(.data)
    uxDeletedTasksWaitingCleanUp             0x20000040   Data           4  tasks.o(.data)
    uxCurrentNumberOfTasks                   0x20000044   Data           4  tasks.o(.data)
    xTickCount                               0x20000048   Data           4  tasks.o(.data)
    uxTopReadyPriority                       0x2000004c   Data           4  tasks.o(.data)
    xSchedulerRunning                        0x20000050   Data           4  tasks.o(.data)
    xPendedTicks                             0x20000054   Data           4  tasks.o(.data)
    xYieldPendings                           0x20000058   Data           4  tasks.o(.data)
    xNumOfOverflows                          0x2000005c   Data           4  tasks.o(.data)
    uxTaskNumber                             0x20000060   Data           4  tasks.o(.data)
    xNextTaskUnblockTime                     0x20000064   Data           4  tasks.o(.data)
    xIdleTaskHandles                         0x20000068   Data           4  tasks.o(.data)
    uxTopUsedPriority                        0x2000006c   Data           4  tasks.o(.data)
    uxSchedulerSuspended                     0x20000070   Data           4  tasks.o(.data)
    .data                                    0x20000074   Section       12  port.o(.data)
    uxCriticalNesting                        0x20000074   Data           4  port.o(.data)
    ucMaxSysCallPriority                     0x20000078   Data           1  port.o(.data)
    ulMaxPRIGROUPValue                       0x2000007c   Data           4  port.o(.data)
    .data                                    0x20000080   Section       28  heap_4.o(.data)
    xStart                                   0x20000080   Data           8  heap_4.o(.data)
    pxEnd                                    0x20000088   Data           4  heap_4.o(.data)
    xFreeBytesRemaining                      0x2000008c   Data           4  heap_4.o(.data)
    xMinimumEverFreeBytesRemaining           0x20000090   Data           4  heap_4.o(.data)
    xNumberOfSuccessfulAllocations           0x20000094   Data           4  heap_4.o(.data)
    xNumberOfSuccessfulFrees                 0x20000098   Data           4  heap_4.o(.data)
    .data                                    0x2000009c   Section       32  bmp280.o(.data)
    bmp280_addr                              0x2000009c   Data           1  bmp280.o(.data)
    dig_T1                                   0x2000009e   Data           2  bmp280.o(.data)
    dig_T2                                   0x200000a0   Data           2  bmp280.o(.data)
    dig_T3                                   0x200000a2   Data           2  bmp280.o(.data)
    dig_P1                                   0x200000a4   Data           2  bmp280.o(.data)
    dig_P2                                   0x200000a6   Data           2  bmp280.o(.data)
    dig_P3                                   0x200000a8   Data           2  bmp280.o(.data)
    dig_P4                                   0x200000aa   Data           2  bmp280.o(.data)
    dig_P5                                   0x200000ac   Data           2  bmp280.o(.data)
    dig_P6                                   0x200000ae   Data           2  bmp280.o(.data)
    dig_P7                                   0x200000b0   Data           2  bmp280.o(.data)
    dig_P8                                   0x200000b2   Data           2  bmp280.o(.data)
    dig_P9                                   0x200000b4   Data           2  bmp280.o(.data)
    t_fine                                   0x200000b8   Data           4  bmp280.o(.data)
    .bss                                     0x200000bc   Section      200  usart.o(.bss)
    .bss                                     0x20000184   Section      260  tasks.o(.bss)
    pxReadyTasksLists                        0x20000184   Data         160  tasks.o(.bss)
    xDelayedTaskList1                        0x20000224   Data          20  tasks.o(.bss)
    xDelayedTaskList2                        0x20000238   Data          20  tasks.o(.bss)
    xPendingReadyList                        0x2000024c   Data          20  tasks.o(.bss)
    xTasksWaitingTermination                 0x20000260   Data          20  tasks.o(.bss)
    xSuspendedTaskList                       0x20000274   Data          20  tasks.o(.bss)
    .bss                                     0x20000288   Section     8192  heap_4.o(.bss)
    ucHeap                                   0x20000288   Data        8192  heap_4.o(.bss)
    .bss                                     0x20002288   Section     1280  oled.o(.bss)
    oled_page_buffer                         0x20002708   Data         128  oled.o(.bss)
    .bss                                     0x20002788   Section       96  libspace.o(.bss)
    HEAP                                     0x200027e8   Section      512  startup_stm32f10x_md.o(HEAP)
    Heap_Mem                                 0x200027e8   Data         512  startup_stm32f10x_md.o(HEAP)
    STACK                                    0x200029e8   Section     1024  startup_stm32f10x_md.o(STACK)
    Stack_Mem                                0x200029e8   Data        1024  startup_stm32f10x_md.o(STACK)
    __initial_sp                             0x20002de8   Data           0  startup_stm32f10x_md.o(STACK)

    Global Symbols

    Symbol Name                              Value     Ov Type        Size  Object(Section)

    BuildAttributes$$THM_ISAv4$P$D$K$B$S$PE$A:L22UL41UL21$X:L11$S22US41US21$IEEE1$IW$USESV6$~STKCKD$USESV7$~SHL$OTIME$ROPI$IEEEX$EBA8$UX$STANDARDLIB$REQ8$PRES8$EABIv2 0x00000000   Number         0  anon$$obj.o ABSOLUTE
    __ARM_use_no_argv                        0x00000000   Number         0  main.o ABSOLUTE
    _printf_flags                            0x00000000   Number         0  printf_stubs.o ABSOLUTE
    _printf_return_value                     0x00000000   Number         0  printf_stubs.o ABSOLUTE
    _printf_sizespec                         0x00000000   Number         0  printf_stubs.o ABSOLUTE
    _printf_widthprec                        0x00000000   Number         0  printf_stubs.o ABSOLUTE
    __ARM_exceptions_init                     - Undefined Weak Reference
    __alloca_initialize                       - Undefined Weak Reference
    __arm_preinit_                            - Undefined Weak Reference
    __cpp_initialize__aeabi_                  - Undefined Weak Reference
    __cxa_finalize                            - Undefined Weak Reference
    __rt_locale                               - Undefined Weak Reference
    __sigvec_lookup                           - Undefined Weak Reference
    _atexit_init                              - Undefined Weak Reference
    _call_atexit_fns                          - Undefined Weak Reference
    _clock_init                               - Undefined Weak Reference
    _fp_trap_init                             - Undefined Weak Reference
    _fp_trap_shutdown                         - Undefined Weak Reference
    _get_lc_collate                           - Undefined Weak Reference
    _get_lc_ctype                             - Undefined Weak Reference
    _get_lc_monetary                          - Undefined Weak Reference
    _get_lc_numeric                           - Undefined Weak Reference
    _get_lc_time                              - Undefined Weak Reference
    _getenv_init                              - Undefined Weak Reference
    _handle_redirection                       - Undefined Weak Reference
    _init_alloc                               - Undefined Weak Reference
    _init_user_alloc                          - Undefined Weak Reference
    _initio                                   - Undefined Weak Reference
    _mutex_acquire                            - Undefined Weak Reference
    _mutex_release                            - Undefined Weak Reference
    _printf_mbtowc                            - Undefined Weak Reference
    _printf_truncate_signed                   - Undefined Weak Reference
    _printf_truncate_unsigned                 - Undefined Weak Reference
    _rand_init                                - Undefined Weak Reference
    _signal_finish                            - Undefined Weak Reference
    _signal_init                              - Undefined Weak Reference
    _terminate_alloc                          - Undefined Weak Reference
    _terminate_user_alloc                     - Undefined Weak Reference
    _terminateio                              - Undefined Weak Reference
    __Vectors_Size                           0x000000ec   Number         0  startup_stm32f10x_md.o ABSOLUTE
    __Vectors                                0x08000000   Data           4  startup_stm32f10x_md.o(RESET)
    __Vectors_End                            0x080000ec   Data           0  startup_stm32f10x_md.o(RESET)
    __main                                   0x080000ed   Thumb Code     8  __main.o(!!!main)
    __scatterload                            0x080000f5   Thumb Code     0  __scatter.o(!!!scatter)
    __scatterload_rt2                        0x080000f5   Thumb Code    44  __scatter.o(!!!scatter)
    __scatterload_rt2_thumb_only             0x080000f5   Thumb Code     0  __scatter.o(!!!scatter)
    __scatterload_null                       0x08000103   Thumb Code     0  __scatter.o(!!!scatter)
    __scatterload_copy                       0x08000129   Thumb Code    26  __scatter_copy.o(!!handler_copy)
    __scatterload_zeroinit                   0x08000145   Thumb Code    28  __scatter_zi.o(!!handler_zi)
    _printf_percent                          0x08000161   Thumb Code     0  _printf_percent.o(.ARM.Collect$$_printf_percent$$00000000)
    _printf_u                                0x08000161   Thumb Code     0  _printf_u.o(.ARM.Collect$$_printf_percent$$0000000A)
    _printf_s                                0x08000167   Thumb Code     0  _printf_s.o(.ARM.Collect$$_printf_percent$$00000014)
    _printf_percent_end                      0x0800016d   Thumb Code     0  _printf_percent_end.o(.ARM.Collect$$_printf_percent$$00000017)
    __rt_lib_init                            0x08000171   Thumb Code     0  libinit.o(.ARM.Collect$$libinit$$00000000)
    __rt_lib_init_alloca_1                   0x08000173   Thumb Code     0  libinit2.o(.ARM.Collect$$libinit$$0000002E)
    __rt_lib_init_argv_1                     0x08000173   Thumb Code     0  libinit2.o(.ARM.Collect$$libinit$$0000002C)
    __rt_lib_init_atexit_1                   0x08000173   Thumb Code     0  libinit2.o(.ARM.Collect$$libinit$$0000001B)
    __rt_lib_init_clock_1                    0x08000173   Thumb Code     0  libinit2.o(.ARM.Collect$$libinit$$00000021)
    __rt_lib_init_cpp_1                      0x08000173   Thumb Code     0  libinit2.o(.ARM.Collect$$libinit$$00000032)
    __rt_lib_init_exceptions_1               0x08000173   Thumb Code     0  libinit2.o(.ARM.Collect$$libinit$$00000030)
    __rt_lib_init_fp_1                       0x08000173   Thumb Code     0  libinit2.o(.ARM.Collect$$libinit$$00000002)
    __rt_lib_init_fp_trap_1                  0x08000173   Thumb Code     0  libinit2.o(.ARM.Collect$$libinit$$0000001F)
    __rt_lib_init_getenv_1                   0x08000173   Thumb Code     0  libinit2.o(.ARM.Collect$$libinit$$00000023)
    __rt_lib_init_heap_1                     0x08000173   Thumb Code     0  libinit2.o(.ARM.Collect$$libinit$$0000000A)
    __rt_lib_init_lc_collate_1               0x08000173   Thumb Code     0  libinit2.o(.ARM.Collect$$libinit$$00000011)
    __rt_lib_init_lc_ctype_1                 0x08000173   Thumb Code     0  libinit2.o(.ARM.Collect$$libinit$$00000013)
    __rt_lib_init_lc_monetary_1              0x08000173   Thumb Code     0  libinit2.o(.ARM.Collect$$libinit$$00000015)
    __rt_lib_init_lc_numeric_1               0x08000173   Thumb Code     0  libinit2.o(.ARM.Collect$$libinit$$00000017)
    __rt_lib_init_lc_time_1                  0x08000173   Thumb Code     0  libinit2.o(.ARM.Collect$$libinit$$00000019)
    __rt_lib_init_preinit_1                  0x08000173   Thumb Code     0  libinit2.o(.ARM.Collect$$libinit$$00000004)
    __rt_lib_init_rand_1                     0x08000173   Thumb Code     0  libinit2.o(.ARM.Collect$$libinit$$0000000E)
    __rt_lib_init_return                     0x08000173   Thumb Code     0  libinit2.o(.ARM.Collect$$libinit$$00000033)
    __rt_lib_init_signal_1                   0x08000173   Thumb Code     0  libinit2.o(.ARM.Collect$$libinit$$0000001D)
    __rt_lib_init_stdio_1                    0x08000173   Thumb Code     0  libinit2.o(.ARM.Collect$$libinit$$00000025)
    __rt_lib_init_user_alloc_1               0x08000173   Thumb Code     0  libinit2.o(.ARM.Collect$$libinit$$0000000C)
    __rt_lib_shutdown                        0x08000175   Thumb Code     0  libshutdown.o(.ARM.Collect$$libshutdown$$00000000)
    __rt_lib_shutdown_cpp_1                  0x08000177   Thumb Code     0  libshutdown2.o(.ARM.Collect$$libshutdown$$00000002)
    __rt_lib_shutdown_fp_trap_1              0x08000177   Thumb Code     0  libshutdown2.o(.ARM.Collect$$libshutdown$$00000007)
    __rt_lib_shutdown_heap_1                 0x08000177   Thumb Code     0  libshutdown2.o(.ARM.Collect$$libshutdown$$0000000F)
    __rt_lib_shutdown_return                 0x08000177   Thumb Code     0  libshutdown2.o(.ARM.Collect$$libshutdown$$00000010)
    __rt_lib_shutdown_signal_1               0x08000177   Thumb Code     0  libshutdown2.o(.ARM.Collect$$libshutdown$$0000000A)
    __rt_lib_shutdown_stdio_1                0x08000177   Thumb Code     0  libshutdown2.o(.ARM.Collect$$libshutdown$$00000004)
    __rt_lib_shutdown_user_alloc_1           0x08000177   Thumb Code     0  libshutdown2.o(.ARM.Collect$$libshutdown$$0000000C)
    __rt_entry                               0x08000179   Thumb Code     0  __rtentry.o(.ARM.Collect$$rtentry$$00000000)
    __rt_entry_presh_1                       0x08000179   Thumb Code     0  __rtentry2.o(.ARM.Collect$$rtentry$$00000002)
    __rt_entry_sh                            0x08000179   Thumb Code     0  __rtentry4.o(.ARM.Collect$$rtentry$$00000004)
    __rt_entry_li                            0x0800017f   Thumb Code     0  __rtentry2.o(.ARM.Collect$$rtentry$$0000000A)
    __rt_entry_postsh_1                      0x0800017f   Thumb Code     0  __rtentry2.o(.ARM.Collect$$rtentry$$00000009)
    __rt_entry_main                          0x08000183   Thumb Code     0  __rtentry2.o(.ARM.Collect$$rtentry$$0000000D)
    __rt_entry_postli_1                      0x08000183   Thumb Code     0  __rtentry2.o(.ARM.Collect$$rtentry$$0000000C)
    __rt_exit                                0x0800018b   Thumb Code     0  rtexit.o(.ARM.Collect$$rtexit$$00000000)
    __rt_exit_ls                             0x0800018d   Thumb Code     0  rtexit2.o(.ARM.Collect$$rtexit$$00000003)
    __rt_exit_prels_1                        0x0800018d   Thumb Code     0  rtexit2.o(.ARM.Collect$$rtexit$$00000002)
    __rt_exit_exit                           0x08000191   Thumb Code     0  rtexit2.o(.ARM.Collect$$rtexit$$00000004)
    SVC_Handler                              0x08000199   Thumb Code    32  port.o(.emb_text)
    __asm___6_port_c_39a90d8d__prvStartFirstTask 0x080001bd   Thumb Code    28  port.o(.emb_text)
    PendSV_Handler                           0x080001dd   Thumb Code    72  port.o(.emb_text)
    vPortGetIPSR                             0x08000229   Thumb Code     6  port.o(.emb_text)
    Reset_Handler                            0x08000231   Thumb Code     8  startup_stm32f10x_md.o(.text)
    DebugMon_Handler                         0x08000245   Thumb Code     2  startup_stm32f10x_md.o(.text)
    ADC1_2_IRQHandler                        0x0800024b   Thumb Code     0  startup_stm32f10x_md.o(.text)
    CAN1_RX1_IRQHandler                      0x0800024b   Thumb Code     0  startup_stm32f10x_md.o(.text)
    CAN1_SCE_IRQHandler                      0x0800024b   Thumb Code     0  startup_stm32f10x_md.o(.text)
    DMA1_Channel1_IRQHandler                 0x0800024b   Thumb Code     0  startup_stm32f10x_md.o(.text)
    DMA1_Channel2_IRQHandler                 0x0800024b   Thumb Code     0  startup_stm32f10x_md.o(.text)
    DMA1_Channel3_IRQHandler                 0x0800024b   Thumb Code     0  startup_stm32f10x_md.o(.text)
    DMA1_Channel4_IRQHandler                 0x0800024b   Thumb Code     0  startup_stm32f10x_md.o(.text)
    DMA1_Channel5_IRQHandler                 0x0800024b   Thumb Code     0  startup_stm32f10x_md.o(.text)
    DMA1_Channel6_IRQHandler                 0x0800024b   Thumb Code     0  startup_stm32f10x_md.o(.text)
    DMA1_Channel7_IRQHandler                 0x0800024b   Thumb Code     0  startup_stm32f10x_md.o(.text)
    EXTI0_IRQHandler                         0x0800024b   Thumb Code     0  startup_stm32f10x_md.o(.text)
    EXTI1_IRQHandler                         0x0800024b   Thumb Code     0  startup_stm32f10x_md.o(.text)
    EXTI2_IRQHandler                         0x0800024b   Thumb Code     0  startup_stm32f10x_md.o(.text)
    EXTI3_IRQHandler                         0x0800024b   Thumb Code     0  startup_stm32f10x_md.o(.text)
    EXTI4_IRQHandler                         0x0800024b   Thumb Code     0  startup_stm32f10x_md.o(.text)
    EXTI9_5_IRQHandler                       0x0800024b   Thumb Code     0  startup_stm32f10x_md.o(.text)
    FLASH_IRQHandler                         0x0800024b   Thumb Code     0  startup_stm32f10x_md.o(.text)
    I2C1_ER_IRQHandler                       0x0800024b   Thumb Code     0  startup_stm32f10x_md.o(.text)
    I2C1_EV_IRQHandler                       0x0800024b   Thumb Code     0  startup_stm32f10x_md.o(.text)
    I2C2_ER_IRQHandler                       0x0800024b   Thumb Code     0  startup_stm32f10x_md.o(.text)
    I2C2_EV_IRQHandler                       0x0800024b   Thumb Code     0  startup_stm32f10x_md.o(.text)
    PVD_IRQHandler                           0x0800024b   Thumb Code     0  startup_stm32f10x_md.o(.text)
    RCC_IRQHandler                           0x0800024b   Thumb Code     0  startup_stm32f10x_md.o(.text)
    RTCAlarm_IRQHandler                      0x0800024b   Thumb Code     0  startup_stm32f10x_md.o(.text)
    RTC_IRQHandler                           0x0800024b   Thumb Code     0  startup_stm32f10x_md.o(.text)
    SPI1_IRQHandler                          0x0800024b   Thumb Code     0  startup_stm32f10x_md.o(.text)
    SPI2_IRQHandler                          0x0800024b   Thumb Code     0  startup_stm32f10x_md.o(.text)
    TAMPER_IRQHandler                        0x0800024b   Thumb Code     0  startup_stm32f10x_md.o(.text)
    TIM1_BRK_IRQHandler                      0x0800024b   Thumb Code     0  startup_stm32f10x_md.o(.text)
    TIM1_CC_IRQHandler                       0x0800024b   Thumb Code     0  startup_stm32f10x_md.o(.text)
    TIM1_TRG_COM_IRQHandler                  0x0800024b   Thumb Code     0  startup_stm32f10x_md.o(.text)
    TIM1_UP_IRQHandler                       0x0800024b   Thumb Code     0  startup_stm32f10x_md.o(.text)
    TIM2_IRQHandler                          0x0800024b   Thumb Code     0  startup_stm32f10x_md.o(.text)
    TIM3_IRQHandler                          0x0800024b   Thumb Code     0  startup_stm32f10x_md.o(.text)
    TIM4_IRQHandler                          0x0800024b   Thumb Code     0  startup_stm32f10x_md.o(.text)
    USART2_IRQHandler                        0x0800024b   Thumb Code     0  startup_stm32f10x_md.o(.text)
    USART3_IRQHandler                        0x0800024b   Thumb Code     0  startup_stm32f10x_md.o(.text)
    USBWakeUp_IRQHandler                     0x0800024b   Thumb Code     0  startup_stm32f10x_md.o(.text)
    USB_HP_CAN1_TX_IRQHandler                0x0800024b   Thumb Code     0  startup_stm32f10x_md.o(.text)
    USB_LP_CAN1_RX0_IRQHandler               0x0800024b   Thumb Code     0  startup_stm32f10x_md.o(.text)
    WWDG_IRQHandler                          0x0800024b   Thumb Code     0  startup_stm32f10x_md.o(.text)
    __user_initial_stackheap                 0x0800024d   Thumb Code     0  startup_stm32f10x_md.o(.text)
    __use_no_semihosting                     0x08000271   Thumb Code     2  use_no_semi_2.o(.text)
    __aeabi_ldivmod                          0x08000273   Thumb Code     0  llsdiv.o(.text)
    _ll_sdiv                                 0x08000273   Thumb Code    72  llsdiv.o(.text)
    __2printf                                0x080002bd   Thumb Code    20  noretval__2printf.o(.text)
    __2sprintf                               0x080002d5   Thumb Code    34  noretval__2sprintf.o(.text)
    _printf_pre_padding                      0x080002fd   Thumb Code    44  _printf_pad.o(.text)
    _printf_post_padding                     0x08000329   Thumb Code    34  _printf_pad.o(.text)
    _printf_str                              0x0800034b   Thumb Code    82  _printf_str.o(.text)
    _printf_int_dec                          0x0800039d   Thumb Code   104  _printf_dec.o(.text)
    __printf                                 0x08000415   Thumb Code   388  __printf_flags_ss_wp.o(.text)
    strlen                                   0x0800059d   Thumb Code    62  strlen.o(.text)
    strncmp                                  0x080005db   Thumb Code   150  strncmp.o(.text)
    __aeabi_memcpy                           0x08000671   Thumb Code     0  rt_memcpy_v6.o(.text)
    __rt_memcpy                              0x08000671   Thumb Code   138  rt_memcpy_v6.o(.text)
    _memcpy_lastbytes                        0x080006d7   Thumb Code     0  rt_memcpy_v6.o(.text)
    __aeabi_memclr4                          0x080006fb   Thumb Code     0  rt_memclr_w.o(.text)
    __aeabi_memclr8                          0x080006fb   Thumb Code     0  rt_memclr_w.o(.text)
    __rt_memclr_w                            0x080006fb   Thumb Code    78  rt_memclr_w.o(.text)
    _memset_w                                0x080006ff   Thumb Code     0  rt_memclr_w.o(.text)
    __use_two_region_memory                  0x08000749   Thumb Code     2  heapauxi.o(.text)
    __rt_heap_escrow$2region                 0x0800074b   Thumb Code     2  heapauxi.o(.text)
    __rt_heap_expand$2region                 0x0800074d   Thumb Code     2  heapauxi.o(.text)
    __I$use$semihosting                      0x0800074f   Thumb Code     0  use_no_semi.o(.text)
    __use_no_semihosting_swi                 0x0800074f   Thumb Code     2  use_no_semi.o(.text)
    __aeabi_uldivmod                         0x08000751   Thumb Code     0  lludivv7m.o(.text)
    _ll_udiv                                 0x08000751   Thumb Code   238  lludivv7m.o(.text)
    __read_errno                             0x0800083f   Thumb Code    10  _rserrno.o(.text)
    __set_errno                              0x08000849   Thumb Code    12  _rserrno.o(.text)
    _printf_int_common                       0x08000855   Thumb Code   178  _printf_intcommon.o(.text)
    _printf_char_common                      0x08000913   Thumb Code    32  _printf_char_common.o(.text)
    _sputc                                   0x08000939   Thumb Code    10  _sputc.o(.text)
    _printf_cs_common                        0x08000943   Thumb Code    20  _printf_char.o(.text)
    _printf_char                             0x08000957   Thumb Code    16  _printf_char.o(.text)
    _printf_string                           0x08000967   Thumb Code     8  _printf_char.o(.text)
    _printf_char_file                        0x08000971   Thumb Code    32  _printf_char_file.o(.text)
    __aeabi_memcpy4                          0x08000995   Thumb Code     0  rt_memcpy_w.o(.text)
    __aeabi_memcpy8                          0x08000995   Thumb Code     0  rt_memcpy_w.o(.text)
    __rt_memcpy_w                            0x08000995   Thumb Code   100  rt_memcpy_w.o(.text)
    _memcpy_lastbytes_aligned                0x080009dd   Thumb Code     0  rt_memcpy_w.o(.text)
    __aeabi_errno_addr                       0x080009f9   Thumb Code     8  rt_errno_addr_intlibspace.o(.text)
    __errno$intlibspace                      0x080009f9   Thumb Code     0  rt_errno_addr_intlibspace.o(.text)
    __rt_errno_addr$intlibspace              0x080009f9   Thumb Code     0  rt_errno_addr_intlibspace.o(.text)
    ferror                                   0x08000a01   Thumb Code     8  ferror.o(.text)
    __user_libspace                          0x08000a09   Thumb Code     8  libspace.o(.text)
    __user_perproc_libspace                  0x08000a09   Thumb Code     0  libspace.o(.text)
    __user_perthread_libspace                0x08000a09   Thumb Code     0  libspace.o(.text)
    __user_setup_stackheap                   0x08000a11   Thumb Code    74  sys_stackheap_outer.o(.text)
    exit                                     0x08000a5b   Thumb Code    18  exit.o(.text)
    AHT20_Init                               0x08000a6d   Thumb Code    60  aht20.o(i.AHT20_Init)
    AHT20_ReadData                           0x08000aa9   Thumb Code   228  aht20.o(i.AHT20_ReadData)
    APP_I2C_Init                             0x08000bfd   Thumb Code   112  app_i2c.o(i.APP_I2C_Init)
    APP_I2C_Read                             0x08000c79   Thumb Code   170  app_i2c.o(i.APP_I2C_Read)
    APP_I2C_ReadByte                         0x08000d2d   Thumb Code    22  app_i2c.o(i.APP_I2C_ReadByte)
    APP_I2C_ReadBytes                        0x08000d45   Thumb Code   100  app_i2c.o(i.APP_I2C_ReadBytes)
    APP_I2C_Write                            0x08000de9   Thumb Code   110  app_i2c.o(i.APP_I2C_Write)
    APP_I2C_WriteByte                        0x08000e65   Thumb Code    20  app_i2c.o(i.APP_I2C_WriteByte)
    APP_I2C_WriteBytes                       0x08000e79   Thumb Code   134  app_i2c.o(i.APP_I2C_WriteBytes)
    BMP280_Init                              0x08001149   Thumb Code   370  bmp280.o(i.BMP280_Init)
    BMP280_ReadData                          0x080012f1   Thumb Code   126  bmp280.o(i.BMP280_ReadData)
    BusFault_Handler                         0x08001379   Thumb Code     4  stm32f10x_it.o(i.BusFault_Handler)
    DS3231_GetTime                           0x080013ab   Thumb Code   124  ds3231.o(i.DS3231_GetTime)
    DS3231_Init                              0x080015e3   Thumb Code    30  ds3231.o(i.DS3231_Init)
    DS3231_SetTime                           0x08001677   Thumb Code   100  ds3231.o(i.DS3231_SetTime)
    EXTI15_10_IRQHandler                     0x0800172f   Thumb Code     2  stm32f10x_it.o(i.EXTI15_10_IRQHandler)
    GPIO_Init                                0x08001731   Thumb Code   278  stm32f10x_gpio.o(i.GPIO_Init)
    GPIO_ReadInputDataBit                    0x08001847   Thumb Code    18  stm32f10x_gpio.o(i.GPIO_ReadInputDataBit)
    GPIO_ReadOutputDataBit                   0x08001859   Thumb Code    18  stm32f10x_gpio.o(i.GPIO_ReadOutputDataBit)
    GPIO_ResetBits                           0x0800186b   Thumb Code     4  stm32f10x_gpio.o(i.GPIO_ResetBits)
    GPIO_SetBits                             0x0800186f   Thumb Code     4  stm32f10x_gpio.o(i.GPIO_SetBits)
    HardFault_Handler                        0x08001873   Thumb Code     4  stm32f10x_it.o(i.HardFault_Handler)
    I2C_AcknowledgeConfig                    0x08001877   Thumb Code    24  stm32f10x_i2c.o(i.I2C_AcknowledgeConfig)
    I2C_CheckEvent                           0x0800188f   Thumb Code    42  stm32f10x_i2c.o(i.I2C_CheckEvent)
    I2C_Cmd                                  0x080018b9   Thumb Code    24  stm32f10x_i2c.o(i.I2C_Cmd)
    I2C_DeInit                               0x080018d1   Thumb Code    50  stm32f10x_i2c.o(i.I2C_DeInit)
    I2C_GenerateSTART                        0x08001909   Thumb Code    24  stm32f10x_i2c.o(i.I2C_GenerateSTART)
    I2C_GenerateSTOP                         0x08001921   Thumb Code    24  stm32f10x_i2c.o(i.I2C_GenerateSTOP)
    I2C_Init                                 0x08001939   Thumb Code   222  stm32f10x_i2c.o(i.I2C_Init)
    I2C_ReceiveData                          0x08001a25   Thumb Code     8  stm32f10x_i2c.o(i.I2C_ReceiveData)
    I2C_Send7bitAddress                      0x08001a2d   Thumb Code    18  stm32f10x_i2c.o(i.I2C_Send7bitAddress)
    I2C_SendData                             0x08001a3f   Thumb Code     4  stm32f10x_i2c.o(i.I2C_SendData)
    MemManage_Handler                        0x08001a43   Thumb Code     4  stm32f10x_it.o(i.MemManage_Handler)
    NMI_Handler                              0x08001a47   Thumb Code     2  stm32f10x_it.o(i.NMI_Handler)
    NVIC_Init                                0x08001a49   Thumb Code   100  misc.o(i.NVIC_Init)
    NVIC_PriorityGroupConfig                 0x08001ab9   Thumb Code    10  misc.o(i.NVIC_PriorityGroupConfig)
    OLED_Clear                               0x08001acd   Thumb Code    12  oled.o(i.OLED_Clear)
    OLED_ClearBuffer                         0x08001ad9   Thumb Code    36  oled.o(i.OLED_ClearBuffer)
    OLED_DrawLine                            0x08001b01   Thumb Code   174  oled.o(i.OLED_DrawLine)
    OLED_DrawPoint                           0x08001bb1   Thumb Code    94  oled.o(i.OLED_DrawPoint)
    OLED_Init                                0x08001cd9   Thumb Code   384  oled.o(i.OLED_Init)
    OLED_Refresh                             0x08001e69   Thumb Code    82  oled.o(i.OLED_Refresh)
    OLED_ShowChar                            0x08001ec5   Thumb Code   258  oled.o(i.OLED_ShowChar)
    OLED_ShowString                          0x08001fd9   Thumb Code    68  oled.o(i.OLED_ShowString)
    OLED_WR_Byte                             0x0800201d   Thumb Code    28  oled.o(i.OLED_WR_Byte)
    RCC_APB1PeriphClockCmd                   0x08002039   Thumb Code    26  stm32f10x_rcc.o(i.RCC_APB1PeriphClockCmd)
    RCC_APB1PeriphResetCmd                   0x08002059   Thumb Code    26  stm32f10x_rcc.o(i.RCC_APB1PeriphResetCmd)
    RCC_APB2PeriphClockCmd                   0x08002079   Thumb Code    26  stm32f10x_rcc.o(i.RCC_APB2PeriphClockCmd)
    RCC_GetClocksFreq                        0x08002099   Thumb Code   192  stm32f10x_rcc.o(i.RCC_GetClocksFreq)
    SysTick_CLKSourceConfig                  0x08002255   Thumb Code    40  misc.o(i.SysTick_CLKSourceConfig)
    SysTick_Handler                          0x0800227d   Thumb Code    46  port.o(i.SysTick_Handler)
    SystemInit                               0x080022b1   Thumb Code    78  system_stm32f10x.o(i.SystemInit)
    USART1_IRQHandler                        0x08002311   Thumb Code   122  usart.o(i.USART1_IRQHandler)
    USART_Cmd                                0x08002399   Thumb Code    24  stm32f10x_usart.o(i.USART_Cmd)
    USART_GetITStatus                        0x080023b1   Thumb Code    84  stm32f10x_usart.o(i.USART_GetITStatus)
    USART_ITConfig                           0x08002405   Thumb Code    74  stm32f10x_usart.o(i.USART_ITConfig)
    USART_Init                               0x08002451   Thumb Code   210  stm32f10x_usart.o(i.USART_Init)
    USART_ReceiveData                        0x08002529   Thumb Code    10  stm32f10x_usart.o(i.USART_ReceiveData)
    UsageFault_Handler                       0x08002533   Thumb Code     4  stm32f10x_it.o(i.UsageFault_Handler)
    __ARM_fpclassifyf                        0x08002537   Thumb Code    38  fpclassifyf.o(i.__ARM_fpclassifyf)
    __mathlib_flt_divzero                    0x0800255d   Thumb Code    10  funder.o(i.__mathlib_flt_divzero)
    __mathlib_flt_infnan2                    0x08002567   Thumb Code     4  funder.o(i.__mathlib_flt_infnan2)
    __mathlib_flt_invalid                    0x0800256b   Thumb Code     8  funder.o(i.__mathlib_flt_invalid)
    __mathlib_flt_overflow                   0x08002573   Thumb Code    10  funder.o(i.__mathlib_flt_overflow)
    __mathlib_flt_underflow                  0x0800257d   Thumb Code    10  funder.o(i.__mathlib_flt_underflow)
    _is_digit                                0x08002587   Thumb Code    14  __printf_wp.o(i._is_digit)
    _sys_exit                                0x08002595   Thumb Code     6  usart.o(i._sys_exit)
    app_env_monitor_start                    0x0800259d   Thumb Code    26  app_env_monitor.o(i.app_env_monitor_start)
    delay_init                               0x080025e5   Thumb Code    42  delay.o(i.delay_init)
    delay_ms                                 0x08002621   Thumb Code    70  delay.o(i.delay_ms)
    delay_us                                 0x08002691   Thumb Code    30  delay.o(i.delay_us)
    fputc                                    0x080030fd   Thumb Code    24  usart.o(i.fputc)
    led_init                                 0x08003119   Thumb Code    44  led.o(i.led_init)
    led_is_on                                0x08003149   Thumb Code    24  led.o(i.led_is_on)
    led_off                                  0x08003165   Thumb Code    10  led.o(i.led_off)
    led_toggle                               0x0800316f   Thumb Code    22  led.o(i.led_toggle)
    main                                     0x080031a9   Thumb Code    44  main.o(i.main)
    __mathlib_powf                           0x0800321d   Thumb Code     0  powf.o(i.powf)
    powf                                     0x0800321d   Thumb Code  1548  powf.o(i.powf)
    pvPortMalloc                             0x08003e1d   Thumb Code   480  heap_4.o(i.pvPortMalloc)
    pxPortInitialiseStack                    0x08004019   Thumb Code    30  port.o(i.pxPortInitialiseStack)
    uart_init                                0x080040b5   Thumb Code   154  usart.o(i.uart_init)
    uxListRemove                             0x08004159   Thumb Code    40  list.o(i.uxListRemove)
    vListInitialise                          0x08004181   Thumb Code    26  list.o(i.vListInitialise)
    vListInitialiseItem                      0x0800419b   Thumb Code     6  list.o(i.vListInitialiseItem)
    vListInsert                              0x080041a1   Thumb Code    52  list.o(i.vListInsert)
    vPortEnterCritical                       0x080041d5   Thumb Code    76  port.o(i.vPortEnterCritical)
    vPortExitCritical                        0x08004229   Thumb Code    56  port.o(i.vPortExitCritical)
    vPortFree                                0x08004265   Thumb Code   174  heap_4.o(i.vPortFree)
    vPortSetupTimerInterrupt                 0x08004325   Thumb Code    22  port.o(i.vPortSetupTimerInterrupt)
    vTaskDelay                               0x0800433d   Thumb Code    82  tasks.o(i.vTaskDelay)
    vTaskStartScheduler                      0x08004399   Thumb Code    96  tasks.o(i.vTaskStartScheduler)
    vTaskSuspendAll                          0x08004409   Thumb Code    12  tasks.o(i.vTaskSuspendAll)
    vTaskSwitchContext                       0x08004419   Thumb Code   126  tasks.o(i.vTaskSwitchContext)
    xPortStartScheduler                      0x080044ad   Thumb Code   228  port.o(i.xPortStartScheduler)
    xTaskCreate                              0x080045a5   Thumb Code    56  tasks.o(i.xTaskCreate)
    xTaskGetSchedulerState                   0x080045dd   Thumb Code    24  tasks.o(i.xTaskGetSchedulerState)
    xTaskGetTickCount                        0x080045fd   Thumb Code     6  tasks.o(i.xTaskGetTickCount)
    xTaskIncrementTick                       0x08004609   Thumb Code   414  tasks.o(i.xTaskIncrementTick)
    xTaskResumeAll                           0x080047d5   Thumb Code   376  tasks.o(i.xTaskResumeAll)
    __aeabi_fadd                             0x08004971   Thumb Code     0  faddsub_clz.o(x$fpl$fadd)
    _fadd                                    0x08004971   Thumb Code   196  faddsub_clz.o(x$fpl$fadd)
    __fpl_fcheck_NaN1                        0x08004a35   Thumb Code     6  fcheck1.o(x$fpl$fcheck1)
    __fpl_fcmp_Inf                           0x08004a41   Thumb Code    24  fcmpi.o(x$fpl$fcmpinf)
    __aeabi_fdiv                             0x08004a59   Thumb Code     0  fdiv.o(x$fpl$fdiv)
    _fdiv                                    0x08004a59   Thumb Code   384  fdiv.o(x$fpl$fdiv)
    __aeabi_f2iz                             0x08004bdd   Thumb Code     0  ffix.o(x$fpl$ffix)
    _ffix                                    0x08004bdd   Thumb Code    54  ffix.o(x$fpl$ffix)
    _ffix_r                                  0x08004c15   Thumb Code    82  ffix.o(x$fpl$ffixr)
    __aeabi_f2uiz                            0x08004c69   Thumb Code     0  ffixu.o(x$fpl$ffixu)
    _ffixu                                   0x08004c69   Thumb Code    62  ffixu.o(x$fpl$ffixu)
    __aeabi_i2f                              0x08004ca9   Thumb Code     0  fflt_clz.o(x$fpl$fflt)
    _fflt                                    0x08004ca9   Thumb Code    48  fflt_clz.o(x$fpl$fflt)
    __aeabi_ui2f                             0x08004cd9   Thumb Code     0  fflt_clz.o(x$fpl$ffltu)
    _ffltu                                   0x08004cd9   Thumb Code    38  fflt_clz.o(x$fpl$ffltu)
    __aeabi_cfcmple                          0x08004d01   Thumb Code     0  fleqf.o(x$fpl$fleqf)
    _fcmple                                  0x08004d01   Thumb Code   104  fleqf.o(x$fpl$fleqf)
    __fpl_fcmple_InfNaN                      0x08004d53   Thumb Code     0  fleqf.o(x$fpl$fleqf)
    __aeabi_fmul                             0x08004d69   Thumb Code     0  fmul.o(x$fpl$fmul)
    _fmul                                    0x08004d69   Thumb Code   258  fmul.o(x$fpl$fmul)
    __fpl_fnaninf                            0x08004e6b   Thumb Code   140  fnaninf.o(x$fpl$fnaninf)
    __fpl_fretinf                            0x08004ef7   Thumb Code    10  fretinf.o(x$fpl$fretinf)
    __aeabi_cfrcmple                         0x08004f01   Thumb Code     0  frleqf.o(x$fpl$frleqf)
    _frcmple                                 0x08004f01   Thumb Code    98  frleqf.o(x$fpl$frleqf)
    __aeabi_frsub                            0x08004f63   Thumb Code     0  faddsub_clz.o(x$fpl$frsb)
    _frsb                                    0x08004f63   Thumb Code    20  faddsub_clz.o(x$fpl$frsb)
    __aeabi_fsub                             0x08004f79   Thumb Code     0  faddsub_clz.o(x$fpl$fsub)
    _fsub                                    0x08004f79   Thumb Code   234  faddsub_clz.o(x$fpl$fsub)
    __fpl_return_NaN                         0x08005063   Thumb Code   100  retnan.o(x$fpl$retnan)
    __ARM_scalbnf                            0x080050c7   Thumb Code    76  scalbnf.o(x$fpl$scalbnf)
    __fpl_cmpreturn                          0x08005113   Thumb Code    48  trapv.o(x$fpl$trapveneer)
    __I$use$fp                               0x08005142   Number         0  usenofp.o(x$fpl$usenofp)
    asc2_0806                                0x0800515a   Data         552  oled.o(.constdata)
    asc2_1206                                0x08005382   Data        1140  oled.o(.constdata)
    asc2_1608                                0x080057f6   Data        1520  oled.o(.constdata)
    asc2_2412                                0x08005de6   Data        3420  oled.o(.constdata)
    Hzk1                                     0x08006b42   Data         352  oled.o(.constdata)
    Hzk2                                     0x08006ca2   Data          72  oled.o(.constdata)
    Hzk3                                     0x08006cea   Data         128  oled.o(.constdata)
    Hzk4                                     0x08006d6a   Data         512  oled.o(.constdata)
    Region$$Table$$Base                      0x080070bc   Number         0  anon$$obj.o(Region$$Table)
    Region$$Table$$Limit                     0x080070dc   Number         0  anon$$obj.o(Region$$Table)
    SystemCoreClock                          0x20000000   Data           4  system_stm32f10x.o(.data)
    AHBPrescTable                            0x20000004   Data          16  system_stm32f10x.o(.data)
    __stdout                                 0x2000002c   Data           4  usart.o(.data)
    USART_RX_STA                             0x20000030   Data           2  usart.o(.data)
    pxCurrentTCB                             0x20000034   Data           4  tasks.o(.data)
    USART_RX_BUF                             0x200000bc   Data         200  usart.o(.bss)
    OLED_GRAM                                0x20002288   Data        1152  oled.o(.bss)
    __libspace_start                         0x20002788   Data          96  libspace.o(.bss)
    __temporary_stack_top$libspace           0x200027e8   Data           0  libspace.o(.bss)



==============================================================================

Memory Map of the image

  Image Entry point : 0x080000ed

  Load Region LR_IROM1 (Base: 0x08000000, Size: 0x00007198, Max: 0x00010000, ABSOLUTE)

    Execution Region ER_IROM1 (Exec base: 0x08000000, Load base: 0x08000000, Size: 0x000070dc, Max: 0x00010000, ABSOLUTE)

    Exec Addr    Load Addr    Size         Type   Attr      Idx    E Section Name        Object

    0x08000000   0x08000000   0x000000ec   Data   RO          416    RESET               startup_stm32f10x_md.o
    0x080000ec   0x080000ec   0x00000008   Code   RO         4978  * !!!main             c_w.l(__main.o)
    0x080000f4   0x080000f4   0x00000034   Code   RO         5244    !!!scatter          c_w.l(__scatter.o)
    0x08000128   0x08000128   0x0000001a   Code   RO         5246    !!handler_copy      c_w.l(__scatter_copy.o)
    0x08000142   0x08000142   0x00000002   PAD
    0x08000144   0x08000144   0x0000001c   Code   RO         5248    !!handler_zi        c_w.l(__scatter_zi.o)
    0x08000160   0x08000160   0x00000000   Code   RO         4963    .ARM.Collect$$_printf_percent$$00000000  c_w.l(_printf_percent.o)
    0x08000160   0x08000160   0x00000006   Code   RO         4962    .ARM.Collect$$_printf_percent$$0000000A  c_w.l(_printf_u.o)
    0x08000166   0x08000166   0x00000006   Code   RO         4961    .ARM.Collect$$_printf_percent$$00000014  c_w.l(_printf_s.o)
    0x0800016c   0x0800016c   0x00000004   Code   RO         5037    .ARM.Collect$$_printf_percent$$00000017  c_w.l(_printf_percent_end.o)
    0x08000170   0x08000170   0x00000002   Code   RO         5113    .ARM.Collect$$libinit$$00000000  c_w.l(libinit.o)
    0x08000172   0x08000172   0x00000000   Code   RO         5123    .ARM.Collect$$libinit$$00000002  c_w.l(libinit2.o)
    0x08000172   0x08000172   0x00000000   Code   RO         5125    .ARM.Collect$$libinit$$00000004  c_w.l(libinit2.o)
    0x08000172   0x08000172   0x00000000   Code   RO         5128    .ARM.Collect$$libinit$$0000000A  c_w.l(libinit2.o)
    0x08000172   0x08000172   0x00000000   Code   RO         5130    .ARM.Collect$$libinit$$0000000C  c_w.l(libinit2.o)
    0x08000172   0x08000172   0x00000000   Code   RO         5132    .ARM.Collect$$libinit$$0000000E  c_w.l(libinit2.o)
    0x08000172   0x08000172   0x00000000   Code   RO         5135    .ARM.Collect$$libinit$$00000011  c_w.l(libinit2.o)
    0x08000172   0x08000172   0x00000000   Code   RO         5137    .ARM.Collect$$libinit$$00000013  c_w.l(libinit2.o)
    0x08000172   0x08000172   0x00000000   Code   RO         5139    .ARM.Collect$$libinit$$00000015  c_w.l(libinit2.o)
    0x08000172   0x08000172   0x00000000   Code   RO         5141    .ARM.Collect$$libinit$$00000017  c_w.l(libinit2.o)
    0x08000172   0x08000172   0x00000000   Code   RO         5143    .ARM.Collect$$libinit$$00000019  c_w.l(libinit2.o)
    0x08000172   0x08000172   0x00000000   Code   RO         5145    .ARM.Collect$$libinit$$0000001B  c_w.l(libinit2.o)
    0x08000172   0x08000172   0x00000000   Code   RO         5147    .ARM.Collect$$libinit$$0000001D  c_w.l(libinit2.o)
    0x08000172   0x08000172   0x00000000   Code   RO         5149    .ARM.Collect$$libinit$$0000001F  c_w.l(libinit2.o)
    0x08000172   0x08000172   0x00000000   Code   RO         5151    .ARM.Collect$$libinit$$00000021  c_w.l(libinit2.o)
    0x08000172   0x08000172   0x00000000   Code   RO         5153    .ARM.Collect$$libinit$$00000023  c_w.l(libinit2.o)
    0x08000172   0x08000172   0x00000000   Code   RO         5155    .ARM.Collect$$libinit$$00000025  c_w.l(libinit2.o)
    0x08000172   0x08000172   0x00000000   Code   RO         5159    .ARM.Collect$$libinit$$0000002C  c_w.l(libinit2.o)
    0x08000172   0x08000172   0x00000000   Code   RO         5161    .ARM.Collect$$libinit$$0000002E  c_w.l(libinit2.o)
    0x08000172   0x08000172   0x00000000   Code   RO         5163    .ARM.Collect$$libinit$$00000030  c_w.l(libinit2.o)
    0x08000172   0x08000172   0x00000000   Code   RO         5165    .ARM.Collect$$libinit$$00000032  c_w.l(libinit2.o)
    0x08000172   0x08000172   0x00000002   Code   RO         5166    .ARM.Collect$$libinit$$00000033  c_w.l(libinit2.o)
    0x08000174   0x08000174   0x00000002   Code   RO         5196    .ARM.Collect$$libshutdown$$00000000  c_w.l(libshutdown.o)
    0x08000176   0x08000176   0x00000000   Code   RO         5210    .ARM.Collect$$libshutdown$$00000002  c_w.l(libshutdown2.o)
    0x08000176   0x08000176   0x00000000   Code   RO         5212    .ARM.Collect$$libshutdown$$00000004  c_w.l(libshutdown2.o)
    0x08000176   0x08000176   0x00000000   Code   RO         5215    .ARM.Collect$$libshutdown$$00000007  c_w.l(libshutdown2.o)
    0x08000176   0x08000176   0x00000000   Code   RO         5218    .ARM.Collect$$libshutdown$$0000000A  c_w.l(libshutdown2.o)
    0x08000176   0x08000176   0x00000000   Code   RO         5220    .ARM.Collect$$libshutdown$$0000000C  c_w.l(libshutdown2.o)
    0x08000176   0x08000176   0x00000000   Code   RO         5223    .ARM.Collect$$libshutdown$$0000000F  c_w.l(libshutdown2.o)
    0x08000176   0x08000176   0x00000002   Code   RO         5224    .ARM.Collect$$libshutdown$$00000010  c_w.l(libshutdown2.o)
    0x08000178   0x08000178   0x00000000   Code   RO         5022    .ARM.Collect$$rtentry$$00000000  c_w.l(__rtentry.o)
    0x08000178   0x08000178   0x00000000   Code   RO         5068    .ARM.Collect$$rtentry$$00000002  c_w.l(__rtentry2.o)
    0x08000178   0x08000178   0x00000006   Code   RO         5080    .ARM.Collect$$rtentry$$00000004  c_w.l(__rtentry4.o)
    0x0800017e   0x0800017e   0x00000000   Code   RO         5070    .ARM.Collect$$rtentry$$00000009  c_w.l(__rtentry2.o)
    0x0800017e   0x0800017e   0x00000004   Code   RO         5071    .ARM.Collect$$rtentry$$0000000A  c_w.l(__rtentry2.o)
    0x08000182   0x08000182   0x00000000   Code   RO         5073    .ARM.Collect$$rtentry$$0000000C  c_w.l(__rtentry2.o)
    0x08000182   0x08000182   0x00000008   Code   RO         5074    .ARM.Collect$$rtentry$$0000000D  c_w.l(__rtentry2.o)
    0x0800018a   0x0800018a   0x00000002   Code   RO         5116    .ARM.Collect$$rtexit$$00000000  c_w.l(rtexit.o)
    0x0800018c   0x0800018c   0x00000000   Code   RO         5170    .ARM.Collect$$rtexit$$00000002  c_w.l(rtexit2.o)
    0x0800018c   0x0800018c   0x00000004   Code   RO         5171    .ARM.Collect$$rtexit$$00000003  c_w.l(rtexit2.o)
    0x08000190   0x08000190   0x00000006   Code   RO         5172    .ARM.Collect$$rtexit$$00000004  c_w.l(rtexit2.o)
    0x08000196   0x08000196   0x00000002   PAD
    0x08000198   0x08000198   0x00000096   Code   RO         4336    .emb_text           port.o
    0x0800022e   0x0800022e   0x00000002   PAD
    0x08000230   0x08000230   0x00000040   Code   RO          417    .text               startup_stm32f10x_md.o
    0x08000270   0x08000270   0x00000002   Code   RO         4921    .text               c_w.l(use_no_semi_2.o)
    0x08000272   0x08000272   0x00000048   Code   RO         4923    .text               c_w.l(llsdiv.o)
    0x080002ba   0x080002ba   0x00000002   PAD
    0x080002bc   0x080002bc   0x00000018   Code   RO         4929    .text               c_w.l(noretval__2printf.o)
    0x080002d4   0x080002d4   0x00000028   Code   RO         4931    .text               c_w.l(noretval__2sprintf.o)
    0x080002fc   0x080002fc   0x0000004e   Code   RO         4935    .text               c_w.l(_printf_pad.o)
    0x0800034a   0x0800034a   0x00000052   Code   RO         4937    .text               c_w.l(_printf_str.o)
    0x0800039c   0x0800039c   0x00000078   Code   RO         4939    .text               c_w.l(_printf_dec.o)
    0x08000414   0x08000414   0x00000188   Code   RO         4958    .text               c_w.l(__printf_flags_ss_wp.o)
    0x0800059c   0x0800059c   0x0000003e   Code   RO         4964    .text               c_w.l(strlen.o)
    0x080005da   0x080005da   0x00000096   Code   RO         4966    .text               c_w.l(strncmp.o)
    0x08000670   0x08000670   0x0000008a   Code   RO         4968    .text               c_w.l(rt_memcpy_v6.o)
    0x080006fa   0x080006fa   0x0000004e   Code   RO         4974    .text               c_w.l(rt_memclr_w.o)
    0x08000748   0x08000748   0x00000006   Code   RO         4976    .text               c_w.l(heapauxi.o)
    0x0800074e   0x0800074e   0x00000002   Code   RO         5020    .text               c_w.l(use_no_semi.o)
    0x08000750   0x08000750   0x000000ee   Code   RO         5023    .text               c_w.l(lludivv7m.o)
    0x0800083e   0x0800083e   0x00000016   Code   RO         5025    .text               c_w.l(_rserrno.o)
    0x08000854   0x08000854   0x000000b2   Code   RO         5027    .text               c_w.l(_printf_intcommon.o)
    0x08000906   0x08000906   0x00000002   PAD
    0x08000908   0x08000908   0x00000030   Code   RO         5029    .text               c_w.l(_printf_char_common.o)
    0x08000938   0x08000938   0x0000000a   Code   RO         5031    .text               c_w.l(_sputc.o)
    0x08000942   0x08000942   0x0000002c   Code   RO         5033    .text               c_w.l(_printf_char.o)
    0x0800096e   0x0800096e   0x00000002   PAD
    0x08000970   0x08000970   0x00000024   Code   RO         5035    .text               c_w.l(_printf_char_file.o)
    0x08000994   0x08000994   0x00000064   Code   RO         5038    .text               c_w.l(rt_memcpy_w.o)
    0x080009f8   0x080009f8   0x00000008   Code   RO         5089    .text               c_w.l(rt_errno_addr_intlibspace.o)
    0x08000a00   0x08000a00   0x00000008   Code   RO         5093    .text               c_w.l(ferror.o)
    0x08000a08   0x08000a08   0x00000008   Code   RO         5099    .text               c_w.l(libspace.o)
    0x08000a10   0x08000a10   0x0000004a   Code   RO         5102    .text               c_w.l(sys_stackheap_outer.o)
    0x08000a5a   0x08000a5a   0x00000012   Code   RO         5106    .text               c_w.l(exit.o)
    0x08000a6c   0x08000a6c   0x0000003c   Code   RO         4749    i.AHT20_Init        aht20.o
    0x08000aa8   0x08000aa8   0x000000f0   Code   RO         4750    i.AHT20_ReadData    aht20.o
    0x08000b98   0x08000b98   0x00000032   Code   RO         4751    i.AHT20_ReadStatus  aht20.o
    0x08000bca   0x08000bca   0x00000020   Code   RO         4752    i.AHT20_WriteCmd3   aht20.o
    0x08000bea   0x08000bea   0x00000002   PAD
    0x08000bec   0x08000bec   0x00000010   Code   RO         4688    i.APP_I2C_ClearAddrFlag  app_i2c.o
    0x08000bfc   0x08000bfc   0x0000007c   Code   RO         4689    i.APP_I2C_Init      app_i2c.o
    0x08000c78   0x08000c78   0x000000b4   Code   RO         4690    i.APP_I2C_Read      app_i2c.o
    0x08000d2c   0x08000d2c   0x00000016   Code   RO         4691    i.APP_I2C_ReadByte  app_i2c.o
    0x08000d42   0x08000d42   0x00000002   PAD
    0x08000d44   0x08000d44   0x00000070   Code   RO         4692    i.APP_I2C_ReadBytes  app_i2c.o
    0x08000db4   0x08000db4   0x00000034   Code   RO         4693    i.APP_I2C_WaitEvent  app_i2c.o
    0x08000de8   0x08000de8   0x0000007c   Code   RO         4694    i.APP_I2C_Write     app_i2c.o
    0x08000e64   0x08000e64   0x00000014   Code   RO         4695    i.APP_I2C_WriteByte  app_i2c.o
    0x08000e78   0x08000e78   0x00000094   Code   RO         4696    i.APP_I2C_WriteBytes  app_i2c.o
    0x08000f0c   0x08000f0c   0x000001e8   Code   RO         4777    i.BMP280_CompensatePress  bmp280.o
    0x080010f4   0x080010f4   0x00000054   Code   RO         4778    i.BMP280_CompensateTemp  bmp280.o
    0x08001148   0x08001148   0x000001a8   Code   RO         4779    i.BMP280_Init       bmp280.o
    0x080012f0   0x080012f0   0x00000088   Code   RO         4780    i.BMP280_ReadData   bmp280.o
    0x08001378   0x08001378   0x00000004   Code   RO          335    i.BusFault_Handler  stm32f10x_it.o
    0x0800137c   0x0800137c   0x00000014   Code   RO         4807    i.DS3231_BcdToDec   ds3231.o
    0x08001390   0x08001390   0x0000001a   Code   RO         4808    i.DS3231_DecToBcd   ds3231.o
    0x080013aa   0x080013aa   0x0000007c   Code   RO         4809    i.DS3231_GetTime    ds3231.o
    0x08001426   0x08001426   0x0000000a   Code   RO         4810    i.DS3231_I2C_Delay  ds3231.o
    0x08001430   0x08001430   0x00000034   Code   RO         4811    i.DS3231_I2C_Init   ds3231.o
    0x08001464   0x08001464   0x00000042   Code   RO         4812    i.DS3231_I2C_ReadByte  ds3231.o
    0x080014a6   0x080014a6   0x00000002   PAD
    0x080014a8   0x080014a8   0x00000014   Code   RO         4813    i.DS3231_I2C_SCL_Clr  ds3231.o
    0x080014bc   0x080014bc   0x00000014   Code   RO         4814    i.DS3231_I2C_SCL_Set  ds3231.o
    0x080014d0   0x080014d0   0x00000014   Code   RO         4815    i.DS3231_I2C_SDA_Clr  ds3231.o
    0x080014e4   0x080014e4   0x00000014   Code   RO         4816    i.DS3231_I2C_SDA_Read  ds3231.o
    0x080014f8   0x080014f8   0x00000014   Code   RO         4817    i.DS3231_I2C_SDA_Set  ds3231.o
    0x0800150c   0x0800150c   0x0000002a   Code   RO         4818    i.DS3231_I2C_SendAck  ds3231.o
    0x08001536   0x08001536   0x0000001c   Code   RO         4819    i.DS3231_I2C_Start  ds3231.o
    0x08001552   0x08001552   0x0000001c   Code   RO         4820    i.DS3231_I2C_Stop   ds3231.o
    0x0800156e   0x0800156e   0x0000003a   Code   RO         4821    i.DS3231_I2C_WaitAck  ds3231.o
    0x080015a8   0x080015a8   0x0000003a   Code   RO         4822    i.DS3231_I2C_WriteByte  ds3231.o
    0x080015e2   0x080015e2   0x0000001e   Code   RO         4823    i.DS3231_Init       ds3231.o
    0x08001600   0x08001600   0x00000076   Code   RO         4824    i.DS3231_ReadBytes  ds3231.o
    0x08001676   0x08001676   0x00000064   Code   RO         4825    i.DS3231_SetTime    ds3231.o
    0x080016da   0x080016da   0x00000054   Code   RO         4826    i.DS3231_WriteBytes  ds3231.o
    0x0800172e   0x0800172e   0x00000002   Code   RO          336    i.EXTI15_10_IRQHandler  stm32f10x_it.o
    0x08001730   0x08001730   0x00000116   Code   RO         1573    i.GPIO_Init         stm32f10x_gpio.o
    0x08001846   0x08001846   0x00000012   Code   RO         1577    i.GPIO_ReadInputDataBit  stm32f10x_gpio.o
    0x08001858   0x08001858   0x00000012   Code   RO         1579    i.GPIO_ReadOutputDataBit  stm32f10x_gpio.o
    0x0800186a   0x0800186a   0x00000004   Code   RO         1580    i.GPIO_ResetBits    stm32f10x_gpio.o
    0x0800186e   0x0800186e   0x00000004   Code   RO         1581    i.GPIO_SetBits      stm32f10x_gpio.o
    0x08001872   0x08001872   0x00000004   Code   RO          337    i.HardFault_Handler  stm32f10x_it.o
    0x08001876   0x08001876   0x00000018   Code   RO         1682    i.I2C_AcknowledgeConfig  stm32f10x_i2c.o
    0x0800188e   0x0800188e   0x0000002a   Code   RO         1684    i.I2C_CheckEvent    stm32f10x_i2c.o
    0x080018b8   0x080018b8   0x00000018   Code   RO         1687    i.I2C_Cmd           stm32f10x_i2c.o
    0x080018d0   0x080018d0   0x00000038   Code   RO         1690    i.I2C_DeInit        stm32f10x_i2c.o
    0x08001908   0x08001908   0x00000018   Code   RO         1694    i.I2C_GenerateSTART  stm32f10x_i2c.o
    0x08001920   0x08001920   0x00000018   Code   RO         1695    i.I2C_GenerateSTOP  stm32f10x_i2c.o
    0x08001938   0x08001938   0x000000ec   Code   RO         1701    i.I2C_Init          stm32f10x_i2c.o
    0x08001a24   0x08001a24   0x00000008   Code   RO         1706    i.I2C_ReceiveData   stm32f10x_i2c.o
    0x08001a2c   0x08001a2c   0x00000012   Code   RO         1708    i.I2C_Send7bitAddress  stm32f10x_i2c.o
    0x08001a3e   0x08001a3e   0x00000004   Code   RO         1709    i.I2C_SendData      stm32f10x_i2c.o
    0x08001a42   0x08001a42   0x00000004   Code   RO          338    i.MemManage_Handler  stm32f10x_it.o
    0x08001a46   0x08001a46   0x00000002   Code   RO          339    i.NMI_Handler       stm32f10x_it.o
    0x08001a48   0x08001a48   0x00000070   Code   RO          422    i.NVIC_Init         misc.o
    0x08001ab8   0x08001ab8   0x00000014   Code   RO          423    i.NVIC_PriorityGroupConfig  misc.o
    0x08001acc   0x08001acc   0x0000000c   Code   RO         4539    i.OLED_Clear        oled.o
    0x08001ad8   0x08001ad8   0x00000028   Code   RO         4540    i.OLED_ClearBuffer  oled.o
    0x08001b00   0x08001b00   0x000000ae   Code   RO         4547    i.OLED_DrawLine     oled.o
    0x08001bae   0x08001bae   0x00000002   PAD
    0x08001bb0   0x08001bb0   0x00000064   Code   RO         4548    i.OLED_DrawPoint    oled.o
    0x08001c14   0x08001c14   0x00000034   Code   RO         4549    i.OLED_I2C_WaitEvent  oled.o
    0x08001c48   0x08001c48   0x00000090   Code   RO         4550    i.OLED_I2C_Write    oled.o
    0x08001cd8   0x08001cd8   0x00000190   Code   RO         4551    i.OLED_Init         oled.o
    0x08001e68   0x08001e68   0x0000005c   Code   RO         4553    i.OLED_Refresh      oled.o
    0x08001ec4   0x08001ec4   0x00000114   Code   RO         4555    i.OLED_ShowChar     oled.o
    0x08001fd8   0x08001fd8   0x00000044   Code   RO         4560    i.OLED_ShowString   oled.o
    0x0800201c   0x0800201c   0x0000001c   Code   RO         4561    i.OLED_WR_Byte      oled.o
    0x08002038   0x08002038   0x00000020   Code   RO         1989    i.RCC_APB1PeriphClockCmd  stm32f10x_rcc.o
    0x08002058   0x08002058   0x00000020   Code   RO         1990    i.RCC_APB1PeriphResetCmd  stm32f10x_rcc.o
    0x08002078   0x08002078   0x00000020   Code   RO         1991    i.RCC_APB2PeriphClockCmd  stm32f10x_rcc.o
    0x08002098   0x08002098   0x000000d4   Code   RO         1999    i.RCC_GetClocksFreq  stm32f10x_rcc.o
    0x0800216c   0x0800216c   0x00000008   Code   RO          380    i.SetSysClock       system_stm32f10x.o
    0x08002174   0x08002174   0x000000e0   Code   RO          381    i.SetSysClockTo72   system_stm32f10x.o
    0x08002254   0x08002254   0x00000028   Code   RO          426    i.SysTick_CLKSourceConfig  misc.o
    0x0800227c   0x0800227c   0x00000034   Code   RO         4337    i.SysTick_Handler   port.o
    0x080022b0   0x080022b0   0x00000060   Code   RO          383    i.SystemInit        system_stm32f10x.o
    0x08002310   0x08002310   0x00000088   Code   RO         3456    i.USART1_IRQHandler  usart.o
    0x08002398   0x08002398   0x00000018   Code   RO         3159    i.USART_Cmd         stm32f10x_usart.o
    0x080023b0   0x080023b0   0x00000054   Code   RO         3163    i.USART_GetITStatus  stm32f10x_usart.o
    0x08002404   0x08002404   0x0000004a   Code   RO         3165    i.USART_ITConfig    stm32f10x_usart.o
    0x0800244e   0x0800244e   0x00000002   PAD
    0x08002450   0x08002450   0x000000d8   Code   RO         3166    i.USART_Init        stm32f10x_usart.o
    0x08002528   0x08002528   0x0000000a   Code   RO         3173    i.USART_ReceiveData  stm32f10x_usart.o
    0x08002532   0x08002532   0x00000004   Code   RO          340    i.UsageFault_Handler  stm32f10x_it.o
    0x08002536   0x08002536   0x00000026   Code   RO         5051    i.__ARM_fpclassifyf  m_ws.l(fpclassifyf.o)
    0x0800255c   0x0800255c   0x0000000a   Code   RO         5053    i.__mathlib_flt_divzero  m_ws.l(funder.o)
    0x08002566   0x08002566   0x00000004   Code   RO         5055    i.__mathlib_flt_infnan2  m_ws.l(funder.o)
    0x0800256a   0x0800256a   0x00000008   Code   RO         5056    i.__mathlib_flt_invalid  m_ws.l(funder.o)
    0x08002572   0x08002572   0x0000000a   Code   RO         5057    i.__mathlib_flt_overflow  m_ws.l(funder.o)
    0x0800257c   0x0800257c   0x0000000a   Code   RO         5059    i.__mathlib_flt_underflow  m_ws.l(funder.o)
    0x08002586   0x08002586   0x0000000e   Code   RO         4951    i._is_digit         c_w.l(__printf_wp.o)
    0x08002594   0x08002594   0x00000006   Code   RO         3457    i._sys_exit         usart.o
    0x0800259a   0x0800259a   0x00000002   PAD
    0x0800259c   0x0800259c   0x0000002c   Code   RO          170    i.app_env_monitor_start  app_env_monitor.o
    0x080025c8   0x080025c8   0x0000001c   Code   RO            1    i.board_init        main.o
    0x080025e4   0x080025e4   0x0000003c   Code   RO         3389    i.delay_init        delay.o
    0x08002620   0x08002620   0x0000004c   Code   RO         3390    i.delay_ms          delay.o
    0x0800266c   0x0800266c   0x00000012   Code   RO         3391    i.delay_os_is_in_irq  delay.o
    0x0800267e   0x0800267e   0x00000012   Code   RO         3392    i.delay_os_is_running  delay.o
    0x08002690   0x08002690   0x0000001e   Code   RO         3393    i.delay_us          delay.o
    0x080026ae   0x080026ae   0x00000002   PAD
    0x080026b0   0x080026b0   0x0000004c   Code   RO         3394    i.delay_us_bare     delay.o
    0x080026fc   0x080026fc   0x00000074   Code   RO         3395    i.delay_us_rtos     delay.o
    0x08002770   0x08002770   0x00000048   Code   RO          171    i.env_monitor_calc_altitude_m  app_env_monitor.o
    0x080027b8   0x080027b8   0x00000048   Code   RO          172    i.env_monitor_calc_weekday  app_env_monitor.o
    0x08002800   0x08002800   0x0000002c   Code   RO          173    i.env_monitor_days_in_month  app_env_monitor.o
    0x0800282c   0x0800282c   0x0000004c   Code   RO          174    i.env_monitor_fetch_uart_line  app_env_monitor.o
    0x08002878   0x08002878   0x0000012c   Code   RO          175    i.env_monitor_handle_uart_command  app_env_monitor.o
    0x080029a4   0x080029a4   0x0000002a   Code   RO          176    i.env_monitor_is_leap_year  app_env_monitor.o
    0x080029ce   0x080029ce   0x00000002   PAD
    0x080029d0   0x080029d0   0x0000011c   Code   RO          177    i.env_monitor_log_uart  app_env_monitor.o
    0x08002aec   0x08002aec   0x00000040   Code   RO          178    i.env_monitor_parse_fixed_uint  app_env_monitor.o
    0x08002b2c   0x08002b2c   0x00000158   Code   RO          179    i.env_monitor_parse_time_command  app_env_monitor.o
    0x08002c84   0x08002c84   0x00000190   Code   RO          180    i.env_monitor_render_homepage  app_env_monitor.o
    0x08002e14   0x08002e14   0x0000007a   Code   RO          181    i.env_monitor_task  app_env_monitor.o
    0x08002e8e   0x08002e8e   0x0000004e   Code   RO          182    i.env_monitor_update_aht20  app_env_monitor.o
    0x08002edc   0x08002edc   0x00000064   Code   RO          183    i.env_monitor_update_bmp280  app_env_monitor.o
    0x08002f40   0x08002f40   0x00000074   Code   RO          184    i.env_monitor_update_rtc  app_env_monitor.o
    0x08002fb4   0x08002fb4   0x00000010   Code   RO            2    i.fatal_blink_forever  main.o
    0x08002fc4   0x08002fc4   0x00000048   Code   RO          185    i.format_pressure_cell  app_env_monitor.o
    0x0800300c   0x0800300c   0x00000084   Code   RO          186    i.format_tagged_signed_1  app_env_monitor.o
    0x08003090   0x08003090   0x00000044   Code   RO          187    i.format_tagged_unsigned_1  app_env_monitor.o
    0x080030d4   0x080030d4   0x00000028   Code   RO          188    i.format_time_hms   app_env_monitor.o
    0x080030fc   0x080030fc   0x0000001c   Code   RO         3458    i.fputc             usart.o
    0x08003118   0x08003118   0x00000030   Code   RO         4498    i.led_init          led.o
    0x08003148   0x08003148   0x0000001c   Code   RO         4499    i.led_is_on         led.o
    0x08003164   0x08003164   0x0000000a   Code   RO         4500    i.led_off           led.o
    0x0800316e   0x0800316e   0x00000016   Code   RO         4502    i.led_toggle        led.o
    0x08003184   0x08003184   0x00000024   Code   RO         4503    i.led_write         led.o
    0x080031a8   0x080031a8   0x00000074   Code   RO            3    i.main              main.o
    0x0800321c   0x0800321c   0x00000620   Code   RO         5011    i.powf              m_ws.l(powf.o)
    0x0800383c   0x0800383c   0x000000cc   Code   RO         3978    i.prvAddCurrentTaskToDelayedList  tasks.o
    0x08003908   0x08003908   0x000000f0   Code   RO         3979    i.prvAddNewTaskToReadyList  tasks.o
    0x080039f8   0x080039f8   0x00000048   Code   RO         3980    i.prvCheckTasksWaitingTermination  tasks.o
    0x08003a40   0x08003a40   0x00000078   Code   RO         3981    i.prvCreateIdleTasks  tasks.o
    0x08003ab8   0x08003ab8   0x0000005a   Code   RO         3982    i.prvCreateTask     tasks.o
    0x08003b12   0x08003b12   0x00000012   Code   RO         3983    i.prvDeleteTCB      tasks.o
    0x08003b24   0x08003b24   0x0000006c   Code   RO         4413    i.prvHeapInit       heap_4.o
    0x08003b90   0x08003b90   0x00000028   Code   RO         3984    i.prvIdleTask       tasks.o
    0x08003bb8   0x08003bb8   0x000000ea   Code   RO         3985    i.prvInitialiseNewTask  tasks.o
    0x08003ca2   0x08003ca2   0x00000002   PAD
    0x08003ca4   0x08003ca4   0x00000068   Code   RO         3986    i.prvInitialiseTaskLists  tasks.o
    0x08003d0c   0x08003d0c   0x000000a0   Code   RO         4414    i.prvInsertBlockIntoFreeList  heap_4.o
    0x08003dac   0x08003dac   0x00000030   Code   RO         3987    i.prvResetNextTaskUnblockTime  tasks.o
    0x08003ddc   0x08003ddc   0x00000040   Code   RO         4338    i.prvTaskExitError  port.o
    0x08003e1c   0x08003e1c   0x000001fc   Code   RO         4416    i.pvPortMalloc      heap_4.o
    0x08004018   0x08004018   0x00000024   Code   RO         4339    i.pxPortInitialiseStack  port.o
    0x0800403c   0x0800403c   0x00000048   Code   RO          189    i.round_signed_1    app_env_monitor.o
    0x08004084   0x08004084   0x00000030   Code   RO          190    i.round_unsigned_1  app_env_monitor.o
    0x080040b4   0x080040b4   0x000000a4   Code   RO         3459    i.uart_init         usart.o
    0x08004158   0x08004158   0x00000028   Code   RO         3595    i.uxListRemove      list.o
    0x08004180   0x08004180   0x0000001a   Code   RO         3596    i.vListInitialise   list.o
    0x0800419a   0x0800419a   0x00000006   Code   RO         3597    i.vListInitialiseItem  list.o
    0x080041a0   0x080041a0   0x00000034   Code   RO         3598    i.vListInsert       list.o
    0x080041d4   0x080041d4   0x00000054   Code   RO         4341    i.vPortEnterCritical  port.o
    0x08004228   0x08004228   0x0000003c   Code   RO         4342    i.vPortExitCritical  port.o
    0x08004264   0x08004264   0x000000c0   Code   RO         4417    i.vPortFree         heap_4.o
    0x08004324   0x08004324   0x00000016   Code   RO         4343    i.vPortSetupTimerInterrupt  port.o
    0x0800433a   0x0800433a   0x00000002   PAD
    0x0800433c   0x0800433c   0x0000005c   Code   RO         3998    i.vTaskDelay        tasks.o
    0x08004398   0x08004398   0x00000070   Code   RO         4012    i.vTaskStartScheduler  tasks.o
    0x08004408   0x08004408   0x00000010   Code   RO         4014    i.vTaskSuspendAll   tasks.o
    0x08004418   0x08004418   0x00000094   Code   RO         4015    i.vTaskSwitchContext  tasks.o
    0x080044ac   0x080044ac   0x000000f8   Code   RO         4345    i.xPortStartScheduler  port.o
    0x080045a4   0x080045a4   0x00000038   Code   RO         4018    i.xTaskCreate       tasks.o
    0x080045dc   0x080045dc   0x00000020   Code   RO         4026    i.xTaskGetSchedulerState  tasks.o
    0x080045fc   0x080045fc   0x0000000c   Code   RO         4027    i.xTaskGetTickCount  tasks.o
    0x08004608   0x08004608   0x000001cc   Code   RO         4029    i.xTaskIncrementTick  tasks.o
    0x080047d4   0x080047d4   0x0000019c   Code   RO         4033    i.xTaskResumeAll    tasks.o
    0x08004970   0x08004970   0x000000c4   Code   RO         4980    x$fpl$fadd          fz_ws.l(faddsub_clz.o)
    0x08004a34   0x08004a34   0x0000000c   Code   RO         5097    x$fpl$fcheck1       fz_ws.l(fcheck1.o)
    0x08004a40   0x08004a40   0x00000018   Code   RO         5040    x$fpl$fcmpinf       fz_ws.l(fcmpi.o)
    0x08004a58   0x08004a58   0x00000184   Code   RO         4987    x$fpl$fdiv          fz_ws.l(fdiv.o)
    0x08004bdc   0x08004bdc   0x00000036   Code   RO         4990    x$fpl$ffix          fz_ws.l(ffix.o)
    0x08004c12   0x08004c12   0x00000002   PAD
    0x08004c14   0x08004c14   0x00000052   Code   RO         4991    x$fpl$ffixr         fz_ws.l(ffix.o)
    0x08004c66   0x08004c66   0x00000002   PAD
    0x08004c68   0x08004c68   0x0000003e   Code   RO         4994    x$fpl$ffixu         fz_ws.l(ffixu.o)
    0x08004ca6   0x08004ca6   0x00000002   PAD
    0x08004ca8   0x08004ca8   0x00000030   Code   RO         4999    x$fpl$fflt          fz_ws.l(fflt_clz.o)
    0x08004cd8   0x08004cd8   0x00000026   Code   RO         4998    x$fpl$ffltu         fz_ws.l(fflt_clz.o)
    0x08004cfe   0x08004cfe   0x00000002   PAD
    0x08004d00   0x08004d00   0x00000068   Code   RO         5004    x$fpl$fleqf         fz_ws.l(fleqf.o)
    0x08004d68   0x08004d68   0x00000102   Code   RO         5006    x$fpl$fmul          fz_ws.l(fmul.o)
    0x08004e6a   0x08004e6a   0x0000008c   Code   RO         5042    x$fpl$fnaninf       fz_ws.l(fnaninf.o)
    0x08004ef6   0x08004ef6   0x0000000a   Code   RO         5044    x$fpl$fretinf       fz_ws.l(fretinf.o)
    0x08004f00   0x08004f00   0x00000062   Code   RO         5008    x$fpl$frleqf        fz_ws.l(frleqf.o)
    0x08004f62   0x08004f62   0x00000014   Code   RO         4981    x$fpl$frsb          fz_ws.l(faddsub_clz.o)
    0x08004f76   0x08004f76   0x00000002   PAD
    0x08004f78   0x08004f78   0x000000ea   Code   RO         4982    x$fpl$fsub          fz_ws.l(faddsub_clz.o)
    0x08005062   0x08005062   0x00000064   Code   RO         5114    x$fpl$retnan        fz_ws.l(retnan.o)
    0x080050c6   0x080050c6   0x0000004c   Code   RO         5048    x$fpl$scalbnf       fz_ws.l(scalbnf.o)
    0x08005112   0x08005112   0x00000030   Code   RO         5167    x$fpl$trapveneer    fz_ws.l(trapv.o)
    0x08005142   0x08005142   0x00000000   Code   RO         5050    x$fpl$usenofp       fz_ws.l(usenofp.o)
    0x08005142   0x08005142   0x00000018   Data   RO          191    .constdata          app_env_monitor.o
    0x0800515a   0x0800515a   0x00001e10   Data   RO         4563    .constdata          oled.o
    0x08006f6a   0x08006f6a   0x00000011   Data   RO         4959    .constdata          c_w.l(__printf_flags_ss_wp.o)
    0x08006f7b   0x08006f7b   0x00000001   PAD
    0x08006f7c   0x08006f7c   0x00000140   Data   RO         5012    .constdata          m_ws.l(powf.o)
    0x080070bc   0x080070bc   0x00000020   Data   RO         5242    Region$$Table       anon$$obj.o


    Execution Region RW_IRAM1 (Exec base: 0x20000000, Load base: 0x080070dc, Size: 0x00002de8, Max: 0x00005000, ABSOLUTE)

    Exec Addr    Load Addr    Size         Type   Attr      Idx    E Section Name        Object

    0x20000000   0x080070dc   0x00000014   Data   RW          384    .data               system_stm32f10x.o
    0x20000014   0x080070f0   0x00000014   Data   RW         2019    .data               stm32f10x_rcc.o
    0x20000028   0x08007104   0x00000004   Data   RW         3396    .data               delay.o
    0x2000002c   0x08007108   0x00000006   Data   RW         3461    .data               usart.o
    0x20000032   0x0800710e   0x00000002   PAD
    0x20000034   0x08007110   0x00000040   Data   RW         4036    .data               tasks.o
    0x20000074   0x08007150   0x0000000c   Data   RW         4346    .data               port.o
    0x20000080   0x0800715c   0x0000001c   Data   RW         4425    .data               heap_4.o
    0x2000009c   0x08007178   0x00000020   Data   RW         4781    .data               bmp280.o
    0x200000bc        -       0x000000c8   Zero   RW         3460    .bss                usart.o
    0x20000184        -       0x00000104   Zero   RW         4035    .bss                tasks.o
    0x20000288        -       0x00002000   Zero   RW         4424    .bss                heap_4.o
    0x20002288        -       0x00000500   Zero   RW         4562    .bss                oled.o
    0x20002788        -       0x00000060   Zero   RW         5100    .bss                c_w.l(libspace.o)
    0x200027e8        -       0x00000200   Zero   RW          415    HEAP                startup_stm32f10x_md.o
    0x200029e8        -       0x00000400   Zero   RW          414    STACK               startup_stm32f10x_md.o


==============================================================================

Image component sizes


      Code (inc. data)   RO Data    RW Data    ZI Data      Debug   Object Name

       382         12          0          0          0       2878   aht20.o
      2590        412         24          0          0     219316   app_env_monitor.o
       798         72          0          0          0       6178   app_i2c.o
      1132        124          0         32          0       3596   bmp280.o
       394         34          0          4          0       6467   delay.o
       944         34          0          0          0      10988   ds3231.o
         0          0          0          0          0       8804   event_groups.o
       968         82          0         28       8192       8407   heap_4.o
       144         14          0          0          0       2254   led.o
       124          0          0          0          0       2541   list.o
       160         72          0          0          0     247043   main.o
       172         22          0          0          0       1953   misc.o
      1386         74       7696          0       1280       9209   oled.o
       716         60          0         12          0       9860   port.o
        64         26        236          0       1536        812   startup_stm32f10x_md.o
       322          0          0          0          0       4137   stm32f10x_gpio.o
       460         20          0          0          0       7269   stm32f10x_i2c.o
        20          0          0          0          0       2353   stm32f10x_it.o
       308         38          0         20          0       4855   stm32f10x_rcc.o
       408          6          0          0          0       4854   stm32f10x_usart.o
       328         28          0         20          0       1957   system_stm32f10x.o
      2510        284          0         64        260      24738   tasks.o
       334         28          0          6        200       4020   usart.o

    ----------------------------------------------------------------------
     14686       1442       7988        188      11468     594489   Object Totals
         0          0         32          0          0          0   (incl. Generated)
        22          0          0          2          0          0   (incl. Padding)

    ----------------------------------------------------------------------

      Code (inc. data)   RO Data    RW Data    ZI Data      Debug   Library Member Name

         8          0          0          0          0         68   __main.o
       392          4         17          0          0         92   __printf_flags_ss_wp.o
        14          0          0          0          0         68   __printf_wp.o
         0          0          0          0          0          0   __rtentry.o
        12          0          0          0          0          0   __rtentry2.o
         6          0          0          0          0          0   __rtentry4.o
        52          8          0          0          0          0   __scatter.o
        26          0          0          0          0          0   __scatter_copy.o
        28          0          0          0          0          0   __scatter_zi.o
        44          0          0          0          0        108   _printf_char.o
        48          6          0          0          0         96   _printf_char_common.o
        36          4          0          0          0         80   _printf_char_file.o
       120         16          0          0          0         92   _printf_dec.o
       178          0          0          0          0         88   _printf_intcommon.o
        78          0          0          0          0        108   _printf_pad.o
         0          0          0          0          0          0   _printf_percent.o
         4          0          0          0          0          0   _printf_percent_end.o
         6          0          0          0          0          0   _printf_s.o
        82          0          0          0          0         80   _printf_str.o
         6          0          0          0          0          0   _printf_u.o
        22          0          0          0          0        100   _rserrno.o
        10          0          0          0          0         68   _sputc.o
        18          0          0          0          0         80   exit.o
         8          0          0          0          0         68   ferror.o
         6          0          0          0          0        152   heapauxi.o
         2          0          0          0          0          0   libinit.o
         2          0          0          0          0          0   libinit2.o
         2          0          0          0          0          0   libshutdown.o
         2          0          0          0          0          0   libshutdown2.o
         8          4          0          0         96         68   libspace.o
        72          0          0          0          0         76   llsdiv.o
       238          0          0          0          0        100   lludivv7m.o
        24          4          0          0          0         84   noretval__2printf.o
        40          6          0          0          0         84   noretval__2sprintf.o
         8          4          0          0          0         68   rt_errno_addr_intlibspace.o
        78          0          0          0          0         80   rt_memclr_w.o
       138          0          0          0          0         68   rt_memcpy_v6.o
       100          0          0          0          0         80   rt_memcpy_w.o
         2          0          0          0          0          0   rtexit.o
        10          0          0          0          0          0   rtexit2.o
        62          0          0          0          0         76   strlen.o
       150          0          0          0          0         80   strncmp.o
        74          0          0          0          0         80   sys_stackheap_outer.o
         2          0          0          0          0         68   use_no_semi.o
         2          0          0          0          0         68   use_no_semi_2.o
       450          8          0          0          0        236   faddsub_clz.o
        12          4          0          0          0         68   fcheck1.o
        24          0          0          0          0         68   fcmpi.o
       388         76          0          0          0         96   fdiv.o
       136          8          0          0          0        168   ffix.o
        62          4          0          0          0         84   ffixu.o
        86          0          0          0          0        136   fflt_clz.o
       104          4          0          0          0         84   fleqf.o
       258          4          0          0          0         84   fmul.o
       140          4          0          0          0         84   fnaninf.o
        10          0          0          0          0         68   fretinf.o
        98          0          0          0          0         68   frleqf.o
       100          0          0          0          0         68   retnan.o
        76          0          0          0          0         68   scalbnf.o
        48          0          0          0          0         68   trapv.o
         0          0          0          0          0          0   usenofp.o
        38          0          0          0          0         68   fpclassifyf.o
        42          0          0          0          0        340   funder.o
      1568         80        320          0          0        224   powf.o

    ----------------------------------------------------------------------
      5880        248        338          0         96       4508   Library Totals
        20          0          1          0          0          0   (incl. Padding)

    ----------------------------------------------------------------------

      Code (inc. data)   RO Data    RW Data    ZI Data      Debug   Library Name

      2220         56         17          0         96       2428   c_w.l
      1992        112          0          0          0       1448   fz_ws.l
      1648         80        320          0          0        632   m_ws.l

    ----------------------------------------------------------------------
      5880        248        338          0         96       4508   Library Totals

    ----------------------------------------------------------------------

==============================================================================


      Code (inc. data)   RO Data    RW Data    ZI Data      Debug   

     20566       1690       8326        188      11564     588281   Grand Totals
     20566       1690       8326        188      11564     588281   ELF Image Totals
     20566       1690       8326        188          0          0   ROM Totals

==============================================================================

    Total RO  Size (Code + RO Data)                28892 (  28.21kB)
    Total RW  Size (RW Data + ZI Data)             11752 (  11.48kB)
    Total ROM Size (Code + RO Data + RW Data)      29080 (  28.40kB)

==============================================================================

